Component: ARM Compiler 5.06 update 6 (build 750) Tool: armlink [4d35ed]

==============================================================================

Section Cross References

    main.o(i.AppObjCreate) refers to event_groups.o(i.xEventGroupCreate) for xEventGroupCreate
    main.o(i.AppObjCreate) refers to main.o(.data) for xCreatedEventGroup
    main.o(i.AppTaskCreate) refers to tasks.o(i.xTaskCreate) for xTaskCreate
    main.o(i.AppTaskCreate) refers to can_thread.o(i.canopen_init) for canopen_init
    main.o(i.AppTaskCreate) refers to timer_stm32.o(i.initTimer) for initTimer
    main.o(i.AppTaskCreate) refers to states.o(i.setState) for setState
    main.o(i.AppTaskCreate) refers to can_stm32.o(i.canInit) for canInit
    main.o(i.AppTaskCreate) refers to epos2_thread.o(i.EPOS2_init) for EPOS2_init
    main.o(i.AppTaskCreate) refers to main.o(.data) for xHandleTask1
    main.o(i.AppTaskCreate) refers to main.o(i.vTaskTask1) for vTaskTask1
    main.o(i.AppTaskCreate) refers to main.o(i.vTaskTask2) for vTaskTask2
    main.o(i.AppTaskCreate) refers to main.o(i.vTaskTask3) for vTaskTask3
    main.o(i.AppTaskCreate) refers to main.o(i.vTaskTask4) for vTaskTask4
    main.o(i.AppTaskCreate) refers to objectdictionary_epos2.o(.data) for _Data
    main.o(i.AppTaskCreate) refers to can_thread.o(.data) for CO_D
    main.o(i.StackOverflowTest) refers to tasks.o(i.vTaskDelay) for vTaskDelay
    main.o(i.TIM_CallBack1) refers to tasks.o(i.xTaskResumeFromISR) for xTaskResumeFromISR
    main.o(i.TIM_CallBack1) refers to main.o(.data) for xHandleTask2
    main.o(i.main) refers to bsp.o(i.bsp_Init) for bsp_Init
    main.o(i.main) refers to main.o(i.AppTaskCreate) for AppTaskCreate
    main.o(i.main) refers to main.o(i.AppObjCreate) for AppObjCreate
    main.o(i.main) refers to tasks.o(i.vTaskStartScheduler) for vTaskStartScheduler
    main.o(i.main) refers to main.o(.bss) for BSPobj
    main.o(i.main) refers to main.o(.data) for BSPHandle
    main.o(i.vApplicationStackOverflowHook) refers to printf5.o(i.__0printf$5) for __2printf
    main.o(i.vTaskTask1) refers to bsp_key.o(i.bsp_GetKey) for bsp_GetKey
    main.o(i.vTaskTask1) refers to port.o(i.vPortEnterCritical) for vPortEnterCritical
    main.o(i.vTaskTask1) refers to printf5.o(i.__0printf$5) for __2printf
    main.o(i.vTaskTask1) refers to tasks.o(i.vTaskList) for vTaskList
    main.o(i.vTaskTask1) refers to tasks.o(i.vTaskGetRunTimeStats) for vTaskGetRunTimeStats
    main.o(i.vTaskTask1) refers to port.o(i.vPortExitCritical) for vPortExitCritical
    main.o(i.vTaskTask1) refers to sdio_sdcard.o(i.SD_ReadDisk) for SD_ReadDisk
    main.o(i.vTaskTask1) refers to sdio_sdcard.o(i.SD_WriteDisk) for SD_WriteDisk
    main.o(i.vTaskTask1) refers to tasks.o(i.vTaskDelay) for vTaskDelay
    main.o(i.vTaskTask2) refers to port.o(i.vPortEnterCritical) for vPortEnterCritical
    main.o(i.vTaskTask2) refers to port.o(i.vPortExitCritical) for vPortExitCritical
    main.o(i.vTaskTask2) refers to tasks.o(i.vTaskDelay) for vTaskDelay
    main.o(i.vTaskTask3) refers to port.o(i.vPortEnterCritical) for vPortEnterCritical
    main.o(i.vTaskTask3) refers to port.o(i.vPortExitCritical) for vPortExitCritical
    main.o(i.vTaskTask3) refers to tasks.o(i.vTaskDelay) for vTaskDelay
    main.o(i.vTaskTask4) refers to bsp_key.o(i.bsp_KeyScan) for bsp_KeyScan
    main.o(i.vTaskTask4) refers to tasks.o(i.vTaskDelay) for vTaskDelay
    sysinfotest.o(i.TIM6_DAC_IRQHandler) refers to stm32f4xx_tim.o(i.TIM_GetITStatus) for TIM_GetITStatus
    sysinfotest.o(i.TIM6_DAC_IRQHandler) refers to stm32f4xx_tim.o(i.TIM_ClearITPendingBit) for TIM_ClearITPendingBit
    sysinfotest.o(i.TIM6_DAC_IRQHandler) refers to sysinfotest.o(.data) for ulHighFrequencyTimerTicks
    bsp.o(i.bsp_Init) refers to misc.o(i.NVIC_PriorityGroupConfig) for NVIC_PriorityGroupConfig
    bsp.o(i.bsp_Init) refers to usartdma.o(i.USARTDMA_FIFO_init) for USARTDMA_FIFO_init
    bsp.o(i.bsp_Init) refers to usartdma.o(i.SetupUSARTDMA_FIFIO) for SetupUSARTDMA_FIFIO
    bsp.o(i.bsp_Init) refers to usartdma.o(i.USARTDMA_Config) for USARTDMA_Config
    bsp.o(i.bsp_Init) refers to usartdma.o(i.USART_DMA_Receive) for USART_DMA_Receive
    bsp.o(i.bsp_Init) refers to bsp_key.o(i.bsp_InitKey) for bsp_InitKey
    bsp.o(i.bsp_Init) refers to led.o(i.LED_Init) for LED_Init
    bsp.o(i.bsp_Init) refers to sdio_sdcard.o(i.SD_Init) for SD_Init
    bsp.o(i.bsp_Init) refers to bsp.o(i.show_sdcard_info) for show_sdcard_info
    bsp.o(i.bsp_Init) refers to usartdma.o(.data) for USARTDMA_FIFOhandle_intr
    bsp.o(i.show_sdcard_info) refers to printf5.o(i.__0printf$5) for __2printf
    bsp.o(i.show_sdcard_info) refers to sdio_sdcard.o(.bss) for SDCardInfo
    led.o(i.LED_Init) refers to stm32f4xx_rcc.o(i.RCC_AHB1PeriphClockCmd) for RCC_AHB1PeriphClockCmd
    led.o(i.LED_Init) refers to stm32f4xx_gpio.o(i.GPIO_Init) for GPIO_Init
    led.o(i.LED_Init) refers to stm32f4xx_gpio.o(i.GPIO_SetBits) for GPIO_SetBits
[...]
    Interpolation_Buffer_Interpolation_Buffer_Underflow_Warning 0x20000172   Data           2  objectdictionary_epos2.o(.data)
    Interpolation_Buffer_Interpolation_Buffer_Overflow_Warning 0x20000174   Data           2  objectdictionary_epos2.o(.data)
    Following_Error_Actual_Value             0x20000176   Data           2  objectdictionary_epos2.o(.data)
    Holding_Brake_Configuration_Brake_Reaction_Rise_Time 0x20000178   Data           2  objectdictionary_epos2.o(.data)
    Holding_Brake_Configuration_Brake_Reaction_Fall_Time 0x2000017a   Data           2  objectdictionary_epos2.o(.data)
    Holding_Brake_Configuration_Brake_Timeout 0x2000017c   Data           2  objectdictionary_epos2.o(.data)
    Standstill_Window_Configuration_Standstill_Window 0x2000017e   Data           2  objectdictionary_epos2.o(.data)
    Standstill_Window_Configuration_Standstill_Window_Time 0x20000180   Data           2  objectdictionary_epos2.o(.data)
    Standstill_Window_Configuration_Standstill_Timeout 0x20000182   Data           2  objectdictionary_epos2.o(.data)
    Sensor_Configuration_Pulse_Number_Incremental_Encoder_1 0x20000184   Data           4  objectdictionary_epos2.o(.data)
    Sensor_Configuration_Position_Sensor_Type 0x20000188   Data           2  objectdictionary_epos2.o(.data)
    Sensor_Configuration_Internal_Absolute_Position_Offset 0x2000018a   Data           2  objectdictionary_epos2.o(.data)
    Sensor_Configuration_Position_Sensor_Polarity 0x2000018c   Data           2  objectdictionary_epos2.o(.data)
    SSI_Encoder_Configuration_SSI_Encoder_Data_Rate 0x2000018e   Data           2  objectdictionary_epos2.o(.data)
    SSI_Encoder_Configuration_SSI_Encoder_Number_of_Data_Bits 0x20000190   Data           2  objectdictionary_epos2.o(.data)
    SSI_Encoder_Configuration_SSI_Encoder_Actual_Position 0x20000194   Data           4  objectdictionary_epos2.o(.data)
    SSI_Encoder_Configuration_SSI_Encoder_Encoding_Type 0x20000198   Data           2  objectdictionary_epos2.o(.data)
    Incremental_Encoder_2_Configuration_Incremental_Encoder_2_Pulse_Number 0x2000019c   Data           4  objectdictionary_epos2.o(.data)
    Incremental_Encoder_2_Configuration_Incremental_Encoder_2_Counter 0x200001a0   Data           4  objectdictionary_epos2.o(.data)
    Incremental_Encoder_2_Configuration_Incremental_Encoder_2_Counter_at_Index_Pulse 0x200001a4   Data           4  objectdictionary_epos2.o(.data)
    Sinus_Incremental_Encoder_2_Configuration_Sinus_Incremental_Encoder_2_Resolution 0x200001a8   Data           4  objectdictionary_epos2.o(.data)
    Sinus_Incremental_Encoder_2_Configuration_Sinus_Incremental_Encoder_2_Actual_Position 0x200001ac   Data           4  objectdictionary_epos2.o(.data)
    Sinus_Incremental_Encoder_2_Configuration_Internal_Sinus_Incremental_Encoder_2_Actual_Angle 0x200001b0   Data           2  objectdictionary_epos2.o(.data)
    Controller_Structure                     0x200001b2   Data           2  objectdictionary_epos2.o(.data)
    Gear_Configuration_Gear_Ratio_Numerator  0x200001b4   Data           4  objectdictionary_epos2.o(.data)
    Gear_Configuration_Gear_Ratio_Denominator 0x200001b8   Data           2  objectdictionary_epos2.o(.data)
    Gear_Configuration_Gear_Maximal_Speed    0x200001bc   Data           4  objectdictionary_epos2.o(.data)
    Internal_SSI_Encoder_Configuration_Internal_SSI_Encoder_State 0x200001c0   Data           2  objectdictionary_epos2.o(.data)
    Internal_SSI_Encoder_Configuration_Internal_SSI_Encoder_Zero_Position_Reference 0x200001c4   Data           4  objectdictionary_epos2.o(.data)
    Digital_Position_Input_Digital_Position_Desired_Value 0x200001c8   Data           4  objectdictionary_epos2.o(.data)
    Digital_Position_Input_Digital_Position_Scaling_Numerator 0x200001cc   Data           2  objectdictionary_epos2.o(.data)
    Digital_Position_Input_Digital_Position_Scaling_Denominator 0x200001ce   Data           2  objectdictionary_epos2.o(.data)
    Digital_Position_Input_Digital_Position_Polarity 0x200001d0   Data           1  objectdictionary_epos2.o(.data)
    Digital_Position_Input_Digital_Position_Offset 0x200001d4   Data           4  objectdictionary_epos2.o(.data)
    Analog_Current_Setpoint_Configuration_Analog_Current_Setpoint_Scaling 0x200001d8   Data           2  objectdictionary_epos2.o(.data)
    Analog_Current_Setpoint_Configuration_Analog_Current_Setpoint_Offset 0x200001da   Data           2  objectdictionary_epos2.o(.data)
    Analog_Current_Setpoint_Configuration_Analog_Current_Setpoint_Notation_Index 0x200001dc   Data           1  objectdictionary_epos2.o(.data)
    Analog_Current_Setpoint_Configuration_Analog_Current_Setpoint 0x200001de   Data           2  objectdictionary_epos2.o(.data)
    Analog_Velocity_Setpoint_Configuration_Analog_Velocity_Setpoint_Scaling 0x200001e0   Data           2  objectdictionary_epos2.o(.data)
    Analog_Velocity_Setpoint_Configuration_Analog_Velocity_Setpoint_Offset 0x200001e4   Data           4  objectdictionary_epos2.o(.data)
    Analog_Velocity_Setpoint_Configuration_Analog_Velocity_Setpoint_Notation_Index 0x200001e8   Data           1  objectdictionary_epos2.o(.data)
    Analog_Velocity_Setpoint_Configuration_Analog_Velocity_Setpoint 0x200001ec   Data           4  objectdictionary_epos2.o(.data)
    Analog_Position_Setpoint_Configuration_Analog_Position_Setpoint_Scaling 0x200001f0   Data           2  objectdictionary_epos2.o(.data)
    Analog_Position_Setpoint_Configuration_Analog_Position_Setpoint_Offset 0x200001f4   Data           4  objectdictionary_epos2.o(.data)
    Analog_Position_Setpoint_Configuration_Analog_Position_Setpoint_Notation_Index 0x200001f8   Data           1  objectdictionary_epos2.o(.data)
    Analog_Position_Setpoint_Configuration_Analog_Position_Setpoint 0x200001fc   Data           4  objectdictionary_epos2.o(.data)
    Internal_P_Autotuning_Parameters_Internal_Cut_off_Frequency_of_Oscillator 0x20000200   Data           2  objectdictionary_epos2.o(.data)
    Internal_P_Autotuning_Parameters_Internal_Target_Amplitude_of_Oscillation 0x20000204   Data           4  objectdictionary_epos2.o(.data)
    Internal_P_Autotuning_Parameters_Internal_Oscillation_Control 0x20000208   Data           2  objectdictionary_epos2.o(.data)
    Internal_P_Autotuning_Values_Internal_Cycle_Duration 0x2000020c   Data           4  objectdictionary_epos2.o(.data)
    Internal_P_Autotuning_Values_Internal_Phase_Delay 0x20000210   Data           4  objectdictionary_epos2.o(.data)
    Internal_P_Autotuning_Values_Internal_Set_Value_Ramp_Current 0x20000214   Data           2  objectdictionary_epos2.o(.data)
    Internal_P_Autotuning_Values_Internal_Actual_Position_Peak_Value 0x20000218   Data           4  objectdictionary_epos2.o(.data)
    Internal_P_Autotuning_Values_Internal_Actual_Value_of_Dynamic_Friction 0x2000021c   Data           4  objectdictionary_epos2.o(.data)
    Internal_P_Autotuning_Values_Internal_Number_of_Oscillation_Cycles 0x20000220   Data           2  objectdictionary_epos2.o(.data)
    Internal_P_Autotuning_Values_Internal_Maximum_Friction_Current 0x20000222   Data           2  objectdictionary_epos2.o(.data)
    Internal_P_Autotuning_Values_Internal_Actual_Position_Peak_Value_Aux 0x20000224   Data           4  objectdictionary_epos2.o(.data)
    Internal_P_Autotuning_Values_Internal_Actual_Position_Peak_Value_Difference 0x20000228   Data           4  objectdictionary_epos2.o(.data)
    Internal_LR_Identification_Internal_LR_Identification_Control 0x2000022c   Data           2  objectdictionary_epos2.o(.data)
    Internal_LR_Identification_Internal_LR_Identification_Current 0x2000022e   Data           2  objectdictionary_epos2.o(.data)
    Internal_LR_Identification_Internal_Resistance 0x20000230   Data           2  objectdictionary_epos2.o(.data)
    Internal_LR_Identification_Internal_Inductivity 0x20000232   Data           2  objectdictionary_epos2.o(.data)
    Internal_LR_Identification_Internal_Frequency 0x20000234   Data           2  objectdictionary_epos2.o(.data)
    Internal_Firmware_Download_Internal_Download_Start 0x20000238   Data           4  objectdictionary_epos2.o(.data)
    Internal_Firmware_Download_Internal_Download_Number_of_SubSections 0x2000023c   Data           2  objectdictionary_epos2.o(.data)
    Internal_Firmware_Download_Internal_Download_Code_SubSection 0x2000023e   Data           1  objectdictionary_epos2.o(.data)
    Internal_Firmware_Download_Internal_Download_Boot_Code_Version 0x20000240   Data           2  objectdictionary_epos2.o(.data)
    Internal_Firmware_Download_Internal_Download_Serial_Number_HighWord 0x20000244   Data           4  objectdictionary_epos2.o(.data)
    Internal_Firmware_Download_Internal_Download_Serial_Number_LowWord 0x20000248   Data           4  objectdictionary_epos2.o(.data)
    Abort_Connection_Option_Code             0x2000024c   Data           2  objectdictionary_epos2.o(.data)
    Controlword                              0x2000024e   Data           2  objectdictionary_epos2.o(.data)
    Statusword                               0x20000250   Data           2  objectdictionary_epos2.o(.data)
    Shutdown_Option_Code                     0x20000252   Data           2  objectdictionary_epos2.o(.data)
    Disable_Operation_Option_Code            0x20000254   Data           2  objectdictionary_epos2.o(.data)
    Fault_Reaction_Option_Code               0x20000256   Data           2  objectdictionary_epos2.o(.data)
    Modes_of_Operation                       0x20000258   Data           1  objectdictionary_epos2.o(.data)
    Modes_of_Operation_Display               0x20000259   Data           1  objectdictionary_epos2.o(.data)
    Position_Demand_Value                    0x2000025c   Data           4  objectdictionary_epos2.o(.data)
    Position_Actual_Value                    0x20000260   Data           4  objectdictionary_epos2.o(.data)
    Max_Following_Error                      0x20000264   Data           4  objectdictionary_epos2.o(.data)
    Position_Window                          0x20000268   Data           4  objectdictionary_epos2.o(.data)
    Position_Window_Time                     0x2000026c   Data           2  objectdictionary_epos2.o(.data)
    Velocity_Sensor_Actual_Value             0x20000270   Data           4  objectdictionary_epos2.o(.data)
    Velocity_Demand_Value                    0x20000274   Data           4  objectdictionary_epos2.o(.data)
    Velocity_Actual_Value                    0x20000278   Data           4  objectdictionary_epos2.o(.data)
    Velocity_Window                          0x2000027c   Data           4  objectdictionary_epos2.o(.data)
    Velocity_Window_Time                     0x20000280   Data           2  objectdictionary_epos2.o(.data)
    Current_Actual_Value                     0x20000282   Data           2  objectdictionary_epos2.o(.data)
    Target_Position                          0x20000284   Data           4  objectdictionary_epos2.o(.data)
    Home_Offset                              0x20000288   Data           4  objectdictionary_epos2.o(.data)
    Software_Position_Limit_Min_Position_Limit 0x2000028c   Data           4  objectdictionary_epos2.o(.data)
    Software_Position_Limit_Max_Position_Limit 0x20000290   Data           4  objectdictionary_epos2.o(.data)
    Max_Profile_Velocity                     0x20000294   Data           4  objectdictionary_epos2.o(.data)
    Profile_Velocity                         0x20000298   Data           4  objectdictionary_epos2.o(.data)
    Profile_Acceleration                     0x2000029c   Data           4  objectdictionary_epos2.o(.data)
    Profile_Deceleration                     0x200002a0   Data           4  objectdictionary_epos2.o(.data)
    QuickStop_Deceleration                   0x200002a4   Data           4  objectdictionary_epos2.o(.data)
    Motion_Profile_Type                      0x200002a8   Data           2  objectdictionary_epos2.o(.data)
    Position_Notation_Index                  0x200002aa   Data           1  objectdictionary_epos2.o(.data)
    Position_Dimension_Index                 0x200002ab   Data           1  objectdictionary_epos2.o(.data)
    Velocity_Notation_Index                  0x200002ac   Data           1  objectdictionary_epos2.o(.data)
    Velocity_Dimension_Index                 0x200002ad   Data           1  objectdictionary_epos2.o(.data)
    Acceleration_Notation_Index              0x200002ae   Data           1  objectdictionary_epos2.o(.data)
    Acceleration_Dimension_Index             0x200002af   Data           1  objectdictionary_epos2.o(.data)
    Homing_Method                            0x200002b0   Data           1  objectdictionary_epos2.o(.data)
    Homing_Speeds_Speed_for_Switch_Search    0x200002b4   Data           4  objectdictionary_epos2.o(.data)
    Homing_Speeds_Speed_for_Zero_Search      0x200002b8   Data           4  objectdictionary_epos2.o(.data)
    Homing_Acceleration                      0x200002bc   Data           4  objectdictionary_epos2.o(.data)
    Interpolation_Sub_Mode_Selection         0x200002c0   Data           2  objectdictionary_epos2.o(.data)
    Interpolation_Time_Period_Interpolation_Time_Periode_Value 0x200002c2   Data           1  objectdictionary_epos2.o(.data)
    Interpolation_Time_Period_Interpolation_Time_Index 0x200002c3   Data           1  objectdictionary_epos2.o(.data)
    Interpolation_Data_Configuration_Maximum_Buffer_Size 0x200002c4   Data           4  objectdictionary_epos2.o(.data)
    Interpolation_Data_Configuration_Actual_Buffer_Size 0x200002c8   Data           4  objectdictionary_epos2.o(.data)
    Interpolation_Data_Configuration_Buffer_Organisation 0x200002cc   Data           1  objectdictionary_epos2.o(.data)
    Interpolation_Data_Configuration_Buffer_Position 0x200002ce   Data           2  objectdictionary_epos2.o(.data)
    Interpolation_Data_Configuration_Size_Of_Data_Record 0x200002d0   Data           1  objectdictionary_epos2.o(.data)
    Interpolation_Data_Configuration_Buffer_Clear 0x200002d1   Data           1  objectdictionary_epos2.o(.data)
    Max_Acceleration                         0x200002d4   Data           4  objectdictionary_epos2.o(.data)
    Current_Control_Parameter_Set_Current_Regulator_P_Gain 0x200002d8   Data           2  objectdictionary_epos2.o(.data)
    Current_Control_Parameter_Set_Current_Regulator_I_Gain 0x200002da   Data           2  objectdictionary_epos2.o(.data)
    Velocity_Control_Parameter_Set_Speed_Regulator_P_Gain 0x200002dc   Data           2  objectdictionary_epos2.o(.data)
    Velocity_Control_Parameter_Set_Speed_Regulator_I_Gain 0x200002de   Data           2  objectdictionary_epos2.o(.data)
    Velocity_Control_Parameter_Set_Compatibility_Entry 0x200002e0   Data           1  objectdictionary_epos2.o(.data)
    Velocity_Control_Parameter_Set_Velocity_Feedforward_Factor_in_Speed_Regulator 0x200002e2   Data           2  objectdictionary_epos2.o(.data)
    Velocity_Control_Parameter_Set_Acceleration_Feedforward_Factor_in_Speed_Regulator 0x200002e4   Data           2  objectdictionary_epos2.o(.data)
    Position_Control_Parameter_Set_Position_Regulator_P_Gain 0x200002e6   Data           2  objectdictionary_epos2.o(.data)
    Position_Control_Parameter_Set_Position_Regulator_I_Gain 0x200002e8   Data           2  objectdictionary_epos2.o(.data)
    Position_Control_Parameter_Set_Position_Regulator_D_Gain 0x200002ea   Data           2  objectdictionary_epos2.o(.data)
    Position_Control_Parameter_Set_Velocity_Feedforward_Factor_in_Position_Regulator 0x200002ec   Data           2  objectdictionary_epos2.o(.data)
    Position_Control_Parameter_Set_Acceleration_Feedforward_Factor_in_Position_Regulator 0x200002ee   Data           2  objectdictionary_epos2.o(.data)
    Target_Velocity                          0x200002f0   Data           4  objectdictionary_epos2.o(.data)
    Motor_Type                               0x200002f4   Data           2  objectdictionary_epos2.o(.data)
    Motor_Data_Continuous_Current_Limit      0x200002f6   Data           2  objectdictionary_epos2.o(.data)
    Motor_Data_Output_Current_Limit          0x200002f8   Data           2  objectdictionary_epos2.o(.data)
    Motor_Data_Pole_Pair_Number              0x200002fa   Data           1  objectdictionary_epos2.o(.data)
    Motor_Data_Maximal_Motor_Speed           0x200002fc   Data           4  objectdictionary_epos2.o(.data)
    Motor_Data_Thermal_Time_Constant_Winding 0x20000300   Data           2  objectdictionary_epos2.o(.data)
    Supported_Drive_Modes                    0x20000304   Data           4  objectdictionary_epos2.o(.data)
    _bDeviceNodeId                           0x20000308   Data           1  objectdictionary_epos2.o(.data)
    _heartBeatTimers                         0x2000030a   Data           4  objectdictionary_epos2.o(.data)
    _obj1000                                 0x20000310   Data           4  objectdictionary_epos2.o(.data)
    _Index1000                               0x20000314   Data          16  objectdictionary_epos2.o(.data)
    _obj1001                                 0x20000324   Data           1  objectdictionary_epos2.o(.data)
    _Index1001                               0x20000328   Data          16  objectdictionary_epos2.o(.data)
    _highestSubIndex_obj1003                 0x20000338   Data           1  objectdictionary_epos2.o(.data)
    _Index1003                               0x2000033c   Data          96  objectdictionary_epos2.o(.data)
    _obj1005                                 0x2000039c   Data           4  objectdictionary_epos2.o(.data)
    _Index1005                               0x200003a0   Data          16  objectdictionary_epos2.o(.data)
    _obj1006                                 0x200003b0   Data           4  objectdictionary_epos2.o(.data)
    _Index1008                               0x200003b4   Data          16  objectdictionary_epos2.o(.data)
    _obj100C                                 0x200003c4   Data           2  objectdictionary_epos2.o(.data)
    _Index100C                               0x200003c8   Data          16  objectdictionary_epos2.o(.data)
    _obj100D                                 0x200003d8   Data           1  objectdictionary_epos2.o(.data)
    _Index100D                               0x200003dc   Data          16  objectdictionary_epos2.o(.data)
    _highestSubIndex_obj1010                 0x200003ec   Data           1  objectdictionary_epos2.o(.data)
    _obj1010_Save_All_Parameters             0x200003f0   Data           4  objectdictionary_epos2.o(.data)
    _Index1010                               0x200003f4   Data          32  objectdictionary_epos2.o(.data)
    _highestSubIndex_obj1011                 0x20000414   Data           1  objectdictionary_epos2.o(.data)
    _obj1011_Restore_All_Default_Parameters  0x20000418   Data           4  objectdictionary_epos2.o(.data)
    _obj1011_Restore_Communication_Default_Parameters 0x2000041c   Data           4  objectdictionary_epos2.o(.data)
    _obj1011_Restore_Application_Default_Parameters 0x20000420   Data           4  objectdictionary_epos2.o(.data)
    _obj1011_Restore_Manufacturer_Defined_Default_Parameters_1 0x20000424   Data           4  objectdictionary_epos2.o(.data)
    _obj1011_Restore_Manufacturer_Defined_Default_Parameters_2 0x20000428   Data           4  objectdictionary_epos2.o(.data)
    _Index1011                               0x2000042c   Data          96  objectdictionary_epos2.o(.data)
    _obj1012                                 0x2000048c   Data           4  objectdictionary_epos2.o(.data)
    _Index1012                               0x20000490   Data          16  objectdictionary_epos2.o(.data)
    _obj1013                                 0x200004a0   Data           4  objectdictionary_epos2.o(.data)
    _Index1013                               0x200004a4   Data          16  objectdictionary_epos2.o(.data)
    _obj1014                                 0x200004b4   Data           4  objectdictionary_epos2.o(.data)
    _Index1014                               0x200004b8   Data          16  objectdictionary_epos2.o(.data)
    _highestSubIndex_obj1016                 0x200004c8   Data           1  objectdictionary_epos2.o(.data)
    _obj1016                                 0x200004cc   Data           8  objectdictionary_epos2.o(.data)
    _Index1016                               0x200004d4   Data          48  objectdictionary_epos2.o(.data)
    _obj1017                                 0x20000504   Data           2  objectdictionary_epos2.o(.data)
    _Index1017                               0x20000508   Data          16  objectdictionary_epos2.o(.data)
    _highestSubIndex_obj1018                 0x20000518   Data           1  objectdictionary_epos2.o(.data)
    _obj1018_Vendor_ID                       0x2000051c   Data           4  objectdictionary_epos2.o(.data)
    _obj1018_Product_Code                    0x20000520   Data           4  objectdictionary_epos2.o(.data)
    _obj1018_Revision_Number                 0x20000524   Data           4  objectdictionary_epos2.o(.data)
    _obj1018_Serial_Number                   0x20000528   Data           4  objectdictionary_epos2.o(.data)
    _Index1018                               0x2000052c   Data          80  objectdictionary_epos2.o(.data)
    _highestSubIndex_obj1020                 0x2000057c   Data           1  objectdictionary_epos2.o(.data)
    _obj1020_Configuration_Date              0x20000580   Data           4  objectdictionary_epos2.o(.data)
    _obj1020_Configuration_Time              0x20000584   Data           4  objectdictionary_epos2.o(.data)
    _Index1020                               0x20000588   Data          48  objectdictionary_epos2.o(.data)
    _highestSubIndex_obj1200                 0x200005b8   Data           1  objectdictionary_epos2.o(.data)
    _obj1200_COB_ID_Client_to_Server_Receive_SDO 0x200005bc   Data           4  objectdictionary_epos2.o(.data)
    _obj1200_COB_ID_Server_to_Client_Transmit_SDO 0x200005c0   Data           4  objectdictionary_epos2.o(.data)
    _Index1200                               0x200005c4   Data          48  objectdictionary_epos2.o(.data)
    _highestSubIndex_obj1280                 0x200005f4   Data           1  objectdictionary_epos2.o(.data)
    _obj1280_COB_ID_Client_to_Server_Transmit_SDO 0x200005f8   Data           4  objectdictionary_epos2.o(.data)
    _obj1280_COB_ID_Server_to_Client_Receive_SDO 0x200005fc   Data           4  objectdictionary_epos2.o(.data)
    _obj1280_Node_ID_of_the_SDO_Server       0x20000600   Data           1  objectdictionary_epos2.o(.data)
    _Index1280                               0x20000604   Data          64  objectdictionary_epos2.o(.data)
    _highestSubIndex_obj1400                 0x20000644   Data           1  objectdictionary_epos2.o(.data)
    _obj1400_COB_ID_used_by_PDO              0x20000648   Data           4  objectdictionary_epos2.o(.data)
    _obj1400_Transmission_Type               0x2000064c   Data           1  objectdictionary_epos2.o(.data)
    _Index1400                               0x20000650   Data          48  objectdictionary_epos2.o(.data)
    _highestSubIndex_obj1401                 0x20000680   Data           1  objectdictionary_epos2.o(.data)
    _obj1401_COB_ID_used_by_PDO              0x20000684   Data           4  objectdictionary_epos2.o(.data)
    _obj1401_Transmission_Type               0x20000688   Data           1  objectdictionary_epos2.o(.data)
    _Index1401                               0x2000068c   Data          48  objectdictionary_epos2.o(.data)
    _highestSubIndex_obj1402                 0x200006bc   Data           1  objectdictionary_epos2.o(.data)
    _obj1402_COB_ID_used_by_PDO              0x200006c0   Data           4  objectdictionary_epos2.o(.data)
    _obj1402_Transmission_Type               0x200006c4   Data           1  objectdictionary_epos2.o(.data)
    _Index1402                               0x200006c8   Data          48  objectdictionary_epos2.o(.data)
    _highestSubIndex_obj1403                 0x200006f8   Data           1  objectdictionary_epos2.o(.data)
    _obj1403_COB_ID_used_by_PDO              0x200006fc   Data           4  objectdictionary_epos2.o(.data)
    _obj1403_Transmission_Type               0x20000700   Data           1  objectdictionary_epos2.o(.data)
    _Index1403                               0x20000704   Data          48  objectdictionary_epos2.o(.data)
    _highestSubIndex_obj1600                 0x20000734   Data           1  objectdictionary_epos2.o(.data)
    _obj1600                                 0x20000738   Data          32  objectdictionary_epos2.o(.data)
    _Index1600                               0x20000758   Data         144  objectdictionary_epos2.o(.data)
    _highestSubIndex_obj1601                 0x200007e8   Data           1  objectdictionary_epos2.o(.data)
    _obj1601                                 0x200007ec   Data          32  objectdictionary_epos2.o(.data)
    _Index1601                               0x2000080c   Data         144  objectdictionary_epos2.o(.data)
    _highestSubIndex_obj1602                 0x2000089c   Data           1  objectdictionary_epos2.o(.data)
    _obj1602                                 0x200008a0   Data          32  objectdictionary_epos2.o(.data)
    _Index1602                               0x200008c0   Data         144  objectdictionary_epos2.o(.data)
    _highestSubIndex_obj1603                 0x20000950   Data           1  objectdictionary_epos2.o(.data)
    _obj1603                                 0x20000954   Data          32  objectdictionary_epos2.o(.data)
    _Index1603                               0x20000974   Data         144  objectdictionary_epos2.o(.data)
    _highestSubIndex_obj1800                 0x20000a04   Data           1  objectdictionary_epos2.o(.data)
    _obj1800_COB_ID_used_by_PDO              0x20000a08   Data           4  objectdictionary_epos2.o(.data)
    _obj1800_Transmission_Type               0x20000a0c   Data           1  objectdictionary_epos2.o(.data)
    _obj1800_Inhibit_Time                    0x20000a0e   Data           2  objectdictionary_epos2.o(.data)
    _Index1800                               0x20000a10   Data          64  objectdictionary_epos2.o(.data)
    _highestSubIndex_obj1801                 0x20000a50   Data           1  objectdictionary_epos2.o(.data)
    _obj1801_COB_ID_used_by_PDO              0x20000a54   Data           4  objectdictionary_epos2.o(.data)
    _obj1801_Transmission_Type               0x20000a58   Data           1  objectdictionary_epos2.o(.data)
    _obj1801_Inhibit_Time                    0x20000a5a   Data           2  objectdictionary_epos2.o(.data)
    _Index1801                               0x20000a5c   Data          64  objectdictionary_epos2.o(.data)
    _highestSubIndex_obj1802                 0x20000a9c   Data           1  objectdictionary_epos2.o(.data)
    _obj1802_COB_ID_used_by_PDO              0x20000aa0   Data           4  objectdictionary_epos2.o(.data)
    _obj1802_Transmission_Type               0x20000aa4   Data           1  objectdictionary_epos2.o(.data)
    _obj1802_Inhibit_Time                    0x20000aa6   Data           2  objectdictionary_epos2.o(.data)
    _Index1802                               0x20000aa8   Data          64  objectdictionary_epos2.o(.data)
    _highestSubIndex_obj1803                 0x20000ae8   Data           1  objectdictionary_epos2.o(.data)
    _obj1803_COB_ID_used_by_PDO              0x20000aec   Data           4  objectdictionary_epos2.o(.data)
    _obj1803_Transmission_Type               0x20000af0   Data           1  objectdictionary_epos2.o(.data)
    _obj1803_Inhibit_Time                    0x20000af2   Data           2  objectdictionary_epos2.o(.data)
    _Index1803                               0x20000af4   Data          64  objectdictionary_epos2.o(.data)
    _highestSubIndex_obj1A00                 0x20000b34   Data           1  objectdictionary_epos2.o(.data)
    _obj1A00                                 0x20000b38   Data          32  objectdictionary_epos2.o(.data)
    _Index1A00                               0x20000b58   Data         144  objectdictionary_epos2.o(.data)
    _highestSubIndex_obj1A01                 0x20000be8   Data           1  objectdictionary_epos2.o(.data)
    _obj1A01                                 0x20000bec   Data          32  objectdictionary_epos2.o(.data)
    _Index1A01                               0x20000c0c   Data         144  objectdictionary_epos2.o(.data)
    _highestSubIndex_obj1A02                 0x20000c9c   Data           1  objectdictionary_epos2.o(.data)
    _obj1A02                                 0x20000ca0   Data          32  objectdictionary_epos2.o(.data)
    _Index1A02                               0x20000cc0   Data         144  objectdictionary_epos2.o(.data)
    _highestSubIndex_obj1A03                 0x20000d50   Data           1  objectdictionary_epos2.o(.data)
    _obj1A03                                 0x20000d54   Data          32  objectdictionary_epos2.o(.data)
    _Index1A03                               0x20000d74   Data         144  objectdictionary_epos2.o(.data)
    _Index2000                               0x20000e04   Data          16  objectdictionary_epos2.o(.data)
    _Index2001                               0x20000e14   Data          16  objectdictionary_epos2.o(.data)
    _Index2002                               0x20000e24   Data          16  objectdictionary_epos2.o(.data)
    _highestSubIndex_obj2003                 0x20000e34   Data           1  objectdictionary_epos2.o(.data)
    _Index2003                               0x20000e38   Data          96  objectdictionary_epos2.o(.data)
    _Index2004                               0x20000e98   Data          16  objectdictionary_epos2.o(.data)
    _Index2005                               0x20000ea8   Data          16  objectdictionary_epos2.o(.data)
    _Index2006                               0x20000eb8   Data          16  objectdictionary_epos2.o(.data)
    _Index2008                               0x20000ec8   Data          16  objectdictionary_epos2.o(.data)
    _Index2009                               0x20000ed8   Data          16  objectdictionary_epos2.o(.data)
    _Index200A                               0x20000ee8   Data          16  objectdictionary_epos2.o(.data)
    _highestSubIndex_obj200C                 0x20000ef8   Data           1  objectdictionary_epos2.o(.data)
    _Index200C                               0x20000efc   Data          80  objectdictionary_epos2.o(.data)
    _Index2010                               0x20000f4c   Data          16  objectdictionary_epos2.o(.data)
    _Index2011                               0x20000f5c   Data          16  objectdictionary_epos2.o(.data)
    _Index2012                               0x20000f6c   Data          16  objectdictionary_epos2.o(.data)
    _Index2013                               0x20000f7c   Data          16  objectdictionary_epos2.o(.data)
    _Index2014                               0x20000f8c   Data          16  objectdictionary_epos2.o(.data)
    _highestSubIndex_obj2015                 0x20000f9c   Data           1  objectdictionary_epos2.o(.data)
    _Index2015                               0x20000fa0   Data          80  objectdictionary_epos2.o(.data)
    _highestSubIndex_obj2016                 0x20000ff0   Data           1  objectdictionary_epos2.o(.data)
    _Index2016                               0x20000ff4   Data          80  objectdictionary_epos2.o(.data)
    _Index2017                               0x20001044   Data          16  objectdictionary_epos2.o(.data)
    _Index2018                               0x20001054   Data          16  objectdictionary_epos2.o(.data)
    _Index2019                               0x20001064   Data          16  objectdictionary_epos2.o(.data)
    _Index201A                               0x20001074   Data          16  objectdictionary_epos2.o(.data)
    _Index201B                               0x20001084   Data          16  objectdictionary_epos2.o(.data)
    _Index2020                               0x20001094   Data          16  objectdictionary_epos2.o(.data)
    _Index2021                               0x200010a4   Data          16  objectdictionary_epos2.o(.data)
    _Index2022                               0x200010b4   Data          16  objectdictionary_epos2.o(.data)
    _Index2023                               0x200010c4   Data          16  objectdictionary_epos2.o(.data)
    _Index2024                               0x200010d4   Data          16  objectdictionary_epos2.o(.data)
    _Index2025                               0x200010e4   Data          16  objectdictionary_epos2.o(.data)
    _highestSubIndex_obj2026                 0x200010f4   Data           1  objectdictionary_epos2.o(.data)
    _Index2026                               0x200010f8   Data          48  objectdictionary_epos2.o(.data)
    _Index2027                               0x20001128   Data          16  objectdictionary_epos2.o(.data)
    _Index2028                               0x20001138   Data          16  objectdictionary_epos2.o(.data)
    _Index2029                               0x20001148   Data          16  objectdictionary_epos2.o(.data)
    _highestSubIndex_obj202C                 0x20001158   Data           1  objectdictionary_epos2.o(.data)
    _Index202C                               0x2000115c   Data          64  objectdictionary_epos2.o(.data)
    _highestSubIndex_obj202D                 0x2000119c   Data           1  objectdictionary_epos2.o(.data)
    _Index202D                               0x200011a0   Data          96  objectdictionary_epos2.o(.data)
    _highestSubIndex_obj202E                 0x20001200   Data           1  objectdictionary_epos2.o(.data)
    _Index202E                               0x20001204   Data         208  objectdictionary_epos2.o(.data)
    _Index2030                               0x200012d4   Data          16  objectdictionary_epos2.o(.data)
    _Index2031                               0x200012e4   Data          16  objectdictionary_epos2.o(.data)
    _Index2062                               0x200012f4   Data          16  objectdictionary_epos2.o(.data)
    _Index2069                               0x20001304   Data          16  objectdictionary_epos2.o(.data)
    _Index206B                               0x20001314   Data          16  objectdictionary_epos2.o(.data)
    _Index206C                               0x20001324   Data          16  objectdictionary_epos2.o(.data)
    _highestSubIndex_obj2070                 0x20001334   Data           1  objectdictionary_epos2.o(.data)
    _Index2070                               0x20001338   Data         160  objectdictionary_epos2.o(.data)
    _highestSubIndex_obj2071                 0x200013d8   Data           1  objectdictionary_epos2.o(.data)
    _Index2071                               0x200013dc   Data          80  objectdictionary_epos2.o(.data)
    _highestSubIndex_obj2074                 0x2000142c   Data           1  objectdictionary_epos2.o(.data)
    _Index2074                               0x20001430   Data         112  objectdictionary_epos2.o(.data)
    _highestSubIndex_obj2078                 0x200014a0   Data           1  objectdictionary_epos2.o(.data)
    _Index2078                               0x200014a4   Data          64  objectdictionary_epos2.o(.data)
    _highestSubIndex_obj2079                 0x200014e4   Data           1  objectdictionary_epos2.o(.data)
    _Index2079                               0x200014e8   Data          96  objectdictionary_epos2.o(.data)
    _highestSubIndex_obj207A                 0x20001548   Data           1  objectdictionary_epos2.o(.data)
    _Index207A                               0x2000154c   Data          96  objectdictionary_epos2.o(.data)
    _highestSubIndex_obj207B                 0x200015ac   Data           1  objectdictionary_epos2.o(.data)
    _Index207B                               0x200015b0   Data          48  objectdictionary_epos2.o(.data)
    _highestSubIndex_obj207C                 0x200015e0   Data           1  objectdictionary_epos2.o(.data)
    _Index207C                               0x200015e4   Data          48  objectdictionary_epos2.o(.data)
    _Index207D                               0x20001614   Data          16  objectdictionary_epos2.o(.data)
    _Index2080                               0x20001624   Data          16  objectdictionary_epos2.o(.data)
    _Index2081                               0x20001634   Data          16  objectdictionary_epos2.o(.data)
    _Index2082                               0x20001644   Data          16  objectdictionary_epos2.o(.data)
    _Index20C1                               0x20001654   Data          16  objectdictionary_epos2.o(.data)
    _highestSubIndex_obj20C4                 0x20001664   Data           1  objectdictionary_epos2.o(.data)
    _Index20C4                               0x20001668   Data          64  objectdictionary_epos2.o(.data)
    _Index20F4                               0x200016a8   Data          16  objectdictionary_epos2.o(.data)
    _highestSubIndex_obj2100                 0x200016b8   Data           1  objectdictionary_epos2.o(.data)
    _Index2100                               0x200016bc   Data          64  objectdictionary_epos2.o(.data)
    _highestSubIndex_obj2101                 0x200016fc   Data           1  objectdictionary_epos2.o(.data)
    _Index2101                               0x20001700   Data          64  objectdictionary_epos2.o(.data)
    _highestSubIndex_obj2210                 0x20001740   Data           1  objectdictionary_epos2.o(.data)
    _Index2210                               0x20001744   Data          80  objectdictionary_epos2.o(.data)
    _highestSubIndex_obj2211                 0x20001794   Data           1  objectdictionary_epos2.o(.data)
    _Index2211                               0x20001798   Data          80  objectdictionary_epos2.o(.data)
    _highestSubIndex_obj2212                 0x200017e8   Data           1  objectdictionary_epos2.o(.data)
    _Index2212                               0x200017ec   Data          64  objectdictionary_epos2.o(.data)
    _highestSubIndex_obj2213                 0x2000182c   Data           1  objectdictionary_epos2.o(.data)
    _Index2213                               0x20001830   Data          64  objectdictionary_epos2.o(.data)
    _Index2220                               0x20001870   Data          16  objectdictionary_epos2.o(.data)
    _highestSubIndex_obj2230                 0x20001880   Data           1  objectdictionary_epos2.o(.data)
    _Index2230                               0x20001884   Data          64  objectdictionary_epos2.o(.data)
    _highestSubIndex_obj2240                 0x200018c4   Data           1  objectdictionary_epos2.o(.data)
    _Index2240                               0x200018c8   Data          48  objectdictionary_epos2.o(.data)
    _highestSubIndex_obj2300                 0x200018f8   Data           1  objectdictionary_epos2.o(.data)
    _Index2300                               0x200018fc   Data          96  objectdictionary_epos2.o(.data)
    _highestSubIndex_obj2301                 0x2000195c   Data           1  objectdictionary_epos2.o(.data)
    _Index2301                               0x20001960   Data          80  objectdictionary_epos2.o(.data)
    _highestSubIndex_obj2302                 0x200019b0   Data           1  objectdictionary_epos2.o(.data)
    _Index2302                               0x200019b4   Data          80  objectdictionary_epos2.o(.data)
    _highestSubIndex_obj2303                 0x20001a04   Data           1  objectdictionary_epos2.o(.data)
    _Index2303                               0x20001a08   Data          80  objectdictionary_epos2.o(.data)
    _highestSubIndex_obj2400                 0x20001a58   Data           1  objectdictionary_epos2.o(.data)
    _Index2400                               0x20001a5c   Data          64  objectdictionary_epos2.o(.data)
    _highestSubIndex_obj2401                 0x20001a9c   Data           1  objectdictionary_epos2.o(.data)
    _Index2401                               0x20001aa0   Data         160  objectdictionary_epos2.o(.data)
    _highestSubIndex_obj2410                 0x20001b40   Data           1  objectdictionary_epos2.o(.data)
    _Index2410                               0x20001b44   Data          48  objectdictionary_epos2.o(.data)
    _highestSubIndex_obj2411                 0x20001b74   Data           1  objectdictionary_epos2.o(.data)
    _Index2411                               0x20001b78   Data          64  objectdictionary_epos2.o(.data)
    _highestSubIndex_obj2FFF                 0x20001bb8   Data           1  objectdictionary_epos2.o(.data)
    _Index2FFF                               0x20001bbc   Data         112  objectdictionary_epos2.o(.data)
    _Index6007                               0x20001c2c   Data          16  objectdictionary_epos2.o(.data)
    _Index6040                               0x20001c3c   Data          16  objectdictionary_epos2.o(.data)
    _Index6041                               0x20001c4c   Data          16  objectdictionary_epos2.o(.data)
    _Index605B                               0x20001c5c   Data          16  objectdictionary_epos2.o(.data)
    _Index605C                               0x20001c6c   Data          16  objectdictionary_epos2.o(.data)
    _Index605E                               0x20001c7c   Data          16  objectdictionary_epos2.o(.data)
    _Index6060                               0x20001c8c   Data          16  objectdictionary_epos2.o(.data)
    _Index6061                               0x20001c9c   Data          16  objectdictionary_epos2.o(.data)
    _Index6062                               0x20001cac   Data          16  objectdictionary_epos2.o(.data)
    _Index6064                               0x20001cbc   Data          16  objectdictionary_epos2.o(.data)
    _Index6065                               0x20001ccc   Data          16  objectdictionary_epos2.o(.data)
    _Index6067                               0x20001cdc   Data          16  objectdictionary_epos2.o(.data)
    _Index6068                               0x20001cec   Data          16  objectdictionary_epos2.o(.data)
    _Index6069                               0x20001cfc   Data          16  objectdictionary_epos2.o(.data)
    _Index606B                               0x20001d0c   Data          16  objectdictionary_epos2.o(.data)
    _Index606C                               0x20001d1c   Data          16  objectdictionary_epos2.o(.data)
    _Index606D                               0x20001d2c   Data          16  objectdictionary_epos2.o(.data)
    _Index606E                               0x20001d3c   Data          16  objectdictionary_epos2.o(.data)
    _Index6078                               0x20001d4c   Data          16  objectdictionary_epos2.o(.data)
    _Index607A                               0x20001d5c   Data          16  objectdictionary_epos2.o(.data)
    _Index607C                               0x20001d6c   Data          16  objectdictionary_epos2.o(.data)
    _highestSubIndex_obj607D                 0x20001d7c   Data           1  objectdictionary_epos2.o(.data)
    _Index607D                               0x20001d80   Data          48  objectdictionary_epos2.o(.data)
    _Index607F                               0x20001db0   Data          16  objectdictionary_epos2.o(.data)
    _Index6081                               0x20001dc0   Data          16  objectdictionary_epos2.o(.data)
    _Index6083                               0x20001dd0   Data          16  objectdictionary_epos2.o(.data)
    _Index6084                               0x20001de0   Data          16  objectdictionary_epos2.o(.data)
    _Index6085                               0x20001df0   Data          16  objectdictionary_epos2.o(.data)
    _Index6086                               0x20001e00   Data          16  objectdictionary_epos2.o(.data)
    _Index6089                               0x20001e10   Data          16  objectdictionary_epos2.o(.data)
    _Index608A                               0x20001e20   Data          16  objectdictionary_epos2.o(.data)
    _Index608B                               0x20001e30   Data          16  objectdictionary_epos2.o(.data)
    _Index608C                               0x20001e40   Data          16  objectdictionary_epos2.o(.data)
    _Index608D                               0x20001e50   Data          16  objectdictionary_epos2.o(.data)
    _Index608E                               0x20001e60   Data          16  objectdictionary_epos2.o(.data)
    _Index6098                               0x20001e70   Data          16  objectdictionary_epos2.o(.data)
    _highestSubIndex_obj6099                 0x20001e80   Data           1  objectdictionary_epos2.o(.data)
    _Index6099                               0x20001e84   Data          48  objectdictionary_epos2.o(.data)
    _Index609A                               0x20001eb4   Data          16  objectdictionary_epos2.o(.data)
    _Index60C0                               0x20001ec4   Data          16  objectdictionary_epos2.o(.data)
    _highestSubIndex_obj60C2                 0x20001ed4   Data           1  objectdictionary_epos2.o(.data)
    _Index60C2                               0x20001ed8   Data          48  objectdictionary_epos2.o(.data)
    _highestSubIndex_obj60C4                 0x20001f08   Data           1  objectdictionary_epos2.o(.data)
    _Index60C4                               0x20001f0c   Data         112  objectdictionary_epos2.o(.data)
    _Index60C5                               0x20001f7c   Data          16  objectdictionary_epos2.o(.data)
    _highestSubIndex_obj60F6                 0x20001f8c   Data           1  objectdictionary_epos2.o(.data)
    _Index60F6                               0x20001f90   Data          48  objectdictionary_epos2.o(.data)
    _highestSubIndex_obj60F9                 0x20001fc0   Data           1  objectdictionary_epos2.o(.data)
    _Index60F9                               0x20001fc4   Data          96  objectdictionary_epos2.o(.data)
    _highestSubIndex_obj60FB                 0x20002024   Data           1  objectdictionary_epos2.o(.data)
    _Index60FB                               0x20002028   Data          96  objectdictionary_epos2.o(.data)
    _Index60FF                               0x20002088   Data          16  objectdictionary_epos2.o(.data)
    _Index6402                               0x20002098   Data          16  objectdictionary_epos2.o(.data)
    _highestSubIndex_obj6410                 0x200020a8   Data           1  objectdictionary_epos2.o(.data)
    _Index6410                               0x200020ac   Data          96  objectdictionary_epos2.o(.data)
    _Index6502                               0x2000210c   Data          16  objectdictionary_epos2.o(.data)
    _PDO_status                              0x2000211c   Data          72  objectdictionary_epos2.o(.data)
    _Data                                    0x20002164   Data         576  objectdictionary_epos2.o(.data)
    pxCurrentTCB                             0x200023a4   Data           4  tasks.o(.data)
    TimerAlarm_CAN                           0x20002420   Data           4  timer_stm32.o(.data)
    TimerCounter_CAN                         0x20002424   Data           4  timer_stm32.o(.data)
    last_time_set                            0x20002428   Data           4  timer_stm32.o(.data)
    total_sleep_time                         0x2000242c   Data           4  timer.o(.data)
    last_timer_raw                           0x20002430   Data           2  timer.o(.data)
    tdcount                                  0x20002434   Data           4  timer.o(.data)
    __stdout                                 0x20002448   Data           4  stdout.o(.data)
    BSPobj                                   0x2000244c   Data          28  main.o(.bss)
    USARTDMA_FIFObuf                         0x20002468   Data        1024  usartdma.o(.bss)
    USARTDMA_FIFOframe                       0x20002868   Data          64  usartdma.o(.bss)
    SDIO_InitStructure                       0x200028e8   Data          24  sdio_sdcard.o(.bss)
    SDIO_CmdInitStructure                    0x20002900   Data          20  sdio_sdcard.o(.bss)
    SDIO_DataInitStructure                   0x20002914   Data          24  sdio_sdcard.o(.bss)
    SDCardInfo                               0x20002950   Data          88  sdio_sdcard.o(.bss)
    SDIO_DATA_BUFFER                         0x200029a8   Data         512  sdio_sdcard.o(.bss)
    _obj1003                                 0x20002ba8   Data          20  objectdictionary_epos2.o(.bss)
    _obj1008                                 0x20002bbc   Data          10  objectdictionary_epos2.o(.bss)
    ObjDict_Index1280_callbacks              0x20002bc8   Data          16  objectdictionary_epos2.o(.bss)
    CAN_InitStructure                        0x2000a4dc   Data          12  can_stm32.o(.bss)
    CAN_FilterInitStructure                  0x2000a4e8   Data          14  can_stm32.o(.bss)
    timers                                   0x2000a4f8   Data         192  timer.o(.bss)
    __initial_sp                             0x2000b5b8   Data           0  startup_stm32f40xx.o(STACK)



==============================================================================

Memory Map of the image

  Image Entry point : 0x08000189

  Load Region LR_IROM1 (Base: 0x08000000, Size: 0x0000e9f8, Max: 0x00080000, ABSOLUTE, COMPRESSED[0x0000ce3c])

    Execution Region ER_IROM1 (Exec base: 0x08000000, Load base: 0x08000000, Size: 0x0000c5ac, Max: 0x00080000, ABSOLUTE)

    Exec Addr    Load Addr    Size         Type   Attr      Idx    E Section Name        Object

    0x08000000   0x08000000   0x00000188   Data   RO         1244    RESET               startup_stm32f40xx.o
    0x08000188   0x08000188   0x00000000   Code   RO         7982  * .ARM.Collect$$$$00000000  mc_w.l(entry.o)
    0x08000188   0x08000188   0x00000004   Code   RO         8258    .ARM.Collect$$$$00000001  mc_w.l(entry2.o)
    0x0800018c   0x0800018c   0x00000004   Code   RO         8261    .ARM.Collect$$$$00000004  mc_w.l(entry5.o)
    0x08000190   0x08000190   0x00000000   Code   RO         8263    .ARM.Collect$$$$00000008  mc_w.l(entry7b.o)
    0x08000190   0x08000190   0x00000000   Code   RO         8265    .ARM.Collect$$$$0000000A  mc_w.l(entry8b.o)
    0x08000190   0x08000190   0x00000008   Code   RO         8266    .ARM.Collect$$$$0000000B  mc_w.l(entry9a.o)
    0x08000198   0x08000198   0x00000000   Code   RO         8268    .ARM.Collect$$$$0000000D  mc_w.l(entry10a.o)
    0x08000198   0x08000198   0x00000000   Code   RO         8270    .ARM.Collect$$$$0000000F  mc_w.l(entry11a.o)
    0x08000198   0x08000198   0x00000004   Code   RO         8259    .ARM.Collect$$$$00002712  mc_w.l(entry2.o)
    0x0800019c   0x0800019c   0x00000010   Code   RO          348    .emb_text           sys.o
    0x080001ac   0x080001ac   0x000000b6   Code   RO         2075    .emb_text           port.o
    0x08000262   0x08000262   0x00000002   PAD
    0x08000264   0x08000264   0x00000024   Code   RO         1245    .text               startup_stm32f40xx.o
    0x08000288   0x08000288   0x00000024   Code   RO         7985    .text               mc_w.l(memcpya.o)
    0x080002ac   0x080002ac   0x00000024   Code   RO         7987    .text               mc_w.l(memseta.o)
    0x080002d0   0x080002d0   0x0000000e   Code   RO         7989    .text               mc_w.l(strlen.o)
    0x080002de   0x080002de   0x0000001a   Code   RO         7991    .text               mc_w.l(memcmp.o)
    0x080002f8   0x080002f8   0x00000012   Code   RO         7993    .text               mc_w.l(strcpy.o)
    0x0800030a   0x0800030a   0x00000062   Code   RO         8275    .text               mc_w.l(uldiv.o)
    0x0800036c   0x0800036c   0x00000024   Code   RO         8288    .text               mc_w.l(init.o)
    0x08000390   0x08000390   0x0000001e   Code   RO         8290    .text               mc_w.l(llshl.o)
    0x080003ae   0x080003ae   0x00000020   Code   RO         8292    .text               mc_w.l(llushr.o)
    0x080003ce   0x080003ce   0x00000056   Code   RO         8306    .text               mc_w.l(__dczerorl2.o)
    0x08000424   0x08000424   0x00000010   Code   RO            4    i.AppObjCreate      main.o
    0x08000434   0x08000434   0x000000e8   Code   RO            5    i.AppTaskCreate     main.o
    0x0800051c   0x0800051c   0x00000004   Code   RO         1091    i.BusFault_Handler  stm32f4xx_it.o
    0x08000520   0x08000520   0x00000074   Code   RO         1092    i.CAN1_RX0_IRQHandler  stm32f4xx_it.o
    0x08000594   0x08000594   0x0000005c   Code   RO         1093    i.CAN2_RX0_IRQHandler  stm32f4xx_it.o
    0x080005f0   0x080005f0   0x00000038   Code   RO         3278    i.CAN_DeInit        stm32f4xx_can.o
    0x08000628   0x08000628   0x00000108   Code   RO         3280    i.CAN_FilterInit    stm32f4xx_can.o
    0x08000730   0x08000730   0x00000012   Code   RO         3286    i.CAN_ITConfig      stm32f4xx_can.o
    0x08000742   0x08000742   0x00000114   Code   RO         3287    i.CAN_Init          stm32f4xx_can.o
    0x08000856   0x08000856   0x000000f0   Code   RO         3290    i.CAN_Receive       stm32f4xx_can.o
    0x08000946   0x08000946   0x00000002   PAD
    0x08000948   0x08000948   0x00000034   Code   RO         3291    i.CAN_SlaveStartBank  stm32f4xx_can.o
    0x0800097c   0x0800097c   0x00000020   Code   RO         3293    i.CAN_StructInit    stm32f4xx_can.o
    0x0800099c   0x0800099c   0x00000126   Code   RO         3295    i.CAN_Transmit      stm32f4xx_can.o
    0x08000ac2   0x08000ac2   0x00000030   Code   RO          734    i.CmdError          sdio_sdcard.o
    0x08000af2   0x08000af2   0x00000002   PAD
    0x08000af4   0x08000af4   0x00000064   Code   RO          735    i.CmdResp1Error     sdio_sdcard.o
    0x08000b58   0x08000b58   0x00000054   Code   RO          736    i.CmdResp2Error     sdio_sdcard.o
    0x08000bac   0x08000bac   0x00000038   Code   RO          737    i.CmdResp3Error     sdio_sdcard.o
    0x08000be4   0x08000be4   0x00000094   Code   RO          738    i.CmdResp6Error     sdio_sdcard.o
    0x08000c78   0x08000c78   0x0000004c   Code   RO          739    i.CmdResp7Error     sdio_sdcard.o
    0x08000cc4   0x08000cc4   0x00000032   Code   RO         2337    i.ConsumerHeartbeatAlarm  lifegrd.o
    0x08000cf6   0x08000cf6   0x000000ec   Code   RO         2532    i.CopyBits          pdo.o
    0x08000de2   0x08000de2   0x00000002   PAD
    0x08000de4   0x08000de4   0x00000040   Code   RO          490    i.DMA2_Stream5_IRQHandler  usartdma.o
    0x08000e24   0x08000e24   0x0000005c   Code   RO          491    i.DMA2_Stream7_IRQHandler  usartdma.o
    0x08000e80   0x08000e80   0x00000034   Code   RO         4053    i.DMA_ClearFlag     stm32f4xx_dma.o
    0x08000eb4   0x08000eb4   0x00000034   Code   RO         4054    i.DMA_ClearITPendingBit  stm32f4xx_dma.o
    0x08000ee8   0x08000ee8   0x00000016   Code   RO         4055    i.DMA_Cmd           stm32f4xx_dma.o
    0x08000efe   0x08000efe   0x00000002   PAD
    0x08000f00   0x08000f00   0x000000ec   Code   RO          492    i.DMA_Config        usartdma.o
    0x08000fec   0x08000fec   0x00000158   Code   RO         4056    i.DMA_DeInit        stm32f4xx_dma.o
    0x08001144   0x08001144   0x00000016   Code   RO         4059    i.DMA_FlowControllerConfig  stm32f4xx_dma.o
    0x0800115a   0x0800115a   0x00000014   Code   RO         4060    i.DMA_GetCmdStatus  stm32f4xx_dma.o
    0x0800116e   0x0800116e   0x00000002   PAD
    0x08001170   0x08001170   0x00000064   Code   RO         4065    i.DMA_GetITStatus   stm32f4xx_dma.o
    0x080011d4   0x080011d4   0x0000003a   Code   RO         4066    i.DMA_ITConfig      stm32f4xx_dma.o
    0x0800120e   0x0800120e   0x00000002   PAD
    0x08001210   0x08001210   0x00000058   Code   RO         4067    i.DMA_Init          stm32f4xx_dma.o
    0x08001268   0x08001268   0x00000004   Code   RO         4070    i.DMA_SetCurrDataCounter  stm32f4xx_dma.o
    0x0800126c   0x0800126c   0x00000004   Code   RO          493    i.DMA_SetMemoryBaseAddr  usartdma.o
    0x08001270   0x08001270   0x0000002a   Code   RO          494    i.DMA_Transfer_Config  usartdma.o
    0x0800129a   0x0800129a   0x00000002   Code   RO         1094    i.DebugMon_Handler  stm32f4xx_it.o
    0x0800129c   0x0800129c   0x00000038   Code   RO         2946    i.DelAlarm          timer.o
    0x080012d4   0x080012d4   0x00000064   Code   RO          999    i.EPOS2_init        epos2_thread.o
    0x08001338   0x08001338   0x00000094   Code   RO         1000    i.EPOS2init_thread  epos2_thread.o
    0x080013cc   0x080013cc   0x00000194   Code   RO          740    i.FindSCR           sdio_sdcard.o
    0x08001560   0x08001560   0x00000090   Code   RO         4855    i.GPIO_Init         stm32f4xx_gpio.o
    0x080015f0   0x080015f0   0x00000046   Code   RO         4856    i.GPIO_PinAFConfig  stm32f4xx_gpio.o
    0x08001636   0x08001636   0x00000004   Code   RO         4863    i.GPIO_SetBits      stm32f4xx_gpio.o
    0x0800163a   0x0800163a   0x00000054   Code   RO         2633    i.GetSDOClientFromNodeId  sdo.o
    0x0800168e   0x0800168e   0x00000076   Code   RO         2338    i.GuardTimeAlarm    lifegrd.o
    0x08001704   0x08001704   0x00000098   Code   RO          496    i.Handle_FIFO       usartdma.o
    0x0800179c   0x0800179c   0x00000004   Code   RO         1095    i.HardFault_Handler  stm32f4xx_it.o
    0x080017a0   0x080017a0   0x000000a0   Code   RO          741    i.IsCardProgramming  sdio_sdcard.o
    0x08001840   0x08001840   0x00000018   Code   RO          636    i.IsKeyDown0        bsp_key.o
    0x08001858   0x08001858   0x00000018   Code   RO          637    i.IsKeyDown1        bsp_key.o
    0x08001870   0x08001870   0x00000018   Code   RO          638    i.IsKeyDownWU       bsp_key.o
    0x08001888   0x08001888   0x0000003c   Code   RO          457    i.LED_Init          led.o
    0x080018c4   0x080018c4   0x00000004   Code   RO         1096    i.MemManage_Handler  stm32f4xx_it.o
    0x080018c8   0x080018c8   0x00000002   Code   RO         1097    i.NMI_Handler       stm32f4xx_it.o
    0x080018ca   0x080018ca   0x00000002   PAD
    0x080018cc   0x080018cc   0x00000078   Code   RO         2980    i.NVIC_Init         misc.o
    0x08001944   0x08001944   0x00000014   Code   RO         2981    i.NVIC_PriorityGroupConfig  misc.o
    0x08001958   0x08001958   0x00000012   Code   RO         2886    i.OnCOB_ID_SyncUpdate  sync.o
    0x0800196a   0x0800196a   0x00000002   PAD
    0x0800196c   0x0800196c   0x00000048   Code   RO         2339    i.OnHeartbeatProducerUpdate  lifegrd.o
    0x080019b4   0x080019b4   0x00000018   Code   RO         2340    i.OnNodeGuardUpdate  lifegrd.o
    0x080019cc   0x080019cc   0x0000002c   Code   RO         2281    i.OnNumberOfErrorsUpdate  emcy.o
    0x080019f8   0x080019f8   0x0000002e   Code   RO         2535    i.PDOEventTimerAlarm  pdo.o
    0x08001a26   0x08001a26   0x00000038   Code   RO         2536    i.PDOInhibitTimerAlarm  pdo.o
    0x08001a5e   0x08001a5e   0x00000002   PAD
    0x08001a60   0x08001a60   0x00000058   Code   RO         2537    i.PDOInit           pdo.o
    0x08001ab8   0x08001ab8   0x00000078   Code   RO         2538    i.PDOStop           pdo.o
    0x08001b30   0x08001b30   0x00000048   Code   RO         2341    i.ProducerHeartbeatAlarm  lifegrd.o
    0x08001b78   0x08001b78   0x00000020   Code   RO         5781    i.RCC_AHB1PeriphClockCmd  stm32f4xx_rcc.o
    0x08001b98   0x08001b98   0x00000020   Code   RO         5790    i.RCC_APB1PeriphClockCmd  stm32f4xx_rcc.o
    0x08001bb8   0x08001bb8   0x00000020   Code   RO         5792    i.RCC_APB1PeriphResetCmd  stm32f4xx_rcc.o
    0x08001bd8   0x08001bd8   0x00000020   Code   RO         5793    i.RCC_APB2PeriphClockCmd  stm32f4xx_rcc.o
    0x08001bf8   0x08001bf8   0x00000020   Code   RO         5795    i.RCC_APB2PeriphResetCmd  stm32f4xx_rcc.o
    0x08001c18   0x08001c18   0x000000e8   Code   RO         5802    i.RCC_GetClocksFreq  stm32f4xx_rcc.o
    0x08001d00   0x08001d00   0x00000032   Code   RO         2496    i.RegisterSetODentryCallBack  objacces.o
    0x08001d32   0x08001d32   0x00000002   PAD
    0x08001d34   0x08001d34   0x000000ac   Code   RO          742    i.SDEnWideBus       sdio_sdcard.o
    0x08001de0   0x08001de0   0x0000000c   Code   RO         6715    i.SDIO_ClearFlag    stm32f4xx_sdio.o
    0x08001dec   0x08001dec   0x00000014   Code   RO          743    i.SDIO_Clock_Set    sdio_sdcard.o
    0x08001e00   0x08001e00   0x00000034   Code   RO         6721    i.SDIO_DataConfig   stm32f4xx_sdio.o
    0x08001e34   0x08001e34   0x00000018   Code   RO         6727    i.SDIO_GetFlagStatus  stm32f4xx_sdio.o
    0x08001e4c   0x08001e4c   0x00000010   Code   RO         6729    i.SDIO_GetPowerState  stm32f4xx_sdio.o
    0x08001e5c   0x08001e5c   0x00000008   Code   RO          744    i.SDIO_IRQHandler   sdio_sdcard.o
    0x08001e64   0x08001e64   0x00000030   Code   RO         6732    i.SDIO_Init         stm32f4xx_sdio.o
    0x08001e94   0x08001e94   0x00000038   Code   RO          745    i.SDIO_Register_Deinit  sdio_sdcard.o
    0x08001ecc   0x08001ecc   0x0000002c   Code   RO         6735    i.SDIO_SendCommand  stm32f4xx_sdio.o
    0x08001ef8   0x08001ef8   0x0000000c   Code   RO         6737    i.SDIO_SetPowerState  stm32f4xx_sdio.o
    0x08001f04   0x08001f04   0x00000130   Code   RO         2634    i.SDOTimeoutAlarm   sdo.o
    0x08002034   0x08002034   0x000000ac   Code   RO         2635    i.SDOlineToObjdict  sdo.o
    0x080020e0   0x080020e0   0x00000086   Code   RO         2636    i.SDOtoLine         sdo.o
    0x08002166   0x08002166   0x00000002   PAD
    0x08002168   0x08002168   0x00000080   Code   RO          746    i.SD_DMA_Config     sdio_sdcard.o
    0x080021e8   0x080021e8   0x00000068   Code   RO          747    i.SD_EnableWideBusOperation  sdio_sdcard.o
    0x08002250   0x08002250   0x00000314   Code   RO          748    i.SD_GetCardInfo    sdio_sdcard.o
    0x08002564   0x08002564   0x00000118   Code   RO          750    i.SD_Init           sdio_sdcard.o
    0x0800267c   0x0800267c   0x00000164   Code   RO          751    i.SD_InitializeCards  sdio_sdcard.o
    0x080027e0   0x080027e0   0x000001e4   Code   RO          753    i.SD_PowerON        sdio_sdcard.o
    0x080029c4   0x080029c4   0x00000154   Code   RO          754    i.SD_ProcessIRQSrc  sdio_sdcard.o
    0x08002b18   0x08002b18   0x00000268   Code   RO          755    i.SD_ReadBlock      sdio_sdcard.o
    0x08002d80   0x08002d80   0x000000a0   Code   RO          756    i.SD_ReadDisk       sdio_sdcard.o
    0x08002e20   0x08002e20   0x000002f4   Code   RO          757    i.SD_ReadMultiBlocks  sdio_sdcard.o
    0x08003114   0x08003114   0x00000030   Code   RO          758    i.SD_SelectDeselect  sdio_sdcard.o
    0x08003144   0x08003144   0x00000018   Code   RO          760    i.SD_SetDeviceMode  sdio_sdcard.o
    0x0800315c   0x0800315c   0x00000388   Code   RO          761    i.SD_WriteBlock     sdio_sdcard.o
    0x080034e4   0x080034e4   0x000000a0   Code   RO          762    i.SD_WriteDisk      sdio_sdcard.o
    0x08003584   0x08003584   0x000003d0   Code   RO          763    i.SD_WriteMultiBlocks  sdio_sdcard.o
    0x08003954   0x08003954   0x000000b8   Code   RO         2947    i.SetAlarm          timer.o
    0x08003a0c   0x08003a0c   0x000000ec   Code   RO         1204    i.SetSysClock       system_stm32f4xx.o
    0x08003af8   0x08003af8   0x00000028   Code   RO          498    i.SetupUSARTDMA_FIFIO  usartdma.o
    0x08003b20   0x08003b20   0x0000000e   Code   RO         2887    i.SyncAlarm         sync.o
    0x08003b2e   0x08003b2e   0x00000002   PAD
    0x08003b30   0x08003b30   0x00000034   Code   RO         2076    i.SysTick_Handler   port.o
    0x08003b64   0x08003b64   0x00000068   Code   RO         1206    i.SystemInit        system_stm32f4xx.o
    0x08003bcc   0x08003bcc   0x00000028   Code   RO          370    i.TIM6_DAC_IRQHandler  sysinfotest.o
    0x08003bf4   0x08003bf4   0x00000006   Code   RO         7172    i.TIM_ClearITPendingBit  stm32f4xx_tim.o
    0x08003bfa   0x08003bfa   0x00000022   Code   RO         7198    i.TIM_GetITStatus   stm32f4xx_tim.o
    0x08003c1c   0x08003c1c   0x00000094   Code   RO         2539    i.TPDO_Communication_Parameter_Callback  pdo.o
    0x08003cb0   0x08003cb0   0x000000c0   Code   RO         2948    i.TimeDispatch      timer.o
    0x08003d70   0x08003d70   0x00000040   Code   RO          499    i.USART1_IRQHandler  usartdma.o
    0x08003db0   0x08003db0   0x000000f4   Code   RO          500    i.USARTDMA_Config   usartdma.o
    0x08003ea4   0x08003ea4   0x00000010   Code   RO          501    i.USARTDMA_FIFO_init  usartdma.o
    0x08003eb4   0x08003eb4   0x00000012   Code   RO         7727    i.USART_ClearFlag   stm32f4xx_usart.o
    0x08003ec6   0x08003ec6   0x00000018   Code   RO         7731    i.USART_Cmd         stm32f4xx_usart.o
    0x08003ede   0x08003ede   0x00000012   Code   RO         7732    i.USART_DMACmd      stm32f4xx_usart.o
    0x08003ef0   0x08003ef0   0x00000018   Code   RO          502    i.USART_DMA_Receive  usartdma.o
    0x08003f08   0x08003f08   0x000000f0   Code   RO         7733    i.USART_DeInit      stm32f4xx_usart.o
    0x08003ff8   0x08003ff8   0x0000001a   Code   RO         7734    i.USART_GetFlagStatus  stm32f4xx_usart.o
    0x08004012   0x08004012   0x00000054   Code   RO         7735    i.USART_GetITStatus  stm32f4xx_usart.o
    0x08004066   0x08004066   0x0000004a   Code   RO         7737    i.USART_ITConfig    stm32f4xx_usart.o
    0x080040b0   0x080040b0   0x000000d4   Code   RO         7738    i.USART_Init        stm32f4xx_usart.o
    0x08004184   0x08004184   0x0000000a   Code   RO         7745    i.USART_ReceiveData  stm32f4xx_usart.o
    0x0800418e   0x0800418e   0x00000004   Code   RO         1098    i.UsageFault_Handler  stm32f4xx_it.o
    0x08004192   0x08004192   0x00000002   Code   RO         2540    i._RxPDO_EventTimers_Handler  pdo.o
    0x08004194   0x08004194   0x00000020   Code   RO         8130    i.__0printf$5       mc_w.l(printf5.o)
    0x080041b4   0x080041b4   0x00000028   Code   RO         8132    i.__0sprintf$5      mc_w.l(printf5.o)
    0x080041dc   0x080041dc   0x0000000e   Code   RO         8300    i.__scatterload_copy  mc_w.l(handlers.o)
    0x080041ea   0x080041ea   0x00000002   Code   RO         8301    i.__scatterload_null  mc_w.l(handlers.o)
    0x080041ec   0x080041ec   0x0000000e   Code   RO         8302    i.__scatterload_zeroinit  mc_w.l(handlers.o)
    0x080041fa   0x080041fa   0x00000002   PAD
    0x080041fc   0x080041fc   0x000000ec   Code   RO         2497    i._getODentry       objacces.o
    0x080042e8   0x080042e8   0x00000002   Code   RO         2342    i._heartbeatError   lifegrd.o
    0x080042ea   0x080042ea   0x00000002   Code   RO         2819    i._initialisation   states.o
    0x080042ec   0x080042ec   0x00000002   Code   RO         2343    i._nodeguardError   lifegrd.o
    0x080042ee   0x080042ee   0x00000002   Code   RO         2820    i._operational      states.o
    0x080042f0   0x080042f0   0x00000002   Code   RO         2344    i._post_SlaveBootup  lifegrd.o
    0x080042f2   0x080042f2   0x00000002   Code   RO         2345    i._post_SlaveStateChange  lifegrd.o
    0x080042f4   0x080042f4   0x00000002   Code   RO         2888    i._post_TPDO        sync.o
    0x080042f6   0x080042f6   0x00000006   Code   RO         2282    i._post_emcy        emcy.o
    0x080042fc   0x080042fc   0x00000002   Code   RO         2889    i._post_sync        sync.o
    0x080042fe   0x080042fe   0x00000016   Code   RO         2821    i._preOperational   states.o
    0x08004314   0x08004314   0x000002c0   Code   RO         8137    i._printf_core      mc_w.l(printf5.o)
    0x080045d4   0x080045d4   0x0000013c   Code   RO         2637    i._readNetworkDict  sdo.o
    0x08004710   0x08004710   0x000006a8   Code   RO         1029    i._scanIndexOD      objectdictionary_epos2.o
    0x08004db8   0x08004db8   0x00000198   Code   RO         2541    i._sendPDOevent     pdo.o
    0x08004f50   0x08004f50   0x00000138   Code   RO         2498    i._setODentry       objacces.o
    0x08005088   0x08005088   0x0000000a   Code   RO         8139    i._sputc            mc_w.l(printf5.o)
    0x08005092   0x08005092   0x00000002   Code   RO         2822    i._stopped          states.o
    0x08005094   0x08005094   0x00000006   Code   RO         2499    i._storeODSubIndex  objacces.o
    0x0800509a   0x0800509a   0x00000002   PAD
    0x0800509c   0x0800509c   0x0000001c   Code   RO         1030    i._valueRangeTest   objectdictionary_epos2.o
    0x080050b8   0x080050b8   0x0000000a   Code   RO         2500    i.accessDictionaryError  objacces.o
    0x080050c2   0x080050c2   0x00000002   PAD
    0x080050c4   0x080050c4   0x000000cc   Code   RO          640    i.bsp_DetectKey     bsp_key.o
    0x08005190   0x08005190   0x00000034   Code   RO          641    i.bsp_GetKey        bsp_key.o
    0x080051c4   0x080051c4   0x0000004c   Code   RO          428    i.bsp_Init          bsp.o
    0x08005210   0x08005210   0x0000000c   Code   RO          644    i.bsp_InitKey       bsp_key.o
    0x0800521c   0x0800521c   0x00000054   Code   RO          645    i.bsp_InitKeyHard   bsp_key.o
    0x08005270   0x08005270   0x00000074   Code   RO          646    i.bsp_InitKeyVar    bsp_key.o
    0x080052e4   0x080052e4   0x00000016   Code   RO          647    i.bsp_KeyScan       bsp_key.o
    0x080052fa   0x080052fa   0x00000002   PAD
    0x080052fc   0x080052fc   0x00000020   Code   RO          648    i.bsp_PutKey        bsp_key.o
    0x0800531c   0x0800531c   0x000000ee   Code   RO         2542    i.buildPDO          pdo.o
    0x0800540a   0x0800540a   0x0000009a   Code   RO         2823    i.canDispatch       states.o
    0x080054a4   0x080054a4   0x0000019c   Code   RO         2155    i.canInit           can_stm32.o
    0x08005640   0x08005640   0x00000052   Code   RO         2156    i.canSend           can_stm32.o
    0x08005692   0x08005692   0x00000002   PAD
    0x08005694   0x08005694   0x00000104   Code   RO          945    i.canopen_dataprocess_thread  can_thread.o
    0x08005798   0x08005798   0x00000068   Code   RO          946    i.canopen_init      can_thread.o
    0x08005800   0x08005800   0x00000012   Code   RO          764    i.convert_from_bytes_to_power_of_two  sdio_sdcard.o
    0x08005812   0x08005812   0x00000002   PAD
    0x08005814   0x08005814   0x00000084   Code   RO         1548    i.eTaskGetState     tasks.o
    0x08005898   0x08005898   0x00000020   Code   RO         2283    i.emergencyInit     emcy.o
    0x080058b8   0x080058b8   0x00000002   Code   RO         2284    i.emergencyStop     emcy.o
    0x080058ba   0x080058ba   0x000000b6   Code   RO         2640    i.failedSDO         sdo.o
    0x08005970   0x08005970   0x0000001c   Code   RO          507    i.fputc             usartdma.o
    0x0800598c   0x0800598c   0x00000024   Code   RO         2185    i.getElapsedTime    timer_stm32.o
    0x080059b0   0x080059b0   0x00000008   Code   RO         2824    i.getNodeId         states.o
    0x080059b8   0x080059b8   0x00000182   Code   RO         2641    i.getReadResultNetworkDict  sdo.o
    0x08005b3a   0x08005b3a   0x00000042   Code   RO         2642    i.getSDOfreeLine    sdo.o
    0x08005b7c   0x08005b7c   0x00000072   Code   RO         2643    i.getSDOlineOnUse   sdo.o
    0x08005bee   0x08005bee   0x0000004a   Code   RO         2644    i.getSDOlineRestBytes  sdo.o
    0x08005c38   0x08005c38   0x00000094   Code   RO         2347    i.heartbeatInit     lifegrd.o
    0x08005ccc   0x08005ccc   0x00000038   Code   RO         2348    i.heartbeatStop     lifegrd.o
    0x08005d04   0x08005d04   0x000001c4   Code   RO         2647    i.initSDOline       sdo.o
    0x08005ec8   0x08005ec8   0x00000014   Code   RO         2186    i.initTimer         timer_stm32.o
    0x08005edc   0x08005edc   0x00000012   Code   RO         2349    i.lifeGuardInit     lifegrd.o
    0x08005eee   0x08005eee   0x00000012   Code   RO         2350    i.lifeGuardStop     lifegrd.o
    0x08005f00   0x08005f00   0x000000b0   Code   RO         2648    i.lineToSDO         sdo.o
    0x08005fb0   0x08005fb0   0x00000024   Code   RO            8    i.main              main.o
    0x08005fd4   0x08005fd4   0x00000026   Code   RO         2455    i.masterSendNMTnodeguard  nmtmaster.o
    0x08005ffa   0x08005ffa   0x0000002c   Code   RO         2456    i.masterSendNMTstateChange  nmtmaster.o
    0x08006026   0x08006026   0x00000002   PAD
    0x08006028   0x08006028   0x0000008c   Code   RO         2351    i.nodeguardInit     lifegrd.o
    0x080060b4   0x080060b4   0x00000012   Code   RO         2352    i.nodeguardStop     lifegrd.o
    0x080060c6   0x080060c6   0x0000008e   Code   RO         2649    i.objdictToSDOline  sdo.o
    0x08006154   0x08006154   0x0000003a   Code   RO         2285    i.proceedEMCY       emcy.o
    0x0800618e   0x0800618e   0x000000e0   Code   RO         2478    i.proceedNMTstateChange  nmtslave.o
    0x0800626e   0x0800626e   0x00000002   PAD
    0x08006270   0x08006270   0x00000118   Code   RO         2353    i.proceedNODE_GUARD  lifegrd.o
    0x08006388   0x08006388   0x000002dc   Code   RO         2543    i.proceedPDO        pdo.o
    0x08006664   0x08006664   0x00002b48   Code   RO         2650    i.proceedSDO        sdo.o
    0x080091ac   0x080091ac   0x0000002c   Code   RO         2890    i.proceedSYNC       sync.o
    0x080091d8   0x080091d8   0x00000098   Code   RO         1550    i.prvAddCurrentTaskToDelayedList  tasks.o
    0x08009270   0x08009270   0x000000b8   Code   RO         1551    i.prvAddNewTaskToReadyList  tasks.o
    0x08009328   0x08009328   0x0000004c   Code   RO         1884    i.prvCheckForValidListAndQueue  timers.o
    0x08009374   0x08009374   0x00000064   Code   RO         1552    i.prvCheckTasksWaitingTermination  tasks.o
    0x080093d8   0x080093d8   0x0000002a   Code   RO         1401    i.prvCopyDataFromQueue  queue.o
    0x08009402   0x08009402   0x0000006a   Code   RO         1402    i.prvCopyDataToQueue  queue.o
    0x0800946c   0x0800946c   0x00000012   Code   RO         1553    i.prvDeleteTCB      tasks.o
    0x0800947e   0x0800947e   0x00000002   PAD
    0x08009480   0x08009480   0x00000028   Code   RO         1885    i.prvGetNextExpireTime  timers.o
    0x080094a8   0x080094a8   0x0000007c   Code   RO         2026    i.prvHeapInit       heap_4.o
    0x08009524   0x08009524   0x00000028   Code   RO         1554    i.prvIdleTask       tasks.o
    0x0800954c   0x0800954c   0x0000002a   Code   RO         1403    i.prvInitialiseNewQueue  queue.o
    0x08009576   0x08009576   0x000000b4   Code   RO         1555    i.prvInitialiseNewTask  tasks.o
    0x0800962a   0x0800962a   0x00000002   PAD
    0x0800962c   0x0800962c   0x00000068   Code   RO         1556    i.prvInitialiseTaskLists  tasks.o
    0x08009694   0x08009694   0x00000068   Code   RO         2027    i.prvInsertBlockIntoFreeList  heap_4.o
    0x080096fc   0x080096fc   0x00000058   Code   RO         1887    i.prvInsertTimerInActiveList  timers.o
    0x08009754   0x08009754   0x0000001a   Code   RO         1404    i.prvIsQueueEmpty   queue.o
    0x0800976e   0x0800976e   0x0000001e   Code   RO         1405    i.prvIsQueueFull    queue.o
    0x0800978c   0x0800978c   0x0000006a   Code   RO         1557    i.prvListTasksWithinSingleList  tasks.o
    0x080097f6   0x080097f6   0x00000002   PAD
    0x080097f8   0x080097f8   0x00000064   Code   RO         1888    i.prvProcessExpiredTimer  timers.o
    0x0800985c   0x0800985c   0x00000124   Code   RO         1889    i.prvProcessReceivedCommands  timers.o
    0x08009980   0x08009980   0x00000074   Code   RO         1890    i.prvProcessTimerOrBlockTask  timers.o
    0x080099f4   0x080099f4   0x00000034   Code   RO         1558    i.prvResetNextTaskUnblockTime  tasks.o
    0x08009a28   0x08009a28   0x0000002c   Code   RO         1891    i.prvSampleTimeNow  timers.o
    0x08009a54   0x08009a54   0x000000a0   Code   RO         1892    i.prvSwitchTimerLists  timers.o
    0x08009af4   0x08009af4   0x00000016   Code   RO         1559    i.prvTaskCheckFreeStackSpace  tasks.o
    0x08009b0a   0x08009b0a   0x00000002   PAD
    0x08009b0c   0x08009b0c   0x00000040   Code   RO         2077    i.prvTaskExitError  port.o
    0x08009b4c   0x08009b4c   0x0000001e   Code   RO         1258    i.prvTestWaitCondition  event_groups.o
    0x08009b6a   0x08009b6a   0x0000001a   Code   RO         1893    i.prvTimerTask      timers.o
    0x08009b84   0x08009b84   0x0000007e   Code   RO         1406    i.prvUnlockQueue    queue.o
    0x08009c02   0x08009c02   0x0000002a   Code   RO         1561    i.prvWriteNameToBuffer  tasks.o
    0x08009c2c   0x08009c2c   0x0000013c   Code   RO         2028    i.pvPortMalloc      heap_4.o
    0x08009d68   0x08009d68   0x0000002c   Code   RO         2078    i.pxPortInitialiseStack  port.o
    0x08009d94   0x08009d94   0x0000002a   Code   RO         2651    i.readNetworkDict   sdo.o
    0x08009dbe   0x08009dbe   0x0000001a   Code   RO         2655    i.resetSDO          sdo.o
    0x08009dd8   0x08009dd8   0x00000060   Code   RO         2656    i.resetSDOline      sdo.o
    0x08009e38   0x08009e38   0x00000154   Code   RO         2544    i.sendOnePDOevent   pdo.o
    0x08009f8c   0x08009f8c   0x0000002c   Code   RO         2547    i.sendPdo           pdo.o
    0x08009fb8   0x08009fb8   0x000000a2   Code   RO         2657    i.sendSDO           sdo.o
    0x0800a05a   0x0800a05a   0x00000052   Code   RO         2658    i.sendSDOabort      sdo.o
    0x0800a0ac   0x0800a0ac   0x00000016   Code   RO         2891    i.sendSYNC          sync.o
    0x0800a0c2   0x0800a0c2   0x00000026   Code   RO         2892    i.sendSYNCMessage   sync.o
    0x0800a0e8   0x0800a0e8   0x000001b0   Code   RO         2826    i.setNodeId         states.o
    0x0800a298   0x0800a298   0x00000022   Code   RO         2659    i.setSDOlineRestBytes  sdo.o
    0x0800a2ba   0x0800a2ba   0x00000002   PAD
    0x0800a2bc   0x0800a2bc   0x000000cc   Code   RO         2827    i.setState          states.o
    0x0800a388   0x0800a388   0x00000010   Code   RO         2187    i.setTimer          timer_stm32.o
    0x0800a398   0x0800a398   0x000000b8   Code   RO          429    i.show_sdcard_info  bsp.o
    0x0800a450   0x0800a450   0x0000002e   Code   RO         2479    i.slaveSendBootUp   nmtslave.o
    0x0800a47e   0x0800a47e   0x00000002   PAD
    0x0800a480   0x0800a480   0x0000006c   Code   RO         2893    i.startSYNC         sync.o
    0x0800a4ec   0x0800a4ec   0x0000002e   Code   RO         2894    i.stopSYNC          sync.o
    0x0800a51a   0x0800a51a   0x0000011c   Code   RO         2828    i.switchCommunicationState  states.o
    0x0800a636   0x0800a636   0x00000028   Code   RO         1365    i.uxListRemove      list.o
    0x0800a65e   0x0800a65e   0x00000002   PAD
    0x0800a660   0x0800a660   0x000000b8   Code   RO         1564    i.uxTaskGetSystemState  tasks.o
    0x0800a718   0x0800a718   0x0000001c   Code   RO         1568    i.uxTaskResetEventItemValue  tasks.o
    0x0800a734   0x0800a734   0x00000028   Code   RO            9    i.vApplicationStackOverflowHook  main.o
    0x0800a75c   0x0800a75c   0x00000034   Code   RO         2188    i.vApplicationTickHook  timer_stm32.o
    0x0800a790   0x0800a790   0x0000001a   Code   RO         1366    i.vListInitialise   list.o
    0x0800a7aa   0x0800a7aa   0x00000006   Code   RO         1367    i.vListInitialiseItem  list.o
    0x0800a7b0   0x0800a7b0   0x00000034   Code   RO         1368    i.vListInsert       list.o
    0x0800a7e4   0x0800a7e4   0x00000018   Code   RO         1369    i.vListInsertEnd    list.o
    0x0800a7fc   0x0800a7fc   0x00000054   Code   RO         2080    i.vPortEnterCritical  port.o
    0x0800a850   0x0800a850   0x0000003c   Code   RO         2081    i.vPortExitCritical  port.o
    0x0800a88c   0x0800a88c   0x00000094   Code   RO         2029    i.vPortFree         heap_4.o
    0x0800a920   0x0800a920   0x00000014   Code   RO         2082    i.vPortSetupTimerInterrupt  port.o
    0x0800a934   0x0800a934   0x00000078   Code   RO         2083    i.vPortValidateInterruptPriority  port.o
    0x0800a9ac   0x0800a9ac   0x0000004a   Code   RO         1414    i.vQueueWaitForMessageRestricted  queue.o
    0x0800a9f6   0x0800a9f6   0x00000002   PAD
    0x0800a9f8   0x0800a9f8   0x0000005c   Code   RO         1569    i.vTaskDelay        tasks.o
    0x0800aa54   0x0800aa54   0x000000f4   Code   RO         1571    i.vTaskDelete       tasks.o
    0x0800ab48   0x0800ab48   0x00000078   Code   RO         1573    i.vTaskGetInfo      tasks.o
    0x0800abc0   0x0800abc0   0x000000d4   Code   RO         1574    i.vTaskGetRunTimeStats  tasks.o
    0x0800ac94   0x0800ac94   0x000000e0   Code   RO         1575    i.vTaskList         tasks.o
    0x0800ad74   0x0800ad74   0x0000000c   Code   RO         1576    i.vTaskMissedYield  tasks.o
    0x0800ad80   0x0800ad80   0x00000038   Code   RO         1578    i.vTaskPlaceOnEventList  tasks.o
    0x0800adb8   0x0800adb8   0x00000040   Code   RO         1579    i.vTaskPlaceOnEventListRestricted  tasks.o
    0x0800adf8   0x0800adf8   0x0000006c   Code   RO         1580    i.vTaskPlaceOnUnorderedEventList  tasks.o
    0x0800ae64   0x0800ae64   0x00000030   Code   RO         1584    i.vTaskSetTimeOutState  tasks.o
    0x0800ae94   0x0800ae94   0x0000009c   Code   RO         1585    i.vTaskStartScheduler  tasks.o
    0x0800af30   0x0800af30   0x00000010   Code   RO         1587    i.vTaskSuspendAll   tasks.o
    0x0800af40   0x0800af40   0x000000e8   Code   RO         1588    i.vTaskSwitchContext  tasks.o
    0x0800b028   0x0800b028   0x0000017c   Code   RO           10    i.vTaskTask1        main.o
    0x0800b1a4   0x0800b1a4   0x00000028   Code   RO           11    i.vTaskTask2        main.o
    0x0800b1cc   0x0800b1cc   0x00000028   Code   RO           12    i.vTaskTask3        main.o
    0x0800b1f4   0x0800b1f4   0x0000000e   Code   RO           13    i.vTaskTask4        main.o
    0x0800b202   0x0800b202   0x0000001a   Code   RO         1265    i.xEventGroupCreate  event_groups.o
    0x0800b21c   0x0800b21c   0x000000ce   Code   RO         1267    i.xEventGroupSetBits  event_groups.o
    0x0800b2ea   0x0800b2ea   0x00000002   PAD
    0x0800b2ec   0x0800b2ec   0x00000154   Code   RO         1270    i.xEventGroupWaitBits  event_groups.o
    0x0800b440   0x0800b440   0x0000013c   Code   RO         2084    i.xPortStartScheduler  port.o
    0x0800b57c   0x0800b57c   0x00000058   Code   RO         1415    i.xQueueGenericCreate  queue.o
    0x0800b5d4   0x0800b5d4   0x000001a4   Code   RO         1416    i.xQueueGenericReceive  queue.o
    0x0800b778   0x0800b778   0x00000098   Code   RO         1417    i.xQueueGenericReset  queue.o
    0x0800b810   0x0800b810   0x000001a8   Code   RO         1418    i.xQueueGenericSend  queue.o
    0x0800b9b8   0x0800b9b8   0x000000f8   Code   RO         1419    i.xQueueGenericSendFromISR  queue.o
    0x0800bab0   0x0800bab0   0x0000008c   Code   RO         1589    i.xTaskCheckForTimeOut  tasks.o
    0x0800bb3c   0x0800bb3c   0x00000060   Code   RO         1590    i.xTaskCreate       tasks.o
    0x0800bb9c   0x0800bb9c   0x00000020   Code   RO         1593    i.xTaskGetSchedulerState  tasks.o
    0x0800bbbc   0x0800bbbc   0x0000000c   Code   RO         1594    i.xTaskGetTickCount  tasks.o
    0x0800bbc8   0x0800bbc8   0x00000154   Code   RO         1596    i.xTaskIncrementTick  tasks.o
    0x0800bd1c   0x0800bd1c   0x00000098   Code   RO         1599    i.xTaskRemoveFromEventList  tasks.o
    0x0800bdb4   0x0800bdb4   0x000000b0   Code   RO         1600    i.xTaskRemoveFromUnorderedEventList  tasks.o
    0x0800be64   0x0800be64   0x00000104   Code   RO         1601    i.xTaskResumeAll    tasks.o
    0x0800bf68   0x0800bf68   0x00000058   Code   RO         1897    i.xTimerCreateTimerTask  timers.o
    0x0800bfc0   0x0800bfc0   0x00000084   Code   RO         1898    i.xTimerGenericCommand  timers.o
    0x0800c044   0x0800c044   0x00000506   Data   RO         1032    .constdata          objectdictionary_epos2.o
    0x0800c54a   0x0800c54a   0x00000002   PAD
    0x0800c54c   0x0800c54c   0x00000040   Data   RO         2829    .constdata          states.o
    0x0800c58c   0x0800c58c   0x00000020   Data   RO         8298    Region$$Table       anon$$obj.o


    Execution Region RW_IRAM1 (Exec base: 0x20000000, Load base: 0x0800c5ac, Size: 0x0000b5b8, Max: 0x00020000, ABSOLUTE, COMPRESSED[0x00000890])

    Exec Addr    Load Addr    Size         Type   Attr      Idx    E Section Name        Object

    0x20000000   COMPRESSED   0x00000018   Data   RW           15    .data               main.o
    0x20000018   COMPRESSED   0x00000004   Data   RW          371    .data               sysinfotest.o
    0x2000001c   COMPRESSED   0x00000008   Data   RW          509    .data               usartdma.o
    0x20000024   COMPRESSED   0x00000010   Data   RW          766    .data               sdio_sdcard.o
    0x20000034   COMPRESSED   0x00000010   Data   RW          947    .data               can_thread.o
    0x20000044   COMPRESSED   0x00000004   Data   RW         1001    .data               epos2_thread.o
    0x20000048   COMPRESSED   0x0000235c   Data   RW         1033    .data               objectdictionary_epos2.o
    0x200023a4   COMPRESSED   0x00000044   Data   RW         1604    .data               tasks.o
    0x200023e8   COMPRESSED   0x00000014   Data   RW         1906    .data               timers.o
    0x200023fc   COMPRESSED   0x00000018   Data   RW         2034    .data               heap_4.o
    0x20002414   COMPRESSED   0x0000000c   Data   RW         2085    .data               port.o
    0x20002420   COMPRESSED   0x0000000c   Data   RW         2189    .data               timer_stm32.o
    0x2000242c   COMPRESSED   0x0000000c   Data   RW         2950    .data               timer.o
    0x20002438   COMPRESSED   0x00000010   Data   RW         5834    .data               stm32f4xx_rcc.o
    0x20002448   COMPRESSED   0x00000004   Data   RW         8272    .data               mc_w.l(stdout.o)
    0x2000244c        -       0x0000001c   Zero   RW           14    .bss                main.o
    0x20002468        -       0x00000440   Zero   RW          508    .bss                usartdma.o
    0x200028a8        -       0x0000003d   Zero   RW          650    .bss                bsp_key.o
    0x200028e5   COMPRESSED   0x00000003   PAD
    0x200028e8        -       0x000002c0   Zero   RW          765    .bss                sdio_sdcard.o
    0x20002ba8        -       0x00000030   Zero   RW         1031    .bss                objectdictionary_epos2.o
    0x20002bd8        -       0x000000dc   Zero   RW         1603    .bss                tasks.o
    0x20002cb4        -       0x00000028   Zero   RW         1905    .bss                timers.o
    0x20002cdc        -       0x00007800   Zero   RW         2033    .bss                heap_4.o
    0x2000a4dc        -       0x0000001a   Zero   RW         2157    .bss                can_stm32.o
    0x2000a4f6   COMPRESSED   0x00000002   PAD
    0x2000a4f8        -       0x000000c0   Zero   RW         2949    .bss                timer.o
    0x2000a5b8        -       0x00001000   Zero   RW         1242    STACK               startup_stm32f40xx.o


==============================================================================

Image component sizes


      Code (inc. data)   RO Data    RW Data    ZI Data      Debug   Object Name

       260        122          0          0          0       1043   bsp.o
       594         64          0          0         61       6022   bsp_key.o
       494         18          0          0         26       2600   can_stm32.o
       364        142          0         16          0       2556   can_thread.o
       142          4          0          0          0       3320   emcy.o
       248         72          0          4          0       2185   epos2_thread.o
       602          6          0          0          0      14807   event_groups.o
       692         62          0         24      30720       4447   heap_4.o
        60          4          0          0          0        535   led.o
      1022         32          0          0          0      11036   lifegrd.o
       148          0          0          0          0       3270   list.o
       798        326          0         24         28     355328   main.o
       140         24          0          0          0       1711   misc.o
        82          0          0          0          0       1472   nmtmaster.o
       270          0          0          0          0       1542   nmtslave.o
       614         26          0          0          0       4868   objacces.o
      1732        124       1286       9052         48      58280   objectdictionary_epos2.o
      2458         14          0          0          0      11406   pdo.o
       942         92          0         12          0      11517   port.o
      1778         14          0          0          0      12590   queue.o
      7474        410          0         16        704      34493   sdio_sdcard.o
     14124        154          0          0          0      22386   sdo.o
        36          8        392          0       4096        844   startup_stm32f40xx.o
      1110         24         64          0          0       7158   states.o
      1232         16          0          0          0       6563   stm32f4xx_can.o
       762         72          0          0          0       8134   stm32f4xx_dma.o
       218          0          0          0          0       2542   stm32f4xx_gpio.o
       228         24          0          0          0      15773   stm32f4xx_it.o
       392         48          0         16          0       6245   stm32f4xx_rcc.o
       208         38          0          0          0       6101   stm32f4xx_sdio.o
        40          0          0          0          0       2006   stm32f4xx_tim.o
       706         42          0          0          0       7300   stm32f4xx_usart.o
       294          8          0          0          0       5366   sync.o
        16          0          0          0          0        492   sys.o
        40          8          0          4          0       9082   sysinfotest.o
       340         32          0          0          0       1577   system_stm32f4xx.o
      4136        532          0         68        220      30108   tasks.o
       432         38          0         12        192       3954   timer.o
       124         34          0         12          0       2567   timer_stm32.o
      1162        108          0         20         40      17639   timers.o
      1006         84          0          8       1088      12224   usartdma.o

    ----------------------------------------------------------------------
     47578       2826       1776       9288      37228     713089   Object Totals
         0          0         32          0          0          0   (incl. Generated)
        58          0          2          0          5          0   (incl. Padding)

    ----------------------------------------------------------------------

      Code (inc. data)   RO Data    RW Data    ZI Data      Debug   Library Member Name

        86          0          0          0          0          0   __dczerorl2.o
         0          0          0          0          0          0   entry.o
         0          0          0          0          0          0   entry10a.o
         0          0          0          0          0          0   entry11a.o
         8          4          0          0          0          0   entry2.o
         4          0          0          0          0          0   entry5.o
         0          0          0          0          0          0   entry7b.o
         0          0          0          0          0          0   entry8b.o
         8          4          0          0          0          0   entry9a.o
        30          0          0          0          0          0   handlers.o
        36          8          0          0          0         68   init.o
        30          0          0          0          0         68   llshl.o
        32          0          0          0          0         68   llushr.o
        26          0          0          0          0         80   memcmp.o
        36          0          0          0          0         68   memcpya.o
        36          0          0          0          0        108   memseta.o
       786         62          0          0          0        336   printf5.o
         0          0          0          4          0          0   stdout.o
        18          0          0          0          0         68   strcpy.o
        14          0          0          0          0         68   strlen.o
        98          0          0          0          0         92   uldiv.o

    ----------------------------------------------------------------------
      1250         78          0          4          0       1024   Library Totals
         2          0          0          0          0          0   (incl. Padding)

    ----------------------------------------------------------------------

      Code (inc. data)   RO Data    RW Data    ZI Data      Debug   Library Name

      1248         78          0          4          0       1024   mc_w.l

    ----------------------------------------------------------------------
      1250         78          0          4          0       1024   Library Totals

    ----------------------------------------------------------------------

==============================================================================


      Code (inc. data)   RO Data    RW Data    ZI Data      Debug   

     48828       2904       1776       9292      37228     685029   Grand Totals
     48828       2904       1776       2192      37228     685029   ELF Image Totals (compressed)
     48828       2904       1776       2192          0          0   ROM Totals

==============================================================================

    Total RO  Size (Code + RO Data)                50604 (  49.42kB)
    Total RW  Size (RW Data + ZI Data)             46520 (  45.43kB)
    Total ROM Size (Code + RO Data + RW Data)      52796 (  51.56kB)

==============================================================================

