Component: ARM Compiler 5.06 update 6 (build 750) Tool: armlink [4d35ed]

==============================================================================

Section Cross References

    main.o(i.main) refers to bsp.o(i.bsp_Init) for bsp_Init
    main.o(i.main) refers to sysinfotest.o(i.vSetupSysInfoTest) for vSetupSysInfoTest
    main.o(i.main) refers to tasks.o(i.xTaskCreate) for xTaskCreate
    main.o(i.main) refers to can_thread.o(i.canopen_init) for canopen_init
    main.o(i.main) refers to timer_stm32.o(i.initTimer) for initTimer
    main.o(i.main) refers to epos2_thread.o(i.Init_CO_NODE1) for Init_CO_NODE1
    main.o(i.main) refers to can_stm32.o(i.canInit) for canInit
    main.o(i.main) refers to epos2_thread.o(i.EPOS2_init) for EPOS2_init
    main.o(i.main) refers to event_groups.o(i.xEventGroupCreate) for xEventGroupCreate
    main.o(i.main) refers to sys_timer.o(i.systimerforovertimeCreate) for systimerforovertimeCreate
    main.o(i.main) refers to tasks.o(i.vTaskStartScheduler) for vTaskStartScheduler
    main.o(i.main) refers to main.o(.bss) for .bss
    main.o(i.main) refers to main.o(.data) for .data
    main.o(i.main) refers to main.o(i.vTaskTask1) for vTaskTask1
    main.o(i.main) refers to main.o(i.vTaskTask2) for vTaskTask2
    main.o(i.main) refers to main.o(i.vTaskTask3) for vTaskTask3
    main.o(i.main) refers to main.o(i.vTaskTask4) for vTaskTask4
    main.o(i.vApplicationStackOverflowHook) refers to printf5.o(i.__0printf$5) for __2printf
    main.o(i.vTaskTask1) refers to bsp_key.o(i.bsp_GetKey) for bsp_GetKey
    main.o(i.vTaskTask1) refers to port.o(i.vPortEnterCritical) for vPortEnterCritical
    main.o(i.vTaskTask1) refers to printf5.o(i.__0printf$5) for __2printf
    main.o(i.vTaskTask1) refers to tasks.o(i.vTaskList) for vTaskList
    main.o(i.vTaskTask1) refers to tasks.o(i.vTaskGetRunTimeStats) for vTaskGetRunTimeStats
    main.o(i.vTaskTask1) refers to sdio_sdcard.o(i.SD_ReadDisk) for SD_ReadDisk
    main.o(i.vTaskTask1) refers to sdio_sdcard.o(i.SD_WriteDisk) for SD_WriteDisk
    main.o(i.vTaskTask1) refers to port.o(i.vPortExitCritical) for vPortExitCritical
    main.o(i.vTaskTask1) refers to tasks.o(i.vTaskDelay) for vTaskDelay
    main.o(i.vTaskTask2) refers to tasks.o(i.vTaskDelay) for vTaskDelay
    main.o(i.vTaskTask3) refers to tasks.o(i.vTaskDelay) for vTaskDelay
    main.o(i.vTaskTask4) refers to bsp_key.o(i.bsp_KeyScan) for bsp_KeyScan
    main.o(i.vTaskTask4) refers to tasks.o(i.vTaskDelay) for vTaskDelay
    sysinfotest.o(i.TIM6_DAC_IRQHandler) refers to stm32f4xx_tim.o(i.TIM_GetITStatus) for TIM_GetITStatus
    sysinfotest.o(i.TIM6_DAC_IRQHandler) refers to stm32f4xx_tim.o(i.TIM_ClearITPendingBit) for TIM_ClearITPendingBit
    sysinfotest.o(i.TIM6_DAC_IRQHandler) refers to sysinfotest.o(.data) for .data
    sysinfotest.o(i.vSetupSysInfoTest) refers to bsp_tim_pwm.o(i.bsp_SetTIMforInt) for bsp_SetTIMforInt
    bsp.o(i.bsp_Init) refers to misc.o(i.NVIC_PriorityGroupConfig) for NVIC_PriorityGroupConfig
    bsp.o(i.bsp_Init) refers to usartdma.o(i.USARTDMA_FIFO_init) for USARTDMA_FIFO_init
    bsp.o(i.bsp_Init) refers to usartdma.o(i.SetupUSARTDMA_FIFIO) for SetupUSARTDMA_FIFIO
    bsp.o(i.bsp_Init) refers to usartdma.o(i.USARTDMA_Config) for USARTDMA_Config
    bsp.o(i.bsp_Init) refers to usartdma.o(i.USART_DMA_Receive) for USART_DMA_Receive
    bsp.o(i.bsp_Init) refers to bsp_key.o(i.bsp_InitKey) for bsp_InitKey
    bsp.o(i.bsp_Init) refers to led.o(i.LED_Init) for LED_Init
    bsp.o(i.bsp_Init) refers to ff.o(i.f_mount) for f_mount
    bsp.o(i.bsp_Init) refers to fatfs_thread.o(i.exf_getfree) for exf_getfree
    bsp.o(i.bsp_Init) refers to printf5.o(i.__0printf$5) for __2printf
    bsp.o(i.bsp_Init) refers to usartdma.o(.data) for USARTDMA_FIFOhandle_intr
    bsp.o(i.bsp_Init) refers to fatfs_thread.o(.bss) for fs
    bsp.o(i.bsp_Init) refers to fatfs_thread.o(.data) for result
    led.o(i.LED_Init) refers to stm32f4xx_rcc.o(i.RCC_AHB1PeriphClockCmd) for RCC_AHB1PeriphClockCmd
    led.o(i.LED_Init) refers to stm32f4xx_gpio.o(i.GPIO_Init) for GPIO_Init
    led.o(i.LED_Init) refers to stm32f4xx_gpio.o(i.GPIO_SetBits) for GPIO_SetBits
    usartdma.o(i.DMA2_Stream5_IRQHandler) refers to stm32f4xx_dma.o(i.DMA_GetITStatus) for DMA_GetITStatus
    usartdma.o(i.DMA2_Stream5_IRQHandler) refers to stm32f4xx_dma.o(i.DMA_ClearITPendingBit) for DMA_ClearITPendingBit
    usartdma.o(i.DMA2_Stream7_IRQHandler) refers to stm32f4xx_dma.o(i.DMA_GetITStatus) for DMA_GetITStatus
    usartdma.o(i.DMA2_Stream7_IRQHandler) refers to stm32f4xx_usart.o(i.USART_GetFlagStatus) for USART_GetFlagStatus
    usartdma.o(i.DMA2_Stream7_IRQHandler) refers to stm32f4xx_dma.o(i.DMA_ClearITPendingBit) for DMA_ClearITPendingBit
    usartdma.o(i.DMA2_Stream7_IRQHandler) refers to usartdma.o(.data) for .data
    usartdma.o(i.SetupUSARTDMA_FIFIO) refers to usartdma.o(.bss) for .bss
    usartdma.o(i.USART1_IRQHandler) refers to stm32f4xx_usart.o(i.USART_GetITStatus) for USART_GetITStatus
[...]
    0x080024b0   0x080024b0   0x0000000c   Code   RO         7860    i.SDIO_ClockCmd     stm32f4xx_sdio.o
    0x080024bc   0x080024bc   0x0000000c   Code   RO         7863    i.SDIO_DMACmd       stm32f4xx_sdio.o
    0x080024c8   0x080024c8   0x00000030   Code   RO         7864    i.SDIO_DataConfig   stm32f4xx_sdio.o
    0x080024f8   0x080024f8   0x00000018   Code   RO         7866    i.SDIO_DeInit       stm32f4xx_sdio.o
    0x08002510   0x08002510   0x0000000c   Code   RO         7867    i.SDIO_GetCommandResponse  stm32f4xx_sdio.o
    0x0800251c   0x0800251c   0x00000014   Code   RO         7870    i.SDIO_GetFlagStatus  stm32f4xx_sdio.o
    0x08002530   0x08002530   0x00000014   Code   RO         7871    i.SDIO_GetITStatus  stm32f4xx_sdio.o
    0x08002544   0x08002544   0x00000010   Code   RO         7872    i.SDIO_GetPowerState  stm32f4xx_sdio.o
    0x08002554   0x08002554   0x00000014   Code   RO         7873    i.SDIO_GetResponse  stm32f4xx_sdio.o
    0x08002568   0x08002568   0x00000004   Code   RO          698    i.SDIO_IRQHandler   sdio_sdcard.o
    0x0800256c   0x0800256c   0x00000018   Code   RO         7874    i.SDIO_ITConfig     stm32f4xx_sdio.o
    0x08002584   0x08002584   0x00000040   Code   RO         7875    i.SDIO_Init         stm32f4xx_sdio.o
    0x080025c4   0x080025c4   0x0000000c   Code   RO         7876    i.SDIO_ReadData     stm32f4xx_sdio.o
    0x080025d0   0x080025d0   0x0000002c   Code   RO         7878    i.SDIO_SendCommand  stm32f4xx_sdio.o
    0x080025fc   0x080025fc   0x0000000c   Code   RO         7880    i.SDIO_SetPowerState  stm32f4xx_sdio.o
    0x08002608   0x08002608   0x000000c0   Code   RO         3795    i.SDOTimeoutAlarm   sdo.o
    0x080026c8   0x080026c8   0x00000038   Code   RO         3796    i.SDOlineToObjdict  sdo.o
    0x08002700   0x08002700   0x00000046   Code   RO         3797    i.SDOtoLine         sdo.o
    0x08002746   0x08002746   0x00000002   PAD
    0x08002748   0x08002748   0x00000078   Code   RO          701    i.SD_EnableWideBusOperation  sdio_sdcard.o
    0x080027c0   0x080027c0   0x00000290   Code   RO          703    i.SD_GetCardInfo    sdio_sdcard.o
    0x08002a50   0x08002a50   0x00000048   Code   RO          705    i.SD_GetState       sdio_sdcard.o
    0x08002a98   0x08002a98   0x00000018   Code   RO          706    i.SD_GetStatus      sdio_sdcard.o
    0x08002ab0   0x08002ab0   0x000000d4   Code   RO          709    i.SD_Init           sdio_sdcard.o
    0x08002b84   0x08002b84   0x000001ec   Code   RO          710    i.SD_InitializeCards  sdio_sdcard.o
    0x08002d70   0x08002d70   0x00000088   Code   RO          711    i.SD_LowLevel_DMA_RxConfig  sdio_sdcard.o
    0x08002df8   0x08002df8   0x00000088   Code   RO          712    i.SD_LowLevel_DMA_TxConfig  sdio_sdcard.o
    0x08002e80   0x08002e80   0x000000a8   Code   RO          714    i.SD_LowLevel_Init  sdio_sdcard.o
    0x08002f28   0x08002f28   0x00000218   Code   RO          716    i.SD_PowerON        sdio_sdcard.o
    0x08003140   0x08003140   0x00000094   Code   RO          718    i.SD_ProcessIRQSrc  sdio_sdcard.o
    0x080031d4   0x080031d4   0x000000b8   Code   RO          719    i.SD_ReadBlock      sdio_sdcard.o
    0x0800328c   0x0800328c   0x00000098   Code   RO          720    i.SD_ReadDisk       sdio_sdcard.o
    0x08003324   0x08003324   0x000000cc   Code   RO          721    i.SD_ReadMultiBlocks  sdio_sdcard.o
    0x080033f0   0x080033f0   0x0000008c   Code   RO          726    i.SD_WaitReadOperation  sdio_sdcard.o
    0x0800347c   0x0800347c   0x0000008c   Code   RO          727    i.SD_WaitWriteOperation  sdio_sdcard.o
    0x08003508   0x08003508   0x000000c0   Code   RO          728    i.SD_WriteBlock     sdio_sdcard.o
    0x080035c8   0x080035c8   0x0000009c   Code   RO          729    i.SD_WriteDisk      sdio_sdcard.o
    0x08003664   0x08003664   0x00000120   Code   RO          730    i.SD_WriteMultiBlocks  sdio_sdcard.o
    0x08003784   0x08003784   0x0000009c   Code   RO         4099    i.SetAlarm          timer.o
    0x08003820   0x08003820   0x00000024   Code   RO          482    i.SetupUSARTDMA_FIFIO  usartdma.o
    0x08003844   0x08003844   0x00000024   Code   RO         1108    i.Startsystimerforovertime  sys_timer.o
    0x08003868   0x08003868   0x0000004e   Code   RO         4043    i.SyncAlarm         sync.o
    0x080038b6   0x080038b6   0x00000002   PAD
    0x080038b8   0x080038b8   0x0000002c   Code   RO         3256    i.SysTick_Handler   port.o
    0x080038e4   0x080038e4   0x00000114   Code   RO         2518    i.SystemInit        system_stm32f4xx.o
    0x080039f8   0x080039f8   0x00000030   Code   RO          359    i.TIM6_DAC_IRQHandler  sysinfotest.o
    0x08003a28   0x08003a28   0x00000012   Code   RO         8305    i.TIM_ARRPreloadConfig  stm32f4xx_tim.o
    0x08003a3a   0x08003a3a   0x00000006   Code   RO         8312    i.TIM_ClearITPendingBit  stm32f4xx_tim.o
    0x08003a40   0x08003a40   0x00000012   Code   RO         8317    i.TIM_Cmd           stm32f4xx_tim.o
    0x08003a52   0x08003a52   0x00000016   Code   RO         8338    i.TIM_GetITStatus   stm32f4xx_tim.o
    0x08003a68   0x08003a68   0x00000010   Code   RO         8342    i.TIM_ITConfig      stm32f4xx_tim.o
    0x08003a78   0x08003a78   0x00000080   Code   RO         8389    i.TIM_TimeBaseInit  stm32f4xx_tim.o
    0x08003af8   0x08003af8   0x0000008c   Code   RO         3705    i.TPDO_Communication_Parameter_Callback  pdo.o
    0x08003b84   0x08003b84   0x000000bc   Code   RO         4100    i.TimeDispatch      timer.o
    0x08003c40   0x08003c40   0x0000008c   Code   RO          483    i.USART1_IRQHandler  usartdma.o
    0x08003ccc   0x08003ccc   0x000001b4   Code   RO          484    i.USARTDMA_Config   usartdma.o
    0x08003e80   0x08003e80   0x00000008   Code   RO          485    i.USARTDMA_FIFO_init  usartdma.o
    0x08003e88   0x08003e88   0x00000006   Code   RO         8850    i.USART_ClearFlag   stm32f4xx_usart.o
    0x08003e8e   0x08003e8e   0x00000012   Code   RO         8854    i.USART_Cmd         stm32f4xx_usart.o
    0x08003ea0   0x08003ea0   0x00000010   Code   RO         8855    i.USART_DMACmd      stm32f4xx_usart.o
    0x08003eb0   0x08003eb0   0x0000002c   Code   RO          486    i.USART_DMA_Receive  usartdma.o
    0x08003edc   0x08003edc   0x00000100   Code   RO         8856    i.USART_DeInit      stm32f4xx_usart.o
    0x08003fdc   0x08003fdc   0x0000000e   Code   RO         8857    i.USART_GetFlagStatus  stm32f4xx_usart.o
    0x08003fea   0x08003fea   0x00000042   Code   RO         8858    i.USART_GetITStatus  stm32f4xx_usart.o
    0x0800402c   0x0800402c   0x00000030   Code   RO         8860    i.USART_ITConfig    stm32f4xx_usart.o
    0x0800405c   0x0800405c   0x000000b8   Code   RO         8861    i.USART_Init        stm32f4xx_usart.o
    0x08004114   0x08004114   0x00000008   Code   RO         8868    i.USART_ReceiveData  stm32f4xx_usart.o
    0x0800411c   0x0800411c   0x00000002   Code   RO         2409    i.UsageFault_Handler  stm32f4xx_it.o
    0x0800411e   0x0800411e   0x00000002   PAD
    0x08004120   0x08004120   0x00000090   Code   RO         1062    i.WriteSDO          epos2_thread.o
    0x080041b0   0x080041b0   0x00000002   Code   RO         3706    i._RxPDO_EventTimers_Handler  pdo.o
    0x080041b2   0x080041b2   0x00000002   PAD
    0x080041b4   0x080041b4   0x00000020   Code   RO         9545    i.__0printf$5       mc_w.l(printf5.o)
    0x080041d4   0x080041d4   0x00000028   Code   RO         9547    i.__0sprintf$5      mc_w.l(printf5.o)
    0x080041fc   0x080041fc   0x0000000e   Code   RO         9715    i.__scatterload_copy  mc_w.l(handlers.o)
    0x0800420a   0x0800420a   0x00000002   Code   RO         9716    i.__scatterload_null  mc_w.l(handlers.o)
    0x0800420c   0x0800420c   0x0000000e   Code   RO         9717    i.__scatterload_zeroinit  mc_w.l(handlers.o)
    0x0800421a   0x0800421a   0x00000002   PAD
    0x0800421c   0x0800421c   0x000000c4   Code   RO         3663    i._getODentry       objacces.o
    0x080042e0   0x080042e0   0x00000002   Code   RO         3511    i._heartbeatError   lifegrd.o
    0x080042e2   0x080042e2   0x00000002   Code   RO         3975    i._initialisation   states.o
    0x080042e4   0x080042e4   0x00000002   Code   RO         3512    i._nodeguardError   lifegrd.o
    0x080042e6   0x080042e6   0x00000002   Code   RO         3976    i._operational      states.o
    0x080042e8   0x080042e8   0x00000002   Code   RO         3513    i._post_SlaveBootup  lifegrd.o
    0x080042ea   0x080042ea   0x00000002   Code   RO         3514    i._post_SlaveStateChange  lifegrd.o
    0x080042ec   0x080042ec   0x00000002   Code   RO         4044    i._post_TPDO        sync.o
    0x080042ee   0x080042ee   0x00000002   Code   RO         3451    i._post_emcy        emcy.o
    0x080042f0   0x080042f0   0x00000002   Code   RO         4045    i._post_sync        sync.o
    0x080042f2   0x080042f2   0x00000012   Code   RO         3977    i._preOperational   states.o
    0x08004304   0x08004304   0x000002c0   Code   RO         9552    i._printf_core      mc_w.l(printf5.o)
    0x080045c4   0x080045c4   0x00000130   Code   RO         3798    i._readNetworkDict  sdo.o
    0x080046f4   0x080046f4   0x00000150   Code   RO         3707    i._sendPDOevent     pdo.o
    0x08004844   0x08004844   0x0000010c   Code   RO         3664    i._setODentry       objacces.o
    0x08004950   0x08004950   0x0000000a   Code   RO         9554    i._sputc            mc_w.l(printf5.o)
    0x0800495a   0x0800495a   0x00000002   Code   RO         3978    i._stopped          states.o
    0x0800495c   0x0800495c   0x00000004   Code   RO         3665    i._storeODSubIndex  objacces.o
    0x08004960   0x08004960   0x0000019c   Code   RO         3799    i._writeNetworkDict  sdo.o
    0x08004afc   0x08004afc   0x00000024   Code   RO          614    i.bsp_GetKey        bsp_key.o
    0x08004b20   0x08004b20   0x000000c4   Code   RO          945    i.bsp_GetRCCofTIM   bsp_tim_pwm.o
    0x08004be4   0x08004be4   0x000000b4   Code   RO          411    i.bsp_Init          bsp.o
    0x08004c98   0x08004c98   0x0000009c   Code   RO          617    i.bsp_InitKey       bsp_key.o
    0x08004d34   0x08004d34   0x000000c8   Code   RO          618    i.bsp_KeyScan       bsp_key.o
    0x08004dfc   0x08004dfc   0x0000001c   Code   RO          619    i.bsp_PutKey        bsp_key.o
    0x08004e18   0x08004e18   0x000001b0   Code   RO          948    i.bsp_SetTIMforInt  bsp_tim_pwm.o
    0x08004fc8   0x08004fc8   0x000000dc   Code   RO         3708    i.buildPDO          pdo.o
    0x080050a4   0x080050a4   0x00000078   Code   RO         3979    i.canDispatch       states.o
    0x0800511c   0x0800511c   0x000001b0   Code   RO         3335    i.canInit           can_stm32.o
    0x080052cc   0x080052cc   0x00000054   Code   RO         3336    i.canSend           can_stm32.o
    0x08005320   0x08005320   0x000000e4   Code   RO         1008    i.canopen_dataprocess_thread  can_thread.o
    0x08005404   0x08005404   0x00000078   Code   RO         1009    i.canopen_init      can_thread.o
    0x0800547c   0x0800547c   0x00000094   Code   RO         9162    i.check_fs          ff.o
    0x08005510   0x08005510   0x00000068   Code   RO         3800    i.closeSDOtransfer  sdo.o
    0x08005578   0x08005578   0x00000016   Code   RO         9108    i.disk_initialize   diskio.o
    0x0800558e   0x0800558e   0x0000002a   Code   RO         9110    i.disk_read         diskio.o
    0x080055b8   0x080055b8   0x0000000a   Code   RO         9111    i.disk_status       diskio.o
    0x080055c2   0x080055c2   0x0000002a   Code   RO         9112    i.disk_write        diskio.o
    0x080055ec   0x080055ec   0x0000006c   Code   RO         2828    i.eTaskGetState     tasks.o
    0x08005658   0x08005658   0x00000020   Code   RO         3452    i.emergencyInit     emcy.o
    0x08005678   0x08005678   0x00000002   Code   RO         3453    i.emergencyStop     emcy.o
    0x0800567a   0x0800567a   0x0000003a   Code   RO         1185    i.exf_getfree       fatfs_thread.o
    0x080056b4   0x080056b4   0x000000e8   Code   RO         9172    i.f_getfree         ff.o
    0x0800579c   0x0800579c   0x00000050   Code   RO         9177    i.f_mount           ff.o
    0x080057ec   0x080057ec   0x000000c8   Code   RO         3801    i.failedSDO         sdo.o
    0x080058b4   0x080058b4   0x000003d0   Code   RO         9189    i.find_volume       ff.o
    0x08005c84   0x08005c84   0x00000014   Code   RO          491    i.fputc             usartdma.o
    0x08005c98   0x08005c98   0x00000014   Code   RO         3365    i.getElapsedTime    timer_stm32.o
    0x08005cac   0x08005cac   0x00000006   Code   RO         3980    i.getNodeId         states.o
    0x08005cb2   0x08005cb2   0x000000c8   Code   RO         3802    i.getReadResultNetworkDict  sdo.o
    0x08005d7a   0x08005d7a   0x0000003a   Code   RO         3803    i.getSDOfreeLine    sdo.o
    0x08005db4   0x08005db4   0x0000004c   Code   RO         3804    i.getSDOlineOnUse   sdo.o
    0x08005e00   0x08005e00   0x0000001e   Code   RO         3805    i.getSDOlineRestBytes  sdo.o
    0x08005e1e   0x08005e1e   0x00000052   Code   RO         3807    i.getWriteResultNetworkDict  sdo.o
    0x08005e70   0x08005e70   0x000000d6   Code   RO         9191    i.get_fat           ff.o
    0x08005f46   0x08005f46   0x00000044   Code   RO         9193    i.get_ldnumber      ff.o
    0x08005f8a   0x08005f8a   0x00000002   PAD
    0x08005f8c   0x08005f8c   0x00000088   Code   RO         3516    i.heartbeatInit     lifegrd.o
    0x08006014   0x08006014   0x00000088   Code   RO         3808    i.initSDOline       sdo.o
    0x0800609c   0x0800609c   0x00000010   Code   RO         3366    i.initTimer         timer_stm32.o
    0x080060ac   0x080060ac   0x00000012   Code   RO         3518    i.lifeGuardInit     lifegrd.o
    0x080060be   0x080060be   0x0000004e   Code   RO         3519    i.lifeGuardStop     lifegrd.o
    0x0800610c   0x0800610c   0x0000004c   Code   RO         3809    i.lineToSDO         sdo.o
    0x08006158   0x08006158   0x000000e0   Code   RO            4    i.main              main.o
    0x08006238   0x08006238   0x00000026   Code   RO         3621    i.masterSendNMTnodeguard  nmtmaster.o
    0x0800625e   0x0800625e   0x0000002a   Code   RO         3622    i.masterSendNMTstateChange  nmtmaster.o
    0x08006288   0x08006288   0x00000036   Code   RO         9195    i.move_window       ff.o
    0x080062be   0x080062be   0x00000002   PAD
    0x080062c0   0x080062c0   0x0000007c   Code   RO         3520    i.nodeguardInit     lifegrd.o
    0x0800633c   0x0800633c   0x00000048   Code   RO         3810    i.objdictToSDOline  sdo.o
    0x08006384   0x08006384   0x00000026   Code   RO         3454    i.proceedEMCY       emcy.o
    0x080063aa   0x080063aa   0x000000bc   Code   RO         3644    i.proceedNMTstateChange  nmtslave.o
    0x08006466   0x08006466   0x00000002   PAD
    0x08006468   0x08006468   0x00000118   Code   RO         3522    i.proceedNODE_GUARD  lifegrd.o
    0x08006580   0x08006580   0x0000026a   Code   RO         3709    i.proceedPDO        pdo.o
    0x080067ea   0x080067ea   0x00000002   PAD
    0x080067ec   0x080067ec   0x000018d8   Code   RO         3811    i.proceedSDO        sdo.o
    0x080080c4   0x080080c4   0x0000002a   Code   RO         4046    i.proceedSYNC       sync.o
    0x080080ee   0x080080ee   0x00000002   PAD
    0x080080f0   0x080080f0   0x00000074   Code   RO         2830    i.prvAddCurrentTaskToDelayedList  tasks.o
    0x08008164   0x08008164   0x0000005c   Code   RO         2701    i.prvCopyDataToQueue  queue.o
    0x080081c0   0x080081c0   0x0000007c   Code   RO         2831    i.prvIdleTask       tasks.o
    0x0800823c   0x0800823c   0x00000060   Code   RO         3211    i.prvInsertBlockIntoFreeList  heap_4.o
    0x0800829c   0x0800829c   0x00000040   Code   RO         3116    i.prvInsertTimerInActiveList  timers.o
    0x080082dc   0x080082dc   0x000000d4   Code   RO         2832    i.prvListTasksWithinSingleList  tasks.o
    0x080083b0   0x080083b0   0x00000098   Code   RO         3117    i.prvSampleTimeNow  timers.o
    0x08008448   0x08008448   0x0000002c   Code   RO         3257    i.prvTaskExitError  port.o
    0x08008474   0x08008474   0x00000238   Code   RO         3118    i.prvTimerTask      timers.o
    0x080086ac   0x080086ac   0x0000006c   Code   RO         2702    i.prvUnlockQueue    queue.o
    0x08008718   0x08008718   0x0000012c   Code   RO         3212    i.pvPortMalloc      heap_4.o
    0x08008844   0x08008844   0x00000024   Code   RO         3119    i.pvTimerGetTimerID  timers.o
    0x08008868   0x08008868   0x0000002c   Code   RO         3258    i.pxPortInitialiseStack  port.o
    0x08008894   0x08008894   0x00000018   Code   RO         3812    i.readNetworkDict   sdo.o
    0x080088ac   0x080088ac   0x00000018   Code   RO         3816    i.resetSDO          sdo.o
    0x080088c4   0x080088c4   0x0000003a   Code   RO         3817    i.resetSDOline      sdo.o
    0x080088fe   0x080088fe   0x00000002   PAD
    0x08008900   0x08008900   0x00000140   Code   RO         3710    i.sendOnePDOevent   pdo.o
    0x08008a40   0x08008a40   0x0000008c   Code   RO         3818    i.sendSDO           sdo.o
    0x08008acc   0x08008acc   0x0000016c   Code   RO         3982    i.setNodeId         states.o
    0x08008c38   0x08008c38   0x000000b4   Code   RO         3983    i.setState          states.o
    0x08008cec   0x08008cec   0x00000010   Code   RO         3367    i.setTimer          timer_stm32.o
    0x08008cfc   0x08008cfc   0x0000002e   Code   RO         3645    i.slaveSendBootUp   nmtslave.o
    0x08008d2a   0x08008d2a   0x00000002   PAD
    0x08008d2c   0x08008d2c   0x00000094   Code   RO         4049    i.startSYNC         sync.o
    0x08008dc0   0x08008dc0   0x0000002c   Code   RO         4050    i.stopSYNC          sync.o
    0x08008dec   0x08008dec   0x000000f0   Code   RO         3984    i.switchCommunicationState  states.o
    0x08008edc   0x08008edc   0x0000004a   Code   RO         9201    i.sync_window       ff.o
    0x08008f26   0x08008f26   0x00000002   PAD
    0x08008f28   0x08008f28   0x0000002c   Code   RO         1109    i.systimerforovertimeCreate  sys_timer.o
    0x08008f54   0x08008f54   0x00000024   Code   RO         2665    i.uxListRemove      list.o
    0x08008f78   0x08008f78   0x000000b8   Code   RO         2835    i.uxTaskGetSystemState  tasks.o
    0x08009030   0x08009030   0x00000020   Code   RO            5    i.vApplicationStackOverflowHook  main.o
    0x08009050   0x08009050   0x0000001c   Code   RO         3368    i.vApplicationTickHook  timer_stm32.o
    0x0800906c   0x0800906c   0x00000016   Code   RO         2666    i.vListInitialise   list.o
    0x08009082   0x08009082   0x00000006   Code   RO         2667    i.vListInitialiseItem  list.o
    0x08009088   0x08009088   0x00000036   Code   RO         2668    i.vListInsert       list.o
    0x080090be   0x080090be   0x00000018   Code   RO         2669    i.vListInsertEnd    list.o
    0x080090d6   0x080090d6   0x00000002   PAD
    0x080090d8   0x080090d8   0x00000040   Code   RO         3260    i.vPortEnterCritical  port.o
    0x08009118   0x08009118   0x0000002c   Code   RO         3261    i.vPortExitCritical  port.o
    0x08009144   0x08009144   0x00000060   Code   RO         3213    i.vPortFree         heap_4.o
    0x080091a4   0x080091a4   0x00000054   Code   RO         3263    i.vPortValidateInterruptPriority  port.o
    0x080091f8   0x080091f8   0x0000004a   Code   RO         2710    i.vQueueWaitForMessageRestricted  queue.o
    0x08009242   0x08009242   0x00000002   PAD
    0x08009244   0x08009244   0x00000014   Code   RO          360    i.vSetupSysInfoTest  sysinfotest.o
    0x08009258   0x08009258   0x0000004c   Code   RO         2840    i.vTaskDelay        tasks.o
    0x080092a4   0x080092a4   0x000000d4   Code   RO         2842    i.vTaskDelete       tasks.o
    0x08009378   0x08009378   0x000000e8   Code   RO         2845    i.vTaskGetRunTimeStats  tasks.o
    0x08009460   0x08009460   0x000000e0   Code   RO         2846    i.vTaskList         tasks.o
    0x08009540   0x08009540   0x0000000c   Code   RO         2847    i.vTaskMissedYield  tasks.o
    0x0800954c   0x0800954c   0x00000034   Code   RO         2849    i.vTaskPlaceOnEventList  tasks.o
    0x08009580   0x08009580   0x0000003c   Code   RO         2850    i.vTaskPlaceOnEventListRestricted  tasks.o
    0x080095bc   0x080095bc   0x00000024   Code   RO         2855    i.vTaskSetTimeOutState  tasks.o
    0x080095e0   0x080095e0   0x00000080   Code   RO         2856    i.vTaskStartScheduler  tasks.o
    0x08009660   0x08009660   0x00000010   Code   RO         2858    i.vTaskSuspendAll   tasks.o
    0x08009670   0x08009670   0x00000094   Code   RO         2859    i.vTaskSwitchContext  tasks.o
    0x08009704   0x08009704   0x00000168   Code   RO            6    i.vTaskTask1        main.o
    0x0800986c   0x0800986c   0x00000020   Code   RO            7    i.vTaskTask2        main.o
    0x0800988c   0x0800988c   0x00000020   Code   RO            8    i.vTaskTask3        main.o
    0x080098ac   0x080098ac   0x0000000c   Code   RO            9    i.vTaskTask4        main.o
    0x080098b8   0x080098b8   0x0000002c   Code   RO         1110    i.vsysTimerforovertimeCallback  sys_timer.o
    0x080098e4   0x080098e4   0x00000024   Code   RO         3821    i.writeNetworkDict  sdo.o
    0x08009908   0x08009908   0x0000001a   Code   RO         2569    i.xEventGroupCreate  event_groups.o
    0x08009922   0x08009922   0x00000002   PAD
    0x08009924   0x08009924   0x00000100   Code   RO         3264    i.xPortStartScheduler  port.o
    0x08009a24   0x08009a24   0x00000056   Code   RO         2711    i.xQueueGenericCreate  queue.o
    0x08009a7a   0x08009a7a   0x00000002   PAD
    0x08009a7c   0x08009a7c   0x00000194   Code   RO         2712    i.xQueueGenericReceive  queue.o
    0x08009c10   0x08009c10   0x00000088   Code   RO         2713    i.xQueueGenericReset  queue.o
    0x08009c98   0x08009c98   0x000001b4   Code   RO         2714    i.xQueueGenericSend  queue.o
    0x08009e4c   0x08009e4c   0x000000b8   Code   RO         2715    i.xQueueGenericSendFromISR  queue.o
    0x08009f04   0x08009f04   0x00000074   Code   RO         2860    i.xTaskCheckForTimeOut  tasks.o
    0x08009f78   0x08009f78   0x00000188   Code   RO         2861    i.xTaskCreate       tasks.o
    0x0800a100   0x0800a100   0x0000001c   Code   RO         2864    i.xTaskGetSchedulerState  tasks.o
    0x0800a11c   0x0800a11c   0x0000000c   Code   RO         2865    i.xTaskGetTickCount  tasks.o
    0x0800a128   0x0800a128   0x000000f8   Code   RO         2867    i.xTaskIncrementTick  tasks.o
    0x0800a220   0x0800a220   0x00000074   Code   RO         2870    i.xTaskRemoveFromEventList  tasks.o
    0x0800a294   0x0800a294   0x000000e8   Code   RO         2872    i.xTaskResumeAll    tasks.o
    0x0800a37c   0x0800a37c   0x0000008c   Code   RO         3121    i.xTimerCreate      timers.o
    0x0800a408   0x0800a408   0x00000080   Code   RO         3122    i.xTimerCreateTimerTask  timers.o
    0x0800a488   0x0800a488   0x00000070   Code   RO         3123    i.xTimerGenericCommand  timers.o
    0x0800a4f8   0x0800a4f8   0x00000001   Data   RO         1222    .constdata          od_node1.o
    0x0800a4f9   0x0800a4f9   0x00000003   PAD
    0x0800a4fc   0x0800a4fc   0x00000510   Data   RO         1223    .constdata          od_node1.o
    0x0800aa0c   0x0800aa0c   0x0000000c   Data   RO         1224    .constdata          od_node1.o
    0x0800aa18   0x0800aa18   0x0000000c   Data   RO         1225    .constdata          od_node1.o
    0x0800aa24   0x0800aa24   0x00000002   Data   RO         1226    .constdata          od_node1.o
    0x0800aa26   0x0800aa26   0x00000002   PAD
    0x0800aa28   0x0800aa28   0x00000040   Data   RO         3985    .constdata          states.o
    0x0800aa68   0x0800aa68   0x00000020   Data   RO         9713    Region$$Table       anon$$obj.o


    Execution Region RW_IRAM1 (Exec base: 0x20000000, Load base: 0x0800aa88, Size: 0x0000b958, Max: 0x00020000, ABSOLUTE, COMPRESSED[0x000008b4])

    Exec Addr    Load Addr    Size         Type   Attr      Idx    E Section Name        Object

    0x20000000   COMPRESSED   0x00000018   Data   RW           11    .data               main.o
    0x20000018   COMPRESSED   0x00000004   Data   RW          361    .data               sysinfotest.o
    0x2000001c   COMPRESSED   0x00000008   Data   RW          493    .data               usartdma.o
    0x20000024   COMPRESSED   0x00000018   Data   RW          733    .data               sdio_sdcard.o
    0x2000003c   COMPRESSED   0x00000008   Data   RW         1011    .data               can_thread.o
    0x20000044   COMPRESSED   0x00000004   Data   RW         1063    .data               epos2_thread.o
    0x20000048   COMPRESSED   0x00000008   Data   RW         1111    .data               sys_timer.o
    0x20000050   COMPRESSED   0x00000001   Data   RW         1187    .data               fatfs_thread.o
    0x20000051   COMPRESSED   0x00000001   Data   RW         1227    .data               od_node1.o
    0x20000052   COMPRESSED   0x00000002   Data   RW         1228    .data               od_node1.o
    0x20000054   COMPRESSED   0x00000002   Data   RW         1229    .data               od_node1.o
    0x20000056   COMPRESSED   0x00000002   Data   RW         1230    .data               od_node1.o
    0x20000058   COMPRESSED   0x00000002   Data   RW         1231    .data               od_node1.o
    0x2000005a   COMPRESSED   0x00000002   Data   RW         1232    .data               od_node1.o
    0x2000005c   COMPRESSED   0x00000002   Data   RW         1233    .data               od_node1.o
    0x2000005e   COMPRESSED   0x00000002   Data   RW         1234    .data               od_node1.o
    0x20000060   COMPRESSED   0x00000008   Data   RW         1235    .data               od_node1.o
    0x20000068   COMPRESSED   0x00000002   Data   RW         1236    .data               od_node1.o
    0x2000006a   COMPRESSED   0x00000002   Data   RW         1237    .data               od_node1.o
    0x2000006c   COMPRESSED   0x00000002   Data   RW         1238    .data               od_node1.o
    0x2000006e   COMPRESSED   0x00000002   Data   RW         1239    .data               od_node1.o
    0x20000070   COMPRESSED   0x00000002   Data   RW         1240    .data               od_node1.o
    0x20000072   COMPRESSED   0x00000002   PAD
    0x20000074   COMPRESSED   0x00000004   Data   RW         1241    .data               od_node1.o
    0x20000078   COMPRESSED   0x00000004   Data   RW         1242    .data               od_node1.o
    0x2000007c   COMPRESSED   0x00000004   Data   RW         1243    .data               od_node1.o
    0x20000080   COMPRESSED   0x00000004   Data   RW         1244    .data               od_node1.o
    0x20000084   COMPRESSED   0x00000002   Data   RW         1245    .data               od_node1.o
    0x20000086   COMPRESSED   0x00000002   Data   RW         1246    .data               od_node1.o
    0x20000088   COMPRESSED   0x00000002   Data   RW         1247    .data               od_node1.o
    0x2000008a   COMPRESSED   0x00000002   Data   RW         1248    .data               od_node1.o
    0x2000008c   COMPRESSED   0x00000002   Data   RW         1249    .data               od_node1.o
    0x2000008e   COMPRESSED   0x00000002   Data   RW         1250    .data               od_node1.o
    0x20000090   COMPRESSED   0x00000002   Data   RW         1251    .data               od_node1.o
    0x20000092   COMPRESSED   0x00000002   Data   RW         1252    .data               od_node1.o
    0x20000094   COMPRESSED   0x00000002   Data   RW         1253    .data               od_node1.o
    0x20000096   COMPRESSED   0x00000002   Data   RW         1254    .data               od_node1.o
    0x20000098   COMPRESSED   0x00000002   Data   RW         1255    .data               od_node1.o
    0x2000009a   COMPRESSED   0x00000002   Data   RW         1256    .data               od_node1.o
    0x2000009c   COMPRESSED   0x00000002   Data   RW         1257    .data               od_node1.o
    0x2000009e   COMPRESSED   0x00000002   Data   RW         1258    .data               od_node1.o
    0x200000a0   COMPRESSED   0x00000002   Data   RW         1259    .data               od_node1.o
    0x200000a2   COMPRESSED   0x00000002   Data   RW         1260    .data               od_node1.o
    0x200000a4   COMPRESSED   0x00000002   Data   RW         1261    .data               od_node1.o
    0x200000a6   COMPRESSED   0x00000001   Data   RW         1262    .data               od_node1.o
    0x200000a7   COMPRESSED   0x00000001   PAD
    0x200000a8   COMPRESSED   0x00000004   Data   RW         1263    .data               od_node1.o
    0x200000ac   COMPRESSED   0x00000004   Data   RW         1264    .data               od_node1.o
    0x200000b0   COMPRESSED   0x00000002   Data   RW         1265    .data               od_node1.o
    0x200000b2   COMPRESSED   0x00000002   Data   RW         1266    .data               od_node1.o
    0x200000b4   COMPRESSED   0x00000002   Data   RW         1267    .data               od_node1.o
    0x200000b6   COMPRESSED   0x00000002   PAD
    0x200000b8   COMPRESSED   0x00000004   Data   RW         1268    .data               od_node1.o
    0x200000bc   COMPRESSED   0x00000004   Data   RW         1269    .data               od_node1.o
    0x200000c0   COMPRESSED   0x00000002   Data   RW         1270    .data               od_node1.o
    0x200000c2   COMPRESSED   0x00000002   Data   RW         1271    .data               od_node1.o
    0x200000c4   COMPRESSED   0x00000004   Data   RW         1272    .data               od_node1.o
    0x200000c8   COMPRESSED   0x00000004   Data   RW         1273    .data               od_node1.o
    0x200000cc   COMPRESSED   0x00000004   Data   RW         1274    .data               od_node1.o
    0x200000d0   COMPRESSED   0x00000004   Data   RW         1275    .data               od_node1.o
    0x200000d4   COMPRESSED   0x00000004   Data   RW         1276    .data               od_node1.o
    0x200000d8   COMPRESSED   0x00000002   Data   RW         1277    .data               od_node1.o
    0x200000da   COMPRESSED   0x00000002   Data   RW         1278    .data               od_node1.o
    0x200000dc   COMPRESSED   0x00000002   Data   RW         1279    .data               od_node1.o
    0x200000de   COMPRESSED   0x00000002   Data   RW         1280    .data               od_node1.o
    0x200000e0   COMPRESSED   0x00000002   Data   RW         1281    .data               od_node1.o
    0x200000e2   COMPRESSED   0x00000002   Data   RW         1282    .data               od_node1.o
    0x200000e4   COMPRESSED   0x00000002   Data   RW         1283    .data               od_node1.o
    0x200000e6   COMPRESSED   0x00000002   Data   RW         1284    .data               od_node1.o
    0x200000e8   COMPRESSED   0x00000002   Data   RW         1285    .data               od_node1.o
    0x200000ea   COMPRESSED   0x00000002   Data   RW         1286    .data               od_node1.o
    0x200000ec   COMPRESSED   0x00000002   Data   RW         1287    .data               od_node1.o
    0x200000ee   COMPRESSED   0x00000002   Data   RW         1288    .data               od_node1.o
    0x200000f0   COMPRESSED   0x00000002   Data   RW         1289    .data               od_node1.o
    0x200000f2   COMPRESSED   0x00000002   Data   RW         1290    .data               od_node1.o
    0x200000f4   COMPRESSED   0x00000002   Data   RW         1291    .data               od_node1.o
    0x200000f6   COMPRESSED   0x00000002   Data   RW         1292    .data               od_node1.o
    0x200000f8   COMPRESSED   0x00000002   Data   RW         1293    .data               od_node1.o
    0x200000fa   COMPRESSED   0x00000002   Data   RW         1294    .data               od_node1.o
    0x200000fc   COMPRESSED   0x00000002   Data   RW         1295    .data               od_node1.o
    0x200000fe   COMPRESSED   0x00000002   PAD
    0x20000100   COMPRESSED   0x00000004   Data   RW         1296    .data               od_node1.o
    0x20000104   COMPRESSED   0x00000004   Data   RW         1297    .data               od_node1.o
    0x20000108   COMPRESSED   0x00000004   Data   RW         1298    .data               od_node1.o
    0x2000010c   COMPRESSED   0x00000004   Data   RW         1299    .data               od_node1.o
    0x20000110   COMPRESSED   0x00000002   Data   RW         1300    .data               od_node1.o
    0x20000112   COMPRESSED   0x00000002   Data   RW         1301    .data               od_node1.o
    0x20000114   COMPRESSED   0x00000002   Data   RW         1302    .data               od_node1.o
    0x20000116   COMPRESSED   0x00000002   Data   RW         1303    .data               od_node1.o
    0x20000118   COMPRESSED   0x00000002   Data   RW         1304    .data               od_node1.o
    0x2000011a   COMPRESSED   0x00000002   Data   RW         1305    .data               od_node1.o
    0x2000011c   COMPRESSED   0x00000002   Data   RW         1306    .data               od_node1.o
    0x2000011e   COMPRESSED   0x00000002   Data   RW         1307    .data               od_node1.o
    0x20000120   COMPRESSED   0x00000002   Data   RW         1308    .data               od_node1.o
    0x20000122   COMPRESSED   0x00000002   Data   RW         1309    .data               od_node1.o
    0x20000124   COMPRESSED   0x00000002   Data   RW         1310    .data               od_node1.o
    0x20000126   COMPRESSED   0x00000002   Data   RW         1311    .data               od_node1.o
    0x20000128   COMPRESSED   0x00000002   Data   RW         1312    .data               od_node1.o
    0x2000012a   COMPRESSED   0x00000002   PAD
    0x2000012c   COMPRESSED   0x00000004   Data   RW         1313    .data               od_node1.o
    0x20000130   COMPRESSED   0x00000001   Data   RW         1314    .data               od_node1.o
    0x20000131   COMPRESSED   0x00000001   Data   RW         1315    .data               od_node1.o
    0x20000132   COMPRESSED   0x00000002   Data   RW         1316    .data               od_node1.o
    0x20000134   COMPRESSED   0x00000004   Data   RW         1317    .data               od_node1.o
    0x20000138   COMPRESSED   0x00000004   Data   RW         1318    .data               od_node1.o
    0x2000013c   COMPRESSED   0x00000002   Data   RW         1319    .data               od_node1.o
    0x2000013e   COMPRESSED   0x00000002   Data   RW         1320    .data               od_node1.o
    0x20000140   COMPRESSED   0x00000002   Data   RW         1321    .data               od_node1.o
    0x20000142   COMPRESSED   0x00000002   Data   RW         1322    .data               od_node1.o
    0x20000144   COMPRESSED   0x00000002   Data   RW         1323    .data               od_node1.o
    0x20000146   COMPRESSED   0x00000002   Data   RW         1324    .data               od_node1.o
    0x20000148   COMPRESSED   0x00000002   Data   RW         1325    .data               od_node1.o
    0x2000014a   COMPRESSED   0x00000002   Data   RW         1326    .data               od_node1.o
    0x2000014c   COMPRESSED   0x00000002   Data   RW         1327    .data               od_node1.o
    0x2000014e   COMPRESSED   0x00000002   PAD
    0x20000150   COMPRESSED   0x00000004   Data   RW         1328    .data               od_node1.o
    0x20000154   COMPRESSED   0x00000004   Data   RW         1329    .data               od_node1.o
    0x20000158   COMPRESSED   0x00000002   Data   RW         1330    .data               od_node1.o
    0x2000015a   COMPRESSED   0x00000002   Data   RW         1331    .data               od_node1.o
    0x2000015c   COMPRESSED   0x00000002   Data   RW         1332    .data               od_node1.o
    0x2000015e   COMPRESSED   0x00000002   Data   RW         1333    .data               od_node1.o
    0x20000160   COMPRESSED   0x00000002   Data   RW         1334    .data               od_node1.o
    0x20000162   COMPRESSED   0x00000002   Data   RW         1335    .data               od_node1.o
    0x20000164   COMPRESSED   0x00000002   Data   RW         1336    .data               od_node1.o
    0x20000166   COMPRESSED   0x00000002   Data   RW         1337    .data               od_node1.o
    0x20000168   COMPRESSED   0x00000004   Data   RW         1338    .data               od_node1.o
    0x2000016c   COMPRESSED   0x00000004   Data   RW         1339    .data               od_node1.o
    0x20000170   COMPRESSED   0x00000008   Data   RW         1340    .data               od_node1.o
    0x20000178   COMPRESSED   0x00000002   Data   RW         1341    .data               od_node1.o
    0x2000017a   COMPRESSED   0x00000002   Data   RW         1342    .data               od_node1.o
    0x2000017c   COMPRESSED   0x00000002   Data   RW         1343    .data               od_node1.o
    0x2000017e   COMPRESSED   0x00000002   Data   RW         1344    .data               od_node1.o
    0x20000180   COMPRESSED   0x00000002   Data   RW         1345    .data               od_node1.o
    0x20000182   COMPRESSED   0x00000002   Data   RW         1346    .data               od_node1.o
    0x20000184   COMPRESSED   0x00000002   Data   RW         1347    .data               od_node1.o
    0x20000186   COMPRESSED   0x00000002   Data   RW         1348    .data               od_node1.o
    0x20000188   COMPRESSED   0x00000002   Data   RW         1349    .data               od_node1.o
    0x2000018a   COMPRESSED   0x00000002   Data   RW         1350    .data               od_node1.o
    0x2000018c   COMPRESSED   0x00000004   Data   RW         1351    .data               od_node1.o
    0x20000190   COMPRESSED   0x00000002   Data   RW         1352    .data               od_node1.o
    0x20000192   COMPRESSED   0x00000002   Data   RW         1353    .data               od_node1.o
    0x20000194   COMPRESSED   0x00000002   Data   RW         1354    .data               od_node1.o
    0x20000196   COMPRESSED   0x00000002   Data   RW         1355    .data               od_node1.o
    0x20000198   COMPRESSED   0x00000002   Data   RW         1356    .data               od_node1.o
    0x2000019a   COMPRESSED   0x00000002   PAD
    0x2000019c   COMPRESSED   0x00000004   Data   RW         1357    .data               od_node1.o
    0x200001a0   COMPRESSED   0x00000002   Data   RW         1358    .data               od_node1.o
    0x200001a2   COMPRESSED   0x00000002   PAD
    0x200001a4   COMPRESSED   0x00000004   Data   RW         1359    .data               od_node1.o
    0x200001a8   COMPRESSED   0x00000004   Data   RW         1360    .data               od_node1.o
    0x200001ac   COMPRESSED   0x00000004   Data   RW         1361    .data               od_node1.o
    0x200001b0   COMPRESSED   0x00000004   Data   RW         1362    .data               od_node1.o
    0x200001b4   COMPRESSED   0x00000004   Data   RW         1363    .data               od_node1.o
    0x200001b8   COMPRESSED   0x00000002   Data   RW         1364    .data               od_node1.o
    0x200001ba   COMPRESSED   0x00000002   Data   RW         1365    .data               od_node1.o
    0x200001bc   COMPRESSED   0x00000004   Data   RW         1366    .data               od_node1.o
    0x200001c0   COMPRESSED   0x00000002   Data   RW         1367    .data               od_node1.o
    0x200001c2   COMPRESSED   0x00000002   PAD
    0x200001c4   COMPRESSED   0x00000004   Data   RW         1368    .data               od_node1.o
    0x200001c8   COMPRESSED   0x00000002   Data   RW         1369    .data               od_node1.o
    0x200001ca   COMPRESSED   0x00000002   PAD
    0x200001cc   COMPRESSED   0x00000004   Data   RW         1370    .data               od_node1.o
    0x200001d0   COMPRESSED   0x00000004   Data   RW         1371    .data               od_node1.o
    0x200001d4   COMPRESSED   0x00000002   Data   RW         1372    .data               od_node1.o
    0x200001d6   COMPRESSED   0x00000002   Data   RW         1373    .data               od_node1.o
    0x200001d8   COMPRESSED   0x00000001   Data   RW         1374    .data               od_node1.o
    0x200001d9   COMPRESSED   0x00000003   PAD
    0x200001dc   COMPRESSED   0x00000004   Data   RW         1375    .data               od_node1.o
    0x200001e0   COMPRESSED   0x00000002   Data   RW         1376    .data               od_node1.o
    0x200001e2   COMPRESSED   0x00000002   Data   RW         1377    .data               od_node1.o
    0x200001e4   COMPRESSED   0x00000001   Data   RW         1378    .data               od_node1.o
    0x200001e5   COMPRESSED   0x00000001   PAD
    0x200001e6   COMPRESSED   0x00000002   Data   RW         1379    .data               od_node1.o
    0x200001e8   COMPRESSED   0x00000002   Data   RW         1380    .data               od_node1.o
    0x200001ea   COMPRESSED   0x00000002   PAD
    0x200001ec   COMPRESSED   0x00000004   Data   RW         1381    .data               od_node1.o
    0x200001f0   COMPRESSED   0x00000001   Data   RW         1382    .data               od_node1.o
    0x200001f1   COMPRESSED   0x00000003   PAD
    0x200001f4   COMPRESSED   0x00000004   Data   RW         1383    .data               od_node1.o
    0x200001f8   COMPRESSED   0x00000002   Data   RW         1384    .data               od_node1.o
    0x200001fa   COMPRESSED   0x00000002   PAD
    0x200001fc   COMPRESSED   0x00000004   Data   RW         1385    .data               od_node1.o
    0x20000200   COMPRESSED   0x00000001   Data   RW         1386    .data               od_node1.o
    0x20000201   COMPRESSED   0x00000003   PAD
    0x20000204   COMPRESSED   0x00000004   Data   RW         1387    .data               od_node1.o
    0x20000208   COMPRESSED   0x00000002   Data   RW         1388    .data               od_node1.o
    0x2000020a   COMPRESSED   0x00000002   PAD
    0x2000020c   COMPRESSED   0x00000004   Data   RW         1389    .data               od_node1.o
    0x20000210   COMPRESSED   0x00000002   Data   RW         1390    .data               od_node1.o
    0x20000212   COMPRESSED   0x00000002   PAD
    0x20000214   COMPRESSED   0x00000004   Data   RW         1391    .data               od_node1.o
    0x20000218   COMPRESSED   0x00000004   Data   RW         1392    .data               od_node1.o
    0x2000021c   COMPRESSED   0x00000002   Data   RW         1393    .data               od_node1.o
    0x2000021e   COMPRESSED   0x00000002   PAD
    0x20000220   COMPRESSED   0x00000004   Data   RW         1394    .data               od_node1.o
    0x20000224   COMPRESSED   0x00000004   Data   RW         1395    .data               od_node1.o
    0x20000228   COMPRESSED   0x00000002   Data   RW         1396    .data               od_node1.o
    0x2000022a   COMPRESSED   0x00000002   Data   RW         1397    .data               od_node1.o
    0x2000022c   COMPRESSED   0x00000004   Data   RW         1398    .data               od_node1.o
    0x20000230   COMPRESSED   0x00000004   Data   RW         1399    .data               od_node1.o
    0x20000234   COMPRESSED   0x00000002   Data   RW         1400    .data               od_node1.o
    0x20000236   COMPRESSED   0x00000002   Data   RW         1401    .data               od_node1.o
    0x20000238   COMPRESSED   0x00000002   Data   RW         1402    .data               od_node1.o
    0x2000023a   COMPRESSED   0x00000002   Data   RW         1403    .data               od_node1.o
    0x2000023c   COMPRESSED   0x00000002   Data   RW         1404    .data               od_node1.o
    0x2000023e   COMPRESSED   0x00000002   PAD
    0x20000240   COMPRESSED   0x00000004   Data   RW         1405    .data               od_node1.o
    0x20000244   COMPRESSED   0x00000002   Data   RW         1406    .data               od_node1.o
    0x20000246   COMPRESSED   0x00000001   Data   RW         1407    .data               od_node1.o
    0x20000247   COMPRESSED   0x00000001   PAD
    0x20000248   COMPRESSED   0x00000002   Data   RW         1408    .data               od_node1.o
    0x2000024a   COMPRESSED   0x00000002   PAD
    0x2000024c   COMPRESSED   0x00000004   Data   RW         1409    .data               od_node1.o
    0x20000250   COMPRESSED   0x00000004   Data   RW         1410    .data               od_node1.o
    0x20000254   COMPRESSED   0x00000002   Data   RW         1411    .data               od_node1.o
    0x20000256   COMPRESSED   0x00000002   Data   RW         1412    .data               od_node1.o
    0x20000258   COMPRESSED   0x00000002   Data   RW         1413    .data               od_node1.o
    0x2000025a   COMPRESSED   0x00000002   Data   RW         1414    .data               od_node1.o
    0x2000025c   COMPRESSED   0x00000002   Data   RW         1415    .data               od_node1.o
    0x2000025e   COMPRESSED   0x00000002   Data   RW         1416    .data               od_node1.o
    0x20000260   COMPRESSED   0x00000001   Data   RW         1417    .data               od_node1.o
    0x20000261   COMPRESSED   0x00000001   Data   RW         1418    .data               od_node1.o
    0x20000262   COMPRESSED   0x00000002   PAD
    0x20000264   COMPRESSED   0x00000004   Data   RW         1419    .data               od_node1.o
    0x20000268   COMPRESSED   0x00000004   Data   RW         1420    .data               od_node1.o
    0x2000026c   COMPRESSED   0x00000004   Data   RW         1421    .data               od_node1.o
    0x20000270   COMPRESSED   0x00000004   Data   RW         1422    .data               od_node1.o
    0x20000274   COMPRESSED   0x00000002   Data   RW         1423    .data               od_node1.o
    0x20000276   COMPRESSED   0x00000002   PAD
    0x20000278   COMPRESSED   0x00000004   Data   RW         1424    .data               od_node1.o
    0x2000027c   COMPRESSED   0x00000004   Data   RW         1425    .data               od_node1.o
    0x20000280   COMPRESSED   0x00000004   Data   RW         1426    .data               od_node1.o
    0x20000284   COMPRESSED   0x00000004   Data   RW         1427    .data               od_node1.o
    0x20000288   COMPRESSED   0x00000002   Data   RW         1428    .data               od_node1.o
    0x2000028a   COMPRESSED   0x00000002   Data   RW         1429    .data               od_node1.o
    0x2000028c   COMPRESSED   0x00000004   Data   RW         1430    .data               od_node1.o
    0x20000290   COMPRESSED   0x00000004   Data   RW         1431    .data               od_node1.o
    0x20000294   COMPRESSED   0x00000004   Data   RW         1432    .data               od_node1.o
    0x20000298   COMPRESSED   0x00000004   Data   RW         1433    .data               od_node1.o
    0x2000029c   COMPRESSED   0x00000004   Data   RW         1434    .data               od_node1.o
    0x200002a0   COMPRESSED   0x00000004   Data   RW         1435    .data               od_node1.o
    0x200002a4   COMPRESSED   0x00000004   Data   RW         1436    .data               od_node1.o
    0x200002a8   COMPRESSED   0x00000004   Data   RW         1437    .data               od_node1.o
    0x200002ac   COMPRESSED   0x00000004   Data   RW         1438    .data               od_node1.o
    0x200002b0   COMPRESSED   0x00000002   Data   RW         1439    .data               od_node1.o
    0x200002b2   COMPRESSED   0x00000001   Data   RW         1440    .data               od_node1.o
    0x200002b3   COMPRESSED   0x00000001   Data   RW         1441    .data               od_node1.o
    0x200002b4   COMPRESSED   0x00000001   Data   RW         1442    .data               od_node1.o
    0x200002b5   COMPRESSED   0x00000001   Data   RW         1443    .data               od_node1.o
    0x200002b6   COMPRESSED   0x00000001   Data   RW         1444    .data               od_node1.o
    0x200002b7   COMPRESSED   0x00000001   Data   RW         1445    .data               od_node1.o
    0x200002b8   COMPRESSED   0x00000001   Data   RW         1446    .data               od_node1.o
    0x200002b9   COMPRESSED   0x00000003   PAD
    0x200002bc   COMPRESSED   0x00000004   Data   RW         1447    .data               od_node1.o
    0x200002c0   COMPRESSED   0x00000004   Data   RW         1448    .data               od_node1.o
    0x200002c4   COMPRESSED   0x00000004   Data   RW         1449    .data               od_node1.o
    0x200002c8   COMPRESSED   0x00000002   Data   RW         1450    .data               od_node1.o
    0x200002ca   COMPRESSED   0x00000001   Data   RW         1451    .data               od_node1.o
    0x200002cb   COMPRESSED   0x00000001   Data   RW         1452    .data               od_node1.o
    0x200002cc   COMPRESSED   0x00000004   Data   RW         1453    .data               od_node1.o
    0x200002d0   COMPRESSED   0x00000004   Data   RW         1454    .data               od_node1.o
    0x200002d4   COMPRESSED   0x00000001   Data   RW         1455    .data               od_node1.o
    0x200002d5   COMPRESSED   0x00000001   PAD
    0x200002d6   COMPRESSED   0x00000002   Data   RW         1456    .data               od_node1.o
    0x200002d8   COMPRESSED   0x00000001   Data   RW         1457    .data               od_node1.o
    0x200002d9   COMPRESSED   0x00000001   Data   RW         1458    .data               od_node1.o
    0x200002da   COMPRESSED   0x00000002   PAD
    0x200002dc   COMPRESSED   0x00000004   Data   RW         1459    .data               od_node1.o
    0x200002e0   COMPRESSED   0x00000002   Data   RW         1460    .data               od_node1.o
    0x200002e2   COMPRESSED   0x00000002   Data   RW         1461    .data               od_node1.o
    0x200002e4   COMPRESSED   0x00000002   Data   RW         1462    .data               od_node1.o
    0x200002e6   COMPRESSED   0x00000002   Data   RW         1463    .data               od_node1.o
    0x200002e8   COMPRESSED   0x00000001   Data   RW         1464    .data               od_node1.o
    0x200002e9   COMPRESSED   0x00000001   PAD
    0x200002ea   COMPRESSED   0x00000002   Data   RW         1465    .data               od_node1.o
    0x200002ec   COMPRESSED   0x00000002   Data   RW         1466    .data               od_node1.o
    0x200002ee   COMPRESSED   0x00000002   Data   RW         1467    .data               od_node1.o
    0x200002f0   COMPRESSED   0x00000002   Data   RW         1468    .data               od_node1.o
    0x200002f2   COMPRESSED   0x00000002   Data   RW         1469    .data               od_node1.o
    0x200002f4   COMPRESSED   0x00000002   Data   RW         1470    .data               od_node1.o
    0x200002f6   COMPRESSED   0x00000002   Data   RW         1471    .data               od_node1.o
    0x200002f8   COMPRESSED   0x00000004   Data   RW         1472    .data               od_node1.o
    0x200002fc   COMPRESSED   0x00000002   Data   RW         1473    .data               od_node1.o
    0x200002fe   COMPRESSED   0x00000002   Data   RW         1474    .data               od_node1.o
    0x20000300   COMPRESSED   0x00000002   Data   RW         1475    .data               od_node1.o
    0x20000302   COMPRESSED   0x00000001   Data   RW         1476    .data               od_node1.o
    0x20000303   COMPRESSED   0x00000001   PAD
    0x20000304   COMPRESSED   0x00000004   Data   RW         1477    .data               od_node1.o
    0x20000308   COMPRESSED   0x00000002   Data   RW         1478    .data               od_node1.o
    0x2000030a   COMPRESSED   0x00000002   PAD
    0x2000030c   COMPRESSED   0x00000004   Data   RW         1479    .data               od_node1.o
    0x20000310   COMPRESSED   0x00000001   Data   RW         1480    .data               od_node1.o
    0x20000311   COMPRESSED   0x00000001   PAD
    0x20000312   COMPRESSED   0x00000004   Data   RW         1481    .data               od_node1.o
    0x20000316   COMPRESSED   0x00000002   PAD
    0x20000318   COMPRESSED   0x00000004   Data   RW         1482    .data               od_node1.o
    0x2000031c   COMPRESSED   0x00000010   Data   RW         1483    .data               od_node1.o
    0x2000032c   COMPRESSED   0x00000001   Data   RW         1484    .data               od_node1.o
    0x2000032d   COMPRESSED   0x00000003   PAD
    0x20000330   COMPRESSED   0x00000010   Data   RW         1485    .data               od_node1.o
    0x20000340   COMPRESSED   0x00000004   Data   RW         1486    .data               od_node1.o
    0x20000344   COMPRESSED   0x00000010   Data   RW         1487    .data               od_node1.o
    0x20000354   COMPRESSED   0x00000001   Data   RW         1488    .data               od_node1.o
    0x20000355   COMPRESSED   0x00000003   PAD
    0x20000358   COMPRESSED   0x00000060   Data   RW         1489    .data               od_node1.o
    0x200003b8   COMPRESSED   0x00000004   Data   RW         1490    .data               od_node1.o
    0x200003bc   COMPRESSED   0x00000010   Data   RW         1491    .data               od_node1.o
    0x200003cc   COMPRESSED   0x00000004   Data   RW         1492    .data               od_node1.o
    0x200003d0   COMPRESSED   0x00000010   Data   RW         1493    .data               od_node1.o
    0x200003e0   COMPRESSED   0x00000004   Data   RW         1494    .data               od_node1.o
    0x200003e4   COMPRESSED   0x00000010   Data   RW         1495    .data               od_node1.o
    0x200003f4   COMPRESSED   0x00000010   Data   RW         1496    .data               od_node1.o
    0x20000404   COMPRESSED   0x00000010   Data   RW         1497    .data               od_node1.o
    0x20000414   COMPRESSED   0x00000010   Data   RW         1498    .data               od_node1.o
    0x20000424   COMPRESSED   0x00000002   Data   RW         1499    .data               od_node1.o
    0x20000426   COMPRESSED   0x00000002   PAD
    0x20000428   COMPRESSED   0x00000010   Data   RW         1500    .data               od_node1.o
    0x20000438   COMPRESSED   0x00000001   Data   RW         1501    .data               od_node1.o
    0x20000439   COMPRESSED   0x00000003   PAD
    0x2000043c   COMPRESSED   0x00000010   Data   RW         1502    .data               od_node1.o
    0x2000044c   COMPRESSED   0x00000001   Data   RW         1503    .data               od_node1.o
    0x2000044d   COMPRESSED   0x00000003   PAD
    0x20000450   COMPRESSED   0x00000004   Data   RW         1504    .data               od_node1.o
    0x20000454   COMPRESSED   0x00000020   Data   RW         1505    .data               od_node1.o
    0x20000474   COMPRESSED   0x00000001   Data   RW         1506    .data               od_node1.o
    0x20000475   COMPRESSED   0x00000003   PAD
    0x20000478   COMPRESSED   0x00000004   Data   RW         1507    .data               od_node1.o
    0x2000047c   COMPRESSED   0x00000004   Data   RW         1508    .data               od_node1.o
    0x20000480   COMPRESSED   0x00000004   Data   RW         1509    .data               od_node1.o
    0x20000484   COMPRESSED   0x00000004   Data   RW         1510    .data               od_node1.o
    0x20000488   COMPRESSED   0x00000004   Data   RW         1511    .data               od_node1.o
    0x2000048c   COMPRESSED   0x00000060   Data   RW         1512    .data               od_node1.o
    0x200004ec   COMPRESSED   0x00000004   Data   RW         1513    .data               od_node1.o
    0x200004f0   COMPRESSED   0x00000010   Data   RW         1514    .data               od_node1.o
    0x20000500   COMPRESSED   0x00000004   Data   RW         1515    .data               od_node1.o
    0x20000504   COMPRESSED   0x00000010   Data   RW         1516    .data               od_node1.o
    0x20000514   COMPRESSED   0x00000004   Data   RW         1517    .data               od_node1.o
    0x20000518   COMPRESSED   0x00000010   Data   RW         1518    .data               od_node1.o
    0x20000528   COMPRESSED   0x00000001   Data   RW         1519    .data               od_node1.o
    0x20000529   COMPRESSED   0x00000003   PAD
    0x2000052c   COMPRESSED   0x00000008   Data   RW         1520    .data               od_node1.o
    0x20000534   COMPRESSED   0x00000030   Data   RW         1521    .data               od_node1.o
    0x20000564   COMPRESSED   0x00000002   Data   RW         1522    .data               od_node1.o
    0x20000566   COMPRESSED   0x00000002   PAD
    0x20000568   COMPRESSED   0x00000010   Data   RW         1523    .data               od_node1.o
    0x20000578   COMPRESSED   0x00000001   Data   RW         1524    .data               od_node1.o
    0x20000579   COMPRESSED   0x00000003   PAD
    0x2000057c   COMPRESSED   0x00000004   Data   RW         1525    .data               od_node1.o
    0x20000580   COMPRESSED   0x00000004   Data   RW         1526    .data               od_node1.o
    0x20000584   COMPRESSED   0x00000004   Data   RW         1527    .data               od_node1.o
    0x20000588   COMPRESSED   0x00000004   Data   RW         1528    .data               od_node1.o
    0x2000058c   COMPRESSED   0x00000050   Data   RW         1529    .data               od_node1.o
    0x200005dc   COMPRESSED   0x00000001   Data   RW         1530    .data               od_node1.o
    0x200005dd   COMPRESSED   0x00000003   PAD
    0x200005e0   COMPRESSED   0x00000004   Data   RW         1531    .data               od_node1.o
    0x200005e4   COMPRESSED   0x00000004   Data   RW         1532    .data               od_node1.o
    0x200005e8   COMPRESSED   0x00000030   Data   RW         1533    .data               od_node1.o
    0x20000618   COMPRESSED   0x00000001   Data   RW         1534    .data               od_node1.o
    0x20000619   COMPRESSED   0x00000003   PAD
    0x2000061c   COMPRESSED   0x00000004   Data   RW         1535    .data               od_node1.o
    0x20000620   COMPRESSED   0x00000004   Data   RW         1536    .data               od_node1.o
    0x20000624   COMPRESSED   0x00000030   Data   RW         1537    .data               od_node1.o
    0x20000654   COMPRESSED   0x00000001   Data   RW         1538    .data               od_node1.o
    0x20000655   COMPRESSED   0x00000003   PAD
    0x20000658   COMPRESSED   0x00000004   Data   RW         1539    .data               od_node1.o
    0x2000065c   COMPRESSED   0x00000004   Data   RW         1540    .data               od_node1.o
    0x20000660   COMPRESSED   0x00000001   Data   RW         1541    .data               od_node1.o
    0x20000661   COMPRESSED   0x00000003   PAD
    0x20000664   COMPRESSED   0x00000040   Data   RW         1542    .data               od_node1.o
    0x200006a4   COMPRESSED   0x00000001   Data   RW         1543    .data               od_node1.o
    0x200006a5   COMPRESSED   0x00000003   PAD
    0x200006a8   COMPRESSED   0x00000004   Data   RW         1544    .data               od_node1.o
    0x200006ac   COMPRESSED   0x00000001   Data   RW         1545    .data               od_node1.o
    0x200006ad   COMPRESSED   0x00000003   PAD
    0x200006b0   COMPRESSED   0x00000030   Data   RW         1546    .data               od_node1.o
    0x200006e0   COMPRESSED   0x00000001   Data   RW         1547    .data               od_node1.o
    0x200006e1   COMPRESSED   0x00000003   PAD
    0x200006e4   COMPRESSED   0x00000004   Data   RW         1548    .data               od_node1.o
    0x200006e8   COMPRESSED   0x00000001   Data   RW         1549    .data               od_node1.o
    0x200006e9   COMPRESSED   0x00000003   PAD
    0x200006ec   COMPRESSED   0x00000030   Data   RW         1550    .data               od_node1.o
    0x2000071c   COMPRESSED   0x00000001   Data   RW         1551    .data               od_node1.o
    0x2000071d   COMPRESSED   0x00000003   PAD
    0x20000720   COMPRESSED   0x00000004   Data   RW         1552    .data               od_node1.o
    0x20000724   COMPRESSED   0x00000001   Data   RW         1553    .data               od_node1.o
    0x20000725   COMPRESSED   0x00000003   PAD
    0x20000728   COMPRESSED   0x00000030   Data   RW         1554    .data               od_node1.o
    0x20000758   COMPRESSED   0x00000001   Data   RW         1555    .data               od_node1.o
    0x20000759   COMPRESSED   0x00000003   PAD
    0x2000075c   COMPRESSED   0x00000004   Data   RW         1556    .data               od_node1.o
    0x20000760   COMPRESSED   0x00000001   Data   RW         1557    .data               od_node1.o
    0x20000761   COMPRESSED   0x00000003   PAD
    0x20000764   COMPRESSED   0x00000030   Data   RW         1558    .data               od_node1.o
    0x20000794   COMPRESSED   0x00000001   Data   RW         1559    .data               od_node1.o
    0x20000795   COMPRESSED   0x00000003   PAD
    0x20000798   COMPRESSED   0x00000020   Data   RW         1560    .data               od_node1.o
    0x200007b8   COMPRESSED   0x00000090   Data   RW         1561    .data               od_node1.o
    0x20000848   COMPRESSED   0x00000001   Data   RW         1562    .data               od_node1.o
    0x20000849   COMPRESSED   0x00000003   PAD
    0x2000084c   COMPRESSED   0x00000020   Data   RW         1563    .data               od_node1.o
    0x2000086c   COMPRESSED   0x00000090   Data   RW         1564    .data               od_node1.o
    0x200008fc   COMPRESSED   0x00000001   Data   RW         1565    .data               od_node1.o
    0x200008fd   COMPRESSED   0x00000003   PAD
    0x20000900   COMPRESSED   0x00000020   Data   RW         1566    .data               od_node1.o
    0x20000920   COMPRESSED   0x00000090   Data   RW         1567    .data               od_node1.o
    0x200009b0   COMPRESSED   0x00000001   Data   RW         1568    .data               od_node1.o
    0x200009b1   COMPRESSED   0x00000003   PAD
    0x200009b4   COMPRESSED   0x00000020   Data   RW         1569    .data               od_node1.o
    0x200009d4   COMPRESSED   0x00000090   Data   RW         1570    .data               od_node1.o
    0x20000a64   COMPRESSED   0x00000001   Data   RW         1571    .data               od_node1.o
    0x20000a65   COMPRESSED   0x00000003   PAD
    0x20000a68   COMPRESSED   0x00000004   Data   RW         1572    .data               od_node1.o
    0x20000a6c   COMPRESSED   0x00000001   Data   RW         1573    .data               od_node1.o
    0x20000a6d   COMPRESSED   0x00000001   PAD
    0x20000a6e   COMPRESSED   0x00000002   Data   RW         1574    .data               od_node1.o
    0x20000a70   COMPRESSED   0x00000040   Data   RW         1575    .data               od_node1.o
    0x20000ab0   COMPRESSED   0x00000001   Data   RW         1576    .data               od_node1.o
    0x20000ab1   COMPRESSED   0x00000003   PAD
    0x20000ab4   COMPRESSED   0x00000004   Data   RW         1577    .data               od_node1.o
    0x20000ab8   COMPRESSED   0x00000001   Data   RW         1578    .data               od_node1.o
    0x20000ab9   COMPRESSED   0x00000001   PAD
    0x20000aba   COMPRESSED   0x00000002   Data   RW         1579    .data               od_node1.o
    0x20000abc   COMPRESSED   0x00000040   Data   RW         1580    .data               od_node1.o
    0x20000afc   COMPRESSED   0x00000001   Data   RW         1581    .data               od_node1.o
    0x20000afd   COMPRESSED   0x00000003   PAD
    0x20000b00   COMPRESSED   0x00000004   Data   RW         1582    .data               od_node1.o
    0x20000b04   COMPRESSED   0x00000001   Data   RW         1583    .data               od_node1.o
    0x20000b05   COMPRESSED   0x00000001   PAD
    0x20000b06   COMPRESSED   0x00000002   Data   RW         1584    .data               od_node1.o
    0x20000b08   COMPRESSED   0x00000040   Data   RW         1585    .data               od_node1.o
    0x20000b48   COMPRESSED   0x00000001   Data   RW         1586    .data               od_node1.o
    0x20000b49   COMPRESSED   0x00000003   PAD
    0x20000b4c   COMPRESSED   0x00000004   Data   RW         1587    .data               od_node1.o
    0x20000b50   COMPRESSED   0x00000001   Data   RW         1588    .data               od_node1.o
    0x20000b51   COMPRESSED   0x00000001   PAD
    0x20000b52   COMPRESSED   0x00000002   Data   RW         1589    .data               od_node1.o
    0x20000b54   COMPRESSED   0x00000040   Data   RW         1590    .data               od_node1.o
    0x20000b94   COMPRESSED   0x00000001   Data   RW         1591    .data               od_node1.o
    0x20000b95   COMPRESSED   0x00000003   PAD
    0x20000b98   COMPRESSED   0x00000020   Data   RW         1592    .data               od_node1.o
    0x20000bb8   COMPRESSED   0x00000090   Data   RW         1593    .data               od_node1.o
    0x20000c48   COMPRESSED   0x00000001   Data   RW         1594    .data               od_node1.o
    0x20000c49   COMPRESSED   0x00000003   PAD
    0x20000c4c   COMPRESSED   0x00000020   Data   RW         1595    .data               od_node1.o
    0x20000c6c   COMPRESSED   0x00000090   Data   RW         1596    .data               od_node1.o
    0x20000cfc   COMPRESSED   0x00000001   Data   RW         1597    .data               od_node1.o
    0x20000cfd   COMPRESSED   0x00000003   PAD
    0x20000d00   COMPRESSED   0x00000020   Data   RW         1598    .data               od_node1.o
    0x20000d20   COMPRESSED   0x00000090   Data   RW         1599    .data               od_node1.o
    0x20000db0   COMPRESSED   0x00000001   Data   RW         1600    .data               od_node1.o
    0x20000db1   COMPRESSED   0x00000003   PAD
    0x20000db4   COMPRESSED   0x00000020   Data   RW         1601    .data               od_node1.o
    0x20000dd4   COMPRESSED   0x00000090   Data   RW         1602    .data               od_node1.o
    0x20000e64   COMPRESSED   0x00000010   Data   RW         1603    .data               od_node1.o
    0x20000e74   COMPRESSED   0x00000010   Data   RW         1604    .data               od_node1.o
    0x20000e84   COMPRESSED   0x00000010   Data   RW         1605    .data               od_node1.o
    0x20000e94   COMPRESSED   0x00000001   Data   RW         1606    .data               od_node1.o
    0x20000e95   COMPRESSED   0x00000003   PAD
    0x20000e98   COMPRESSED   0x00000060   Data   RW         1607    .data               od_node1.o
    0x20000ef8   COMPRESSED   0x00000010   Data   RW         1608    .data               od_node1.o
    0x20000f08   COMPRESSED   0x00000010   Data   RW         1609    .data               od_node1.o
    0x20000f18   COMPRESSED   0x00000010   Data   RW         1610    .data               od_node1.o
    0x20000f28   COMPRESSED   0x00000010   Data   RW         1611    .data               od_node1.o
    0x20000f38   COMPRESSED   0x00000010   Data   RW         1612    .data               od_node1.o
    0x20000f48   COMPRESSED   0x00000010   Data   RW         1613    .data               od_node1.o
    0x20000f58   COMPRESSED   0x00000001   Data   RW         1614    .data               od_node1.o
    0x20000f59   COMPRESSED   0x00000003   PAD
    0x20000f5c   COMPRESSED   0x00000050   Data   RW         1615    .data               od_node1.o
    0x20000fac   COMPRESSED   0x00000010   Data   RW         1616    .data               od_node1.o
    0x20000fbc   COMPRESSED   0x00000010   Data   RW         1617    .data               od_node1.o
    0x20000fcc   COMPRESSED   0x00000010   Data   RW         1618    .data               od_node1.o
    0x20000fdc   COMPRESSED   0x00000010   Data   RW         1619    .data               od_node1.o
    0x20000fec   COMPRESSED   0x00000010   Data   RW         1620    .data               od_node1.o
    0x20000ffc   COMPRESSED   0x00000001   Data   RW         1621    .data               od_node1.o
    0x20000ffd   COMPRESSED   0x00000003   PAD
    0x20001000   COMPRESSED   0x00000050   Data   RW         1622    .data               od_node1.o
    0x20001050   COMPRESSED   0x00000001   Data   RW         1623    .data               od_node1.o
    0x20001051   COMPRESSED   0x00000003   PAD
    0x20001054   COMPRESSED   0x00000050   Data   RW         1624    .data               od_node1.o
    0x200010a4   COMPRESSED   0x00000010   Data   RW         1625    .data               od_node1.o
    0x200010b4   COMPRESSED   0x00000010   Data   RW         1626    .data               od_node1.o
    0x200010c4   COMPRESSED   0x00000010   Data   RW         1627    .data               od_node1.o
    0x200010d4   COMPRESSED   0x00000010   Data   RW         1628    .data               od_node1.o
    0x200010e4   COMPRESSED   0x00000010   Data   RW         1629    .data               od_node1.o
    0x200010f4   COMPRESSED   0x00000010   Data   RW         1630    .data               od_node1.o
    0x20001104   COMPRESSED   0x00000010   Data   RW         1631    .data               od_node1.o
    0x20001114   COMPRESSED   0x00000010   Data   RW         1632    .data               od_node1.o
    0x20001124   COMPRESSED   0x00000010   Data   RW         1633    .data               od_node1.o
    0x20001134   COMPRESSED   0x00000010   Data   RW         1634    .data               od_node1.o
    0x20001144   COMPRESSED   0x00000010   Data   RW         1635    .data               od_node1.o
    0x20001154   COMPRESSED   0x00000001   Data   RW         1636    .data               od_node1.o
    0x20001155   COMPRESSED   0x00000003   PAD
    0x20001158   COMPRESSED   0x00000030   Data   RW         1637    .data               od_node1.o
    0x20001188   COMPRESSED   0x00000010   Data   RW         1638    .data               od_node1.o
    0x20001198   COMPRESSED   0x00000010   Data   RW         1639    .data               od_node1.o
    0x200011a8   COMPRESSED   0x00000010   Data   RW         1640    .data               od_node1.o
    0x200011b8   COMPRESSED   0x00000001   Data   RW         1641    .data               od_node1.o
    0x200011b9   COMPRESSED   0x00000003   PAD
    0x200011bc   COMPRESSED   0x00000040   Data   RW         1642    .data               od_node1.o
    0x200011fc   COMPRESSED   0x00000001   Data   RW         1643    .data               od_node1.o
    0x200011fd   COMPRESSED   0x00000003   PAD
    0x20001200   COMPRESSED   0x00000060   Data   RW         1644    .data               od_node1.o
    0x20001260   COMPRESSED   0x00000001   Data   RW         1645    .data               od_node1.o
    0x20001261   COMPRESSED   0x00000003   PAD
    0x20001264   COMPRESSED   0x000000d0   Data   RW         1646    .data               od_node1.o
    0x20001334   COMPRESSED   0x00000010   Data   RW         1647    .data               od_node1.o
    0x20001344   COMPRESSED   0x00000010   Data   RW         1648    .data               od_node1.o
    0x20001354   COMPRESSED   0x00000010   Data   RW         1649    .data               od_node1.o
    0x20001364   COMPRESSED   0x00000010   Data   RW         1650    .data               od_node1.o
    0x20001374   COMPRESSED   0x00000010   Data   RW         1651    .data               od_node1.o
    0x20001384   COMPRESSED   0x00000010   Data   RW         1652    .data               od_node1.o
    0x20001394   COMPRESSED   0x00000001   Data   RW         1653    .data               od_node1.o
    0x20001395   COMPRESSED   0x00000003   PAD
    0x20001398   COMPRESSED   0x000000a0   Data   RW         1654    .data               od_node1.o
    0x20001438   COMPRESSED   0x00000001   Data   RW         1655    .data               od_node1.o
    0x20001439   COMPRESSED   0x00000003   PAD
    0x2000143c   COMPRESSED   0x00000050   Data   RW         1656    .data               od_node1.o
    0x2000148c   COMPRESSED   0x00000001   Data   RW         1657    .data               od_node1.o
    0x2000148d   COMPRESSED   0x00000003   PAD
    0x20001490   COMPRESSED   0x00000070   Data   RW         1658    .data               od_node1.o
    0x20001500   COMPRESSED   0x00000001   Data   RW         1659    .data               od_node1.o
    0x20001501   COMPRESSED   0x00000003   PAD
    0x20001504   COMPRESSED   0x00000040   Data   RW         1660    .data               od_node1.o
    0x20001544   COMPRESSED   0x00000001   Data   RW         1661    .data               od_node1.o
    0x20001545   COMPRESSED   0x00000003   PAD
    0x20001548   COMPRESSED   0x00000060   Data   RW         1662    .data               od_node1.o
    0x200015a8   COMPRESSED   0x00000001   Data   RW         1663    .data               od_node1.o
    0x200015a9   COMPRESSED   0x00000003   PAD
    0x200015ac   COMPRESSED   0x00000060   Data   RW         1664    .data               od_node1.o
    0x2000160c   COMPRESSED   0x00000001   Data   RW         1665    .data               od_node1.o
    0x2000160d   COMPRESSED   0x00000003   PAD
    0x20001610   COMPRESSED   0x00000030   Data   RW         1666    .data               od_node1.o
    0x20001640   COMPRESSED   0x00000001   Data   RW         1667    .data               od_node1.o
    0x20001641   COMPRESSED   0x00000003   PAD
    0x20001644   COMPRESSED   0x00000030   Data   RW         1668    .data               od_node1.o
    0x20001674   COMPRESSED   0x00000010   Data   RW         1669    .data               od_node1.o
    0x20001684   COMPRESSED   0x00000010   Data   RW         1670    .data               od_node1.o
    0x20001694   COMPRESSED   0x00000010   Data   RW         1671    .data               od_node1.o
    0x200016a4   COMPRESSED   0x00000010   Data   RW         1672    .data               od_node1.o
    0x200016b4   COMPRESSED   0x00000010   Data   RW         1673    .data               od_node1.o
    0x200016c4   COMPRESSED   0x00000001   Data   RW         1674    .data               od_node1.o
    0x200016c5   COMPRESSED   0x00000003   PAD
    0x200016c8   COMPRESSED   0x00000040   Data   RW         1675    .data               od_node1.o
    0x20001708   COMPRESSED   0x00000010   Data   RW         1676    .data               od_node1.o
    0x20001718   COMPRESSED   0x00000001   Data   RW         1677    .data               od_node1.o
    0x20001719   COMPRESSED   0x00000003   PAD
    0x2000171c   COMPRESSED   0x00000040   Data   RW         1678    .data               od_node1.o
    0x2000175c   COMPRESSED   0x00000001   Data   RW         1679    .data               od_node1.o
    0x2000175d   COMPRESSED   0x00000003   PAD
    0x20001760   COMPRESSED   0x00000040   Data   RW         1680    .data               od_node1.o
    0x200017a0   COMPRESSED   0x00000001   Data   RW         1681    .data               od_node1.o
    0x200017a1   COMPRESSED   0x00000003   PAD
    0x200017a4   COMPRESSED   0x00000050   Data   RW         1682    .data               od_node1.o
    0x200017f4   COMPRESSED   0x00000001   Data   RW         1683    .data               od_node1.o
    0x200017f5   COMPRESSED   0x00000003   PAD
    0x200017f8   COMPRESSED   0x00000050   Data   RW         1684    .data               od_node1.o
    0x20001848   COMPRESSED   0x00000001   Data   RW         1685    .data               od_node1.o
    0x20001849   COMPRESSED   0x00000003   PAD
    0x2000184c   COMPRESSED   0x00000040   Data   RW         1686    .data               od_node1.o
    0x2000188c   COMPRESSED   0x00000001   Data   RW         1687    .data               od_node1.o
    0x2000188d   COMPRESSED   0x00000003   PAD
    0x20001890   COMPRESSED   0x00000040   Data   RW         1688    .data               od_node1.o
    0x200018d0   COMPRESSED   0x00000010   Data   RW         1689    .data               od_node1.o
    0x200018e0   COMPRESSED   0x00000001   Data   RW         1690    .data               od_node1.o
    0x200018e1   COMPRESSED   0x00000003   PAD
    0x200018e4   COMPRESSED   0x00000040   Data   RW         1691    .data               od_node1.o
    0x20001924   COMPRESSED   0x00000001   Data   RW         1692    .data               od_node1.o
    0x20001925   COMPRESSED   0x00000003   PAD
    0x20001928   COMPRESSED   0x00000030   Data   RW         1693    .data               od_node1.o
    0x20001958   COMPRESSED   0x00000001   Data   RW         1694    .data               od_node1.o
    0x20001959   COMPRESSED   0x00000003   PAD
    0x2000195c   COMPRESSED   0x00000060   Data   RW         1695    .data               od_node1.o
    0x200019bc   COMPRESSED   0x00000001   Data   RW         1696    .data               od_node1.o
    0x200019bd   COMPRESSED   0x00000003   PAD
    0x200019c0   COMPRESSED   0x00000050   Data   RW         1697    .data               od_node1.o
    0x20001a10   COMPRESSED   0x00000001   Data   RW         1698    .data               od_node1.o
    0x20001a11   COMPRESSED   0x00000003   PAD
    0x20001a14   COMPRESSED   0x00000050   Data   RW         1699    .data               od_node1.o
    0x20001a64   COMPRESSED   0x00000001   Data   RW         1700    .data               od_node1.o
    0x20001a65   COMPRESSED   0x00000003   PAD
    0x20001a68   COMPRESSED   0x00000050   Data   RW         1701    .data               od_node1.o
    0x20001ab8   COMPRESSED   0x00000001   Data   RW         1702    .data               od_node1.o
    0x20001ab9   COMPRESSED   0x00000003   PAD
    0x20001abc   COMPRESSED   0x00000040   Data   RW         1703    .data               od_node1.o
    0x20001afc   COMPRESSED   0x00000001   Data   RW         1704    .data               od_node1.o
    0x20001afd   COMPRESSED   0x00000003   PAD
    0x20001b00   COMPRESSED   0x000000a0   Data   RW         1705    .data               od_node1.o
    0x20001ba0   COMPRESSED   0x00000001   Data   RW         1706    .data               od_node1.o
    0x20001ba1   COMPRESSED   0x00000003   PAD
    0x20001ba4   COMPRESSED   0x00000030   Data   RW         1707    .data               od_node1.o
    0x20001bd4   COMPRESSED   0x00000001   Data   RW         1708    .data               od_node1.o
    0x20001bd5   COMPRESSED   0x00000003   PAD
    0x20001bd8   COMPRESSED   0x00000040   Data   RW         1709    .data               od_node1.o
    0x20001c18   COMPRESSED   0x00000001   Data   RW         1710    .data               od_node1.o
    0x20001c19   COMPRESSED   0x00000003   PAD
    0x20001c1c   COMPRESSED   0x00000070   Data   RW         1711    .data               od_node1.o
    0x20001c8c   COMPRESSED   0x00000010   Data   RW         1712    .data               od_node1.o
    0x20001c9c   COMPRESSED   0x00000010   Data   RW         1713    .data               od_node1.o
    0x20001cac   COMPRESSED   0x00000010   Data   RW         1714    .data               od_node1.o
    0x20001cbc   COMPRESSED   0x00000010   Data   RW         1715    .data               od_node1.o
    0x20001ccc   COMPRESSED   0x00000010   Data   RW         1716    .data               od_node1.o
    0x20001cdc   COMPRESSED   0x00000010   Data   RW         1717    .data               od_node1.o
    0x20001cec   COMPRESSED   0x00000010   Data   RW         1718    .data               od_node1.o
    0x20001cfc   COMPRESSED   0x00000010   Data   RW         1719    .data               od_node1.o
    0x20001d0c   COMPRESSED   0x00000010   Data   RW         1720    .data               od_node1.o
    0x20001d1c   COMPRESSED   0x00000010   Data   RW         1721    .data               od_node1.o
    0x20001d2c   COMPRESSED   0x00000010   Data   RW         1722    .data               od_node1.o
    0x20001d3c   COMPRESSED   0x00000010   Data   RW         1723    .data               od_node1.o
    0x20001d4c   COMPRESSED   0x00000010   Data   RW         1724    .data               od_node1.o
    0x20001d5c   COMPRESSED   0x00000010   Data   RW         1725    .data               od_node1.o
    0x20001d6c   COMPRESSED   0x00000010   Data   RW         1726    .data               od_node1.o
    0x20001d7c   COMPRESSED   0x00000010   Data   RW         1727    .data               od_node1.o
    0x20001d8c   COMPRESSED   0x00000010   Data   RW         1728    .data               od_node1.o
    0x20001d9c   COMPRESSED   0x00000010   Data   RW         1729    .data               od_node1.o
    0x20001dac   COMPRESSED   0x00000010   Data   RW         1730    .data               od_node1.o
    0x20001dbc   COMPRESSED   0x00000010   Data   RW         1731    .data               od_node1.o
    0x20001dcc   COMPRESSED   0x00000010   Data   RW         1732    .data               od_node1.o
    0x20001ddc   COMPRESSED   0x00000001   Data   RW         1733    .data               od_node1.o
    0x20001ddd   COMPRESSED   0x00000003   PAD
    0x20001de0   COMPRESSED   0x00000030   Data   RW         1734    .data               od_node1.o
    0x20001e10   COMPRESSED   0x00000010   Data   RW         1735    .data               od_node1.o
    0x20001e20   COMPRESSED   0x00000010   Data   RW         1736    .data               od_node1.o
    0x20001e30   COMPRESSED   0x00000010   Data   RW         1737    .data               od_node1.o
    0x20001e40   COMPRESSED   0x00000010   Data   RW         1738    .data               od_node1.o
    0x20001e50   COMPRESSED   0x00000010   Data   RW         1739    .data               od_node1.o
    0x20001e60   COMPRESSED   0x00000010   Data   RW         1740    .data               od_node1.o
    0x20001e70   COMPRESSED   0x00000010   Data   RW         1741    .data               od_node1.o
    0x20001e80   COMPRESSED   0x00000010   Data   RW         1742    .data               od_node1.o
    0x20001e90   COMPRESSED   0x00000010   Data   RW         1743    .data               od_node1.o
    0x20001ea0   COMPRESSED   0x00000010   Data   RW         1744    .data               od_node1.o
    0x20001eb0   COMPRESSED   0x00000010   Data   RW         1745    .data               od_node1.o
    0x20001ec0   COMPRESSED   0x00000010   Data   RW         1746    .data               od_node1.o
    0x20001ed0   COMPRESSED   0x00000010   Data   RW         1747    .data               od_node1.o
    0x20001ee0   COMPRESSED   0x00000001   Data   RW         1748    .data               od_node1.o
    0x20001ee1   COMPRESSED   0x00000003   PAD
    0x20001ee4   COMPRESSED   0x00000030   Data   RW         1749    .data               od_node1.o
    0x20001f14   COMPRESSED   0x00000010   Data   RW         1750    .data               od_node1.o
    0x20001f24   COMPRESSED   0x00000010   Data   RW         1751    .data               od_node1.o
    0x20001f34   COMPRESSED   0x00000001   Data   RW         1752    .data               od_node1.o
    0x20001f35   COMPRESSED   0x00000003   PAD
    0x20001f38   COMPRESSED   0x00000030   Data   RW         1753    .data               od_node1.o
    0x20001f68   COMPRESSED   0x00000001   Data   RW         1754    .data               od_node1.o
    0x20001f69   COMPRESSED   0x00000003   PAD
    0x20001f6c   COMPRESSED   0x00000070   Data   RW         1755    .data               od_node1.o
    0x20001fdc   COMPRESSED   0x00000010   Data   RW         1756    .data               od_node1.o
    0x20001fec   COMPRESSED   0x00000001   Data   RW         1757    .data               od_node1.o
    0x20001fed   COMPRESSED   0x00000003   PAD
    0x20001ff0   COMPRESSED   0x00000030   Data   RW         1758    .data               od_node1.o
    0x20002020   COMPRESSED   0x00000001   Data   RW         1759    .data               od_node1.o
    0x20002021   COMPRESSED   0x00000003   PAD
    0x20002024   COMPRESSED   0x00000060   Data   RW         1760    .data               od_node1.o
    0x20002084   COMPRESSED   0x00000001   Data   RW         1761    .data               od_node1.o
    0x20002085   COMPRESSED   0x00000003   PAD
    0x20002088   COMPRESSED   0x00000060   Data   RW         1762    .data               od_node1.o
    0x200020e8   COMPRESSED   0x00000010   Data   RW         1763    .data               od_node1.o
    0x200020f8   COMPRESSED   0x00000010   Data   RW         1764    .data               od_node1.o
    0x20002108   COMPRESSED   0x00000001   Data   RW         1765    .data               od_node1.o
    0x20002109   COMPRESSED   0x00000003   PAD
    0x2000210c   COMPRESSED   0x00000060   Data   RW         1766    .data               od_node1.o
    0x2000216c   COMPRESSED   0x00000010   Data   RW         1767    .data               od_node1.o
    0x2000217c   COMPRESSED   0x00000048   Data   RW         1768    .data               od_node1.o
    0x200021c4   COMPRESSED   0x00000240   Data   RW         1769    .data               od_node1.o
    0x20002404   COMPRESSED   0x00000014   Data   RW         2519    .data               system_stm32f4xx.o
    0x20002418   COMPRESSED   0x00000044   Data   RW         2875    .data               tasks.o
    0x2000245c   COMPRESSED   0x00000014   Data   RW         3131    .data               timers.o
    0x20002470   COMPRESSED   0x00000018   Data   RW         3218    .data               heap_4.o
    0x20002488   COMPRESSED   0x0000000c   Data   RW         3265    .data               port.o
    0x20002494   COMPRESSED   0x0000000c   Data   RW         3369    .data               timer_stm32.o
    0x200024a0   COMPRESSED   0x00000008   Data   RW         4102    .data               timer.o
    0x200024a8   COMPRESSED   0x00000010   Data   RW         6982    .data               stm32f4xx_rcc.o
    0x200024b8   COMPRESSED   0x00000002   Data   RW         9206    .data               ff.o
    0x200024ba   COMPRESSED   0x00000002   PAD
    0x200024bc   COMPRESSED   0x00000004   Data   RW         9687    .data               mc_w.l(stdout.o)
    0x200024c0        -       0x0000001c   Zero   RW           10    .bss                main.o
    0x200024dc        -       0x00000440   Zero   RW          492    .bss                usartdma.o
    0x2000291c        -       0x0000003d   Zero   RW          621    .bss                bsp_key.o
    0x20002959   COMPRESSED   0x00000007   PAD
    0x20002960        -       0x000002cc   Zero   RW          732    .bss                sdio_sdcard.o
    0x20002c2c        -       0x00000010   Zero   RW         1010    .bss                can_thread.o
    0x20002c3c        -       0x00000230   Zero   RW         1186    .bss                fatfs_thread.o
    0x20002e6c        -       0x00000014   Zero   RW         1218    .bss                od_node1.o
    0x20002e80        -       0x0000000a   Zero   RW         1219    .bss                od_node1.o
    0x20002e8a        -       0x0000000a   Zero   RW         1220    .bss                od_node1.o
    0x20002e94        -       0x0000000a   Zero   RW         1221    .bss                od_node1.o
    0x20002e9e   COMPRESSED   0x00000002   PAD
    0x20002ea0        -       0x000001a4   Zero   RW         2874    .bss                tasks.o
    0x20003044        -       0x00000028   Zero   RW         3130    .bss                timers.o
    0x2000306c        -       0x00007800   Zero   RW         3217    .bss                heap_4.o
    0x2000a86c        -       0x0000001a   Zero   RW         3337    .bss                can_stm32.o
    0x2000a886   COMPRESSED   0x00000002   PAD
    0x2000a888        -       0x000000c0   Zero   RW         4101    .bss                timer.o
    0x2000a948        -       0x0000000c   Zero   RW         9203    .bss                ff.o
    0x2000a954   COMPRESSED   0x00000004   PAD
    0x2000a958        -       0x00001000   Zero   RW         2550    STACK               startup_stm32f40xx.o


==============================================================================

Image component sizes


      Code (inc. data)   RO Data    RW Data    ZI Data      Debug   Object Name

       180         60          0          0          0        635   bsp.o
       480         52          0          0         61       4810   bsp_key.o
       628         30          0          0          0       3204   bsp_tim_pwm.o
       516         12          0          0         26       2664   can_stm32.o
       348        120          0          8         16       2236   can_thread.o
       116          0          0          0          0       3977   diskio.o
       120          6          0          0          0       3176   emcy.o
      1932        134          0          4          0       5890   epos2_thread.o
        26          0          0          0          0      11567   event_groups.o
        58          0          0          1        560       3738   fatfs_thread.o
      1846         48          0          2         12      26967   ff.o
       492         30          0         24      30720       4151   heap_4.o
        64          4          0          0          0        571   led.o
       950         30          0          0          0      10606   lifegrd.o
       142          0          0          0          0       3254   list.o
       692        300          0         24         28     363725   main.o
       136         12          0          0          0       1763   misc.o
        80          0          0          0          0       1848   nmtmaster.o
       234          0          0          0          0       1682   nmtslave.o
       506         28          0          0          0       4312   objacces.o
      1696        130       1323       8851         50      48620   od_node1.o
      2112         16          0          0          0      12410   pdo.o
       762         88          0         12          0      10921   port.o
      1520         16          0          0          0      11666   queue.o
      5092        272          0         24        716      32762   sdio_sdcard.o
      8798         58          0          0          0      29170   sdo.o
        36          8        392          0       4096        840   startup_stm32f40xx.o
       934         28         64          0          0       7526   states.o
      1000         24          0          0          0       6951   stm32f4xx_can.o
       784        148          0          0          0       8271   stm32f4xx_dma.o
       196          0          0          0          0       2522   stm32f4xx_gpio.o
       208         26          0          0          0      15705   stm32f4xx_it.o
       280         46          0         16          0       6529   stm32f4xx_rcc.o
       364         80          0          0          0      11442   stm32f4xx_sdio.o
       208          8          0          0          0       5732   stm32f4xx_tim.o
       616          4          0          0          0       7648   stm32f4xx_usart.o
       326         14          0          0          0       4966   sync.o
       124         28          0          8          0      10294   sys_timer.o
        68         16          0          4          0       1594   sysinfotest.o
       276         38          0         20          0       1469   system_stm32f4xx.o
      3084        294          0         68        420      25045   tasks.o
       392         30          0          8        192       4146   timer.o
        80         22          0         12          0       2463   timer_stm32.o
      1200         76          0         20         40      10378   timers.o
       832         76          0          8       1088      12924   usartdma.o

    ----------------------------------------------------------------------
     40590       2412       1816       9404      38040     752770   Object Totals
         0          0         32          0          0          0   (incl. Generated)
        56          0          5        290         15          0   (incl. Padding)

    ----------------------------------------------------------------------

      Code (inc. data)   RO Data    RW Data    ZI Data      Debug   Library Member Name

        86          0          0          0          0          0   __dczerorl2.o
         0          0          0          0          0          0   entry.o
         0          0          0          0          0          0   entry10a.o
         0          0          0          0          0          0   entry11a.o
         8          4          0          0          0          0   entry2.o
         4          0          0          0          0          0   entry5.o
         0          0          0          0          0          0   entry7b.o
         0          0          0          0          0          0   entry8b.o
         8          4          0          0          0          0   entry9a.o
        30          0          0          0          0          0   handlers.o
        36          8          0          0          0         68   init.o
        30          0          0          0          0         68   llshl.o
        32          0          0          0          0         68   llushr.o
        26          0          0          0          0         80   memcmp.o
        36          0          0          0          0         68   memcpya.o
        36          0          0          0          0        108   memseta.o
       786         62          0          0          0        336   printf5.o
         0          0          0          4          0          0   stdout.o
        18          0          0          0          0         68   strcpy.o
        14          0          0          0          0         68   strlen.o
        98          0          0          0          0         92   uldiv.o

    ----------------------------------------------------------------------
      1250         78          0          4          0       1024   Library Totals
         2          0          0          0          0          0   (incl. Padding)

    ----------------------------------------------------------------------

      Code (inc. data)   RO Data    RW Data    ZI Data      Debug   Library Name

      1248         78          0          4          0       1024   mc_w.l

    ----------------------------------------------------------------------
      1250         78          0          4          0       1024   Library Totals

    ----------------------------------------------------------------------

==============================================================================


      Code (inc. data)   RO Data    RW Data    ZI Data      Debug   

     41840       2490       1816       9408      38040     726010   Grand Totals
     41840       2490       1816       2228      38040     726010   ELF Image Totals (compressed)
     41840       2490       1816       2228          0          0   ROM Totals

==============================================================================

    Total RO  Size (Code + RO Data)                43656 (  42.63kB)
    Total RW  Size (RW Data + ZI Data)             47448 (  46.34kB)
    Total ROM Size (Code + RO Data + RW Data)      45884 (  44.81kB)

==============================================================================

