<!doctype html public "-//w3c//dtd html 4.0 transitional//en">
<html><head>
<title>Static Call Graph - [.\Objects\F407template.axf]</title></head>
<body><HR>
<H1>Static Call Graph for image .\Objects\F407template.axf</H1><HR>
<BR><P>#&#060CALLGRAPH&#062# ARM Linker, 5060750: Last Updated: Sun Jan 27 02:49:26 2019
<BR><P>
<H3>Maximum Stack Usage =       1256 bytes + Unknown(Cycles, Untraceable Function Pointers)</H3><H3>
Call chain for Maximum Stack Depth:</H3>
vTaskTask1 &rArr; SD_WriteDisk &rArr; SD_WriteBlock &rArr; SD_Init &rArr; SD_EnableWideBusOperation &rArr; SDEnWideBus &rArr; FindSCR &rArr; CmdResp1Error
<P>
<H3>
Mutually Recursive functions
</H3> <LI><a href="#[1c]">ADC_IRQHandler</a>&nbsp;&nbsp;&nbsp;&rArr;&nbsp;&nbsp;&nbsp;<a href="#[1c]">ADC_IRQHandler</a><BR>
</UL>
<P>
<H3>
Function Pointers
</H3><UL>
 <LI><a href="#[1c]">ADC_IRQHandler</a> from startup_stm32f40xx.o(.text) referenced from startup_stm32f40xx.o(RESET)
 <LI><a href="#[4]">BusFault_Handler</a> from stm32f4xx_it.o(i.BusFault_Handler) referenced from startup_stm32f40xx.o(RESET)
 <LI><a href="#[1e]">CAN1_RX0_IRQHandler</a> from stm32f4xx_it.o(i.CAN1_RX0_IRQHandler) referenced from startup_stm32f40xx.o(RESET)
 <LI><a href="#[1f]">CAN1_RX1_IRQHandler</a> from startup_stm32f40xx.o(.text) referenced from startup_stm32f40xx.o(RESET)
 <LI><a href="#[20]">CAN1_SCE_IRQHandler</a> from startup_stm32f40xx.o(.text) referenced from startup_stm32f40xx.o(RESET)
 <LI><a href="#[1d]">CAN1_TX_IRQHandler</a> from startup_stm32f40xx.o(.text) referenced from startup_stm32f40xx.o(RESET)
 <LI><a href="#[4a]">CAN2_RX0_IRQHandler</a> from stm32f4xx_it.o(i.CAN2_RX0_IRQHandler) referenced from startup_stm32f40xx.o(RESET)
 <LI><a href="#[4b]">CAN2_RX1_IRQHandler</a> from startup_stm32f40xx.o(.text) referenced from startup_stm32f40xx.o(RESET)
 <LI><a href="#[4c]">CAN2_SCE_IRQHandler</a> from startup_stm32f40xx.o(.text) referenced from startup_stm32f40xx.o(RESET)
 <LI><a href="#[49]">CAN2_TX_IRQHandler</a> from startup_stm32f40xx.o(.text) referenced from startup_stm32f40xx.o(RESET)
 <LI><a href="#[59]">CRYP_IRQHandler</a> from startup_stm32f40xx.o(.text) referenced from startup_stm32f40xx.o(RESET)
 <LI><a href="#[6d]">ConsumerHeartbeatAlarm</a> from lifegrd.o(i.ConsumerHeartbeatAlarm) referenced from lifegrd.o(i.heartbeatInit)
 <LI><a href="#[6d]">ConsumerHeartbeatAlarm</a> from lifegrd.o(i.ConsumerHeartbeatAlarm) referenced from lifegrd.o(i.proceedNODE_GUARD)
 <LI><a href="#[58]">DCMI_IRQHandler</a> from startup_stm32f40xx.o(.text) referenced from startup_stm32f40xx.o(RESET)
 <LI><a href="#[15]">DMA1_Stream0_IRQHandler</a> from startup_stm32f40xx.o(.text) referenced from startup_stm32f40xx.o(RESET)
 <LI><a href="#[16]">DMA1_Stream1_IRQHandler</a> from startup_stm32f40xx.o(.text) referenced from startup_stm32f40xx.o(RESET)
 <LI><a href="#[17]">DMA1_Stream2_IRQHandler</a> from startup_stm32f40xx.o(.text) referenced from startup_stm32f40xx.o(RESET)
 <LI><a href="#[18]">DMA1_Stream3_IRQHandler</a> from startup_stm32f40xx.o(.text) referenced from startup_stm32f40xx.o(RESET)
 <LI><a href="#[19]">DMA1_Stream4_IRQHandler</a> from startup_stm32f40xx.o(.text) referenced from startup_stm32f40xx.o(RESET)
 <LI><a href="#[1a]">DMA1_Stream5_IRQHandler</a> from startup_stm32f40xx.o(.text) referenced from startup_stm32f40xx.o(RESET)
 <LI><a href="#[1b]">DMA1_Stream6_IRQHandler</a> from startup_stm32f40xx.o(.text) referenced from startup_stm32f40xx.o(RESET)
 <LI><a href="#[39]">DMA1_Stream7_IRQHandler</a> from startup_stm32f40xx.o(.text) referenced from startup_stm32f40xx.o(RESET)
 <LI><a href="#[42]">DMA2_Stream0_IRQHandler</a> from startup_stm32f40xx.o(.text) referenced from startup_stm32f40xx.o(RESET)
 <LI><a href="#[43]">DMA2_Stream1_IRQHandler</a> from startup_stm32f40xx.o(.text) referenced from startup_stm32f40xx.o(RESET)
 <LI><a href="#[44]">DMA2_Stream2_IRQHandler</a> from startup_stm32f40xx.o(.text) referenced from startup_stm32f40xx.o(RESET)
 <LI><a href="#[45]">DMA2_Stream3_IRQHandler</a> from startup_stm32f40xx.o(.text) referenced from startup_stm32f40xx.o(RESET)
 <LI><a href="#[46]">DMA2_Stream4_IRQHandler</a> from startup_stm32f40xx.o(.text) referenced from startup_stm32f40xx.o(RESET)
 <LI><a href="#[4e]">DMA2_Stream5_IRQHandler</a> from usartdma.o(i.DMA2_Stream5_IRQHandler) referenced from startup_stm32f40xx.o(RESET)
 <LI><a href="#[4f]">DMA2_Stream6_IRQHandler</a> from startup_stm32f40xx.o(.text) referenced from startup_stm32f40xx.o(RESET)
 <LI><a href="#[50]">DMA2_Stream7_IRQHandler</a> from usartdma.o(i.DMA2_Stream7_IRQHandler) referenced from startup_stm32f40xx.o(RESET)
 <LI><a href="#[7]">DebugMon_Handler</a> from stm32f4xx_it.o(i.DebugMon_Handler) referenced from startup_stm32f40xx.o(RESET)
 <LI><a href="#[47]">ETH_IRQHandler</a> from startup_stm32f40xx.o(.text) referenced from startup_stm32f40xx.o(RESET)
 <LI><a href="#[48]">ETH_WKUP_IRQHandler</a> from startup_stm32f40xx.o(.text) referenced from startup_stm32f40xx.o(RESET)
 <LI><a href="#[10]">EXTI0_IRQHandler</a> from startup_stm32f40xx.o(.text) referenced from startup_stm32f40xx.o(RESET)
 <LI><a href="#[32]">EXTI15_10_IRQHandler</a> from startup_stm32f40xx.o(.text) referenced from startup_stm32f40xx.o(RESET)
 <LI><a href="#[11]">EXTI1_IRQHandler</a> from startup_stm32f40xx.o(.text) referenced from startup_stm32f40xx.o(RESET)
 <LI><a href="#[12]">EXTI2_IRQHandler</a> from startup_stm32f40xx.o(.text) referenced from startup_stm32f40xx.o(RESET)
 <LI><a href="#[13]">EXTI3_IRQHandler</a> from startup_stm32f40xx.o(.text) referenced from startup_stm32f40xx.o(RESET)
 <LI><a href="#[14]">EXTI4_IRQHandler</a> from startup_stm32f40xx.o(.text) referenced from startup_stm32f40xx.o(RESET)
 <LI><a href="#[21]">EXTI9_5_IRQHandler</a> from startup_stm32f40xx.o(.text) referenced from startup_stm32f40xx.o(RESET)
 <LI><a href="#[e]">FLASH_IRQHandler</a> from startup_stm32f40xx.o(.text) referenced from startup_stm32f40xx.o(RESET)
 <LI><a href="#[5b]">FPU_IRQHandler</a> from startup_stm32f40xx.o(.text) referenced from startup_stm32f40xx.o(RESET)
 <LI><a href="#[3a]">FSMC_IRQHandler</a> from startup_stm32f40xx.o(.text) referenced from startup_stm32f40xx.o(RESET)
 <LI><a href="#[70]">GuardTimeAlarm</a> from lifegrd.o(i.GuardTimeAlarm) referenced from lifegrd.o(i.nodeguardInit)
 <LI><a href="#[5a]">HASH_RNG_IRQHandler</a> from startup_stm32f40xx.o(.text) referenced from startup_stm32f40xx.o(RESET)
 <LI><a href="#[2]">HardFault_Handler</a> from stm32f4xx_it.o(i.HardFault_Handler) referenced from startup_stm32f40xx.o(RESET)
 <LI><a href="#[2a]">I2C1_ER_IRQHandler</a> from startup_stm32f40xx.o(.text) referenced from startup_stm32f40xx.o(RESET)
 <LI><a href="#[29]">I2C1_EV_IRQHandler</a> from startup_stm32f40xx.o(.text) referenced from startup_stm32f40xx.o(RESET)
 <LI><a href="#[2c]">I2C2_ER_IRQHandler</a> from startup_stm32f40xx.o(.text) referenced from startup_stm32f40xx.o(RESET)
 <LI><a href="#[2b]">I2C2_EV_IRQHandler</a> from startup_stm32f40xx.o(.text) referenced from startup_stm32f40xx.o(RESET)
 <LI><a href="#[53]">I2C3_ER_IRQHandler</a> from startup_stm32f40xx.o(.text) referenced from startup_stm32f40xx.o(RESET)
 <LI><a href="#[52]">I2C3_EV_IRQHandler</a> from startup_stm32f40xx.o(.text) referenced from startup_stm32f40xx.o(RESET)
 <LI><a href="#[67]">IsKeyDown0</a> from bsp_key.o(i.IsKeyDown0) referenced from bsp_key.o(i.bsp_InitKeyVar)
 <LI><a href="#[68]">IsKeyDown1</a> from bsp_key.o(i.IsKeyDown1) referenced from bsp_key.o(i.bsp_InitKeyVar)
 <LI><a href="#[69]">IsKeyDownWU</a> from bsp_key.o(i.IsKeyDownWU) referenced from bsp_key.o(i.bsp_InitKeyVar)
 <LI><a href="#[3]">MemManage_Handler</a> from stm32f4xx_it.o(i.MemManage_Handler) referenced from startup_stm32f40xx.o(RESET)
 <LI><a href="#[1]">NMI_Handler</a> from stm32f4xx_it.o(i.NMI_Handler) referenced from startup_stm32f40xx.o(RESET)
 <LI><a href="#[4d]">OTG_FS_IRQHandler</a> from startup_stm32f40xx.o(.text) referenced from startup_stm32f40xx.o(RESET)
 <LI><a href="#[34]">OTG_FS_WKUP_IRQHandler</a> from startup_stm32f40xx.o(.text) referenced from startup_stm32f40xx.o(RESET)
 <LI><a href="#[55]">OTG_HS_EP1_IN_IRQHandler</a> from startup_stm32f40xx.o(.text) referenced from startup_stm32f40xx.o(RESET)
 <LI><a href="#[54]">OTG_HS_EP1_OUT_IRQHandler</a> from startup_stm32f40xx.o(.text) referenced from startup_stm32f40xx.o(RESET)
 <LI><a href="#[57]">OTG_HS_IRQHandler</a> from startup_stm32f40xx.o(.text) referenced from startup_stm32f40xx.o(RESET)
 <LI><a href="#[56]">OTG_HS_WKUP_IRQHandler</a> from startup_stm32f40xx.o(.text) referenced from startup_stm32f40xx.o(RESET)
 <LI><a href="#[74]">OnCOB_ID_SyncUpdate</a> from sync.o(i.OnCOB_ID_SyncUpdate) referenced from sync.o(i.startSYNC)
 <LI><a href="#[6c]">OnHeartbeatProducerUpdate</a> from lifegrd.o(i.OnHeartbeatProducerUpdate) referenced from lifegrd.o(i.heartbeatInit)
 <LI><a href="#[6f]">OnNodeGuardUpdate</a> from lifegrd.o(i.OnNodeGuardUpdate) referenced from lifegrd.o(i.nodeguardInit)
 <LI><a href="#[6b]">OnNumberOfErrorsUpdate</a> from emcy.o(i.OnNumberOfErrorsUpdate) referenced from emcy.o(i.emergencyInit)
 <LI><a href="#[72]">PDOEventTimerAlarm</a> from pdo.o(i.PDOEventTimerAlarm) referenced from pdo.o(i.sendOnePDOevent)
 <LI><a href="#[73]">PDOInhibitTimerAlarm</a> from pdo.o(i.PDOInhibitTimerAlarm) referenced from pdo.o(i.sendOnePDOevent)
 <LI><a href="#[b]">PVD_IRQHandler</a> from startup_stm32f40xx.o(.text) referenced from startup_stm32f40xx.o(RESET)
 <LI><a href="#[8]">PendSV_Handler</a> from port.o(.emb_text) referenced from startup_stm32f40xx.o(RESET)
 <LI><a href="#[63]">ProducerHeartbeatAlarm</a> from lifegrd.o(i.ProducerHeartbeatAlarm) referenced from lifegrd.o(i.OnHeartbeatProducerUpdate)
 <LI><a href="#[63]">ProducerHeartbeatAlarm</a> from lifegrd.o(i.ProducerHeartbeatAlarm) referenced from lifegrd.o(i.heartbeatInit)
 <LI><a href="#[f]">RCC_IRQHandler</a> from startup_stm32f40xx.o(.text) referenced from startup_stm32f40xx.o(RESET)
 <LI><a href="#[33]">RTC_Alarm_IRQHandler</a> from startup_stm32f40xx.o(.text) referenced from startup_stm32f40xx.o(RESET)
 <LI><a href="#[d]">RTC_WKUP_IRQHandler</a> from startup_stm32f40xx.o(.text) referenced from startup_stm32f40xx.o(RESET)
 <LI><a href="#[0]">Reset_Handler</a> from startup_stm32f40xx.o(.text) referenced from startup_stm32f40xx.o(RESET)
 <LI><a href="#[3b]">SDIO_IRQHandler</a> from sdio_sdcard.o(i.SDIO_IRQHandler) referenced from startup_stm32f40xx.o(RESET)
 <LI><a href="#[6e]">SDOTimeoutAlarm</a> from sdo.o(i.SDOTimeoutAlarm) referenced from sdo.o(i.initSDOline)
 <LI><a href="#[6e]">SDOTimeoutAlarm</a> from sdo.o(i.SDOTimeoutAlarm) referenced 8 times from sdo.o(i.proceedSDO)
 <LI><a href="#[2d]">SPI1_IRQHandler</a> from startup_stm32f40xx.o(.text) referenced from startup_stm32f40xx.o(RESET)
 <LI><a href="#[2e]">SPI2_IRQHandler</a> from startup_stm32f40xx.o(.text) referenced from startup_stm32f40xx.o(RESET)
 <LI><a href="#[3d]">SPI3_IRQHandler</a> from startup_stm32f40xx.o(.text) referenced from startup_stm32f40xx.o(RESET)
 <LI><a href="#[6]">SVC_Handler</a> from port.o(.emb_text) referenced from startup_stm32f40xx.o(RESET)
 <LI><a href="#[75]">SyncAlarm</a> from sync.o(i.SyncAlarm) referenced from sync.o(i.startSYNC)
 <LI><a href="#[9]">SysTick_Handler</a> from port.o(i.SysTick_Handler) referenced from startup_stm32f40xx.o(RESET)
 <LI><a href="#[5d]">SystemInit</a> from system_stm32f4xx.o(i.SystemInit) referenced from startup_stm32f40xx.o(.text)
 <LI><a href="#[c]">TAMP_STAMP_IRQHandler</a> from startup_stm32f40xx.o(.text) referenced from startup_stm32f40xx.o(RESET)
 <LI><a href="#[22]">TIM1_BRK_TIM9_IRQHandler</a> from startup_stm32f40xx.o(.text) referenced from startup_stm32f40xx.o(RESET)
 <LI><a href="#[25]">TIM1_CC_IRQHandler</a> from startup_stm32f40xx.o(.text) referenced from startup_stm32f40xx.o(RESET)
 <LI><a href="#[24]">TIM1_TRG_COM_TIM11_IRQHandler</a> from startup_stm32f40xx.o(.text) referenced from startup_stm32f40xx.o(RESET)
 <LI><a href="#[23]">TIM1_UP_TIM10_IRQHandler</a> from startup_stm32f40xx.o(.text) referenced from startup_stm32f40xx.o(RESET)
 <LI><a href="#[26]">TIM2_IRQHandler</a> from startup_stm32f40xx.o(.text) referenced from startup_stm32f40xx.o(RESET)
 <LI><a href="#[27]">TIM3_IRQHandler</a> from startup_stm32f40xx.o(.text) referenced from startup_stm32f40xx.o(RESET)
 <LI><a href="#[28]">TIM4_IRQHandler</a> from startup_stm32f40xx.o(.text) referenced from startup_stm32f40xx.o(RESET)
 <LI><a href="#[3c]">TIM5_IRQHandler</a> from startup_stm32f40xx.o(.text) referenced from startup_stm32f40xx.o(RESET)
 <LI><a href="#[40]">TIM6_DAC_IRQHandler</a> from sysinfotest.o(i.TIM6_DAC_IRQHandler) referenced from startup_stm32f40xx.o(RESET)
 <LI><a href="#[41]">TIM7_IRQHandler</a> from startup_stm32f40xx.o(.text) referenced from startup_stm32f40xx.o(RESET)
 <LI><a href="#[35]">TIM8_BRK_TIM12_IRQHandler</a> from startup_stm32f40xx.o(.text) referenced from startup_stm32f40xx.o(RESET)
 <LI><a href="#[38]">TIM8_CC_IRQHandler</a> from startup_stm32f40xx.o(.text) referenced from startup_stm32f40xx.o(RESET)
 <LI><a href="#[37]">TIM8_TRG_COM_TIM14_IRQHandler</a> from startup_stm32f40xx.o(.text) referenced from startup_stm32f40xx.o(RESET)
 <LI><a href="#[36]">TIM8_UP_TIM13_IRQHandler</a> from startup_stm32f40xx.o(.text) referenced from startup_stm32f40xx.o(RESET)
 <LI><a href="#[64]">TPDO_Communication_Parameter_Callback</a> from pdo.o(i.TPDO_Communication_Parameter_Callback) referenced from pdo.o(i.PDOInit)
 <LI><a href="#[3e]">UART4_IRQHandler</a> from startup_stm32f40xx.o(.text) referenced from startup_stm32f40xx.o(RESET)
 <LI><a href="#[3f]">UART5_IRQHandler</a> from startup_stm32f40xx.o(.text) referenced from startup_stm32f40xx.o(RESET)
 <LI><a href="#[2f]">USART1_IRQHandler</a> from usartdma.o(i.USART1_IRQHandler) referenced from startup_stm32f40xx.o(RESET)
 <LI><a href="#[30]">USART2_IRQHandler</a> from startup_stm32f40xx.o(.text) referenced from startup_stm32f40xx.o(RESET)
 <LI><a href="#[31]">USART3_IRQHandler</a> from startup_stm32f40xx.o(.text) referenced from startup_stm32f40xx.o(RESET)
 <LI><a href="#[51]">USART6_IRQHandler</a> from startup_stm32f40xx.o(.text) referenced from startup_stm32f40xx.o(RESET)
 <LI><a href="#[5]">UsageFault_Handler</a> from stm32f4xx_it.o(i.UsageFault_Handler) referenced from startup_stm32f40xx.o(RESET)
 <LI><a href="#[a]">WWDG_IRQHandler</a> from startup_stm32f40xx.o(.text) referenced from startup_stm32f40xx.o(RESET)
 <LI><a href="#[5e]">__main</a> from entry.o(.ARM.Collect$$$$00000000) referenced from startup_stm32f40xx.o(.text)
 <LI><a href="#[66]">_sputc</a> from printf5.o(i._sputc) referenced from printf5.o(i.__0sprintf$5)
 <LI><a href="#[6a]">canopen_dataprocess_thread</a> from can_thread.o(i.canopen_dataprocess_thread) referenced from can_thread.o(i.canopen_init)
 <LI><a href="#[65]">fputc</a> from usartdma.o(i.fputc) referenced from printf5.o(i.__0printf$5)
 <LI><a href="#[5c]">main</a> from main.o(i.main) referenced from entry9a.o(.ARM.Collect$$$$0000000B)
 <LI><a href="#[76]">prvIdleTask</a> from tasks.o(i.prvIdleTask) referenced from tasks.o(i.vTaskStartScheduler)
 <LI><a href="#[71]">prvTaskExitError</a> from port.o(i.prvTaskExitError) referenced from port.o(i.pxPortInitialiseStack)
 <LI><a href="#[5f]">vTaskTask1</a> from main.o(i.vTaskTask1) referenced from main.o(i.AppTaskCreate)
 <LI><a href="#[60]">vTaskTask2</a> from main.o(i.vTaskTask2) referenced from main.o(i.AppTaskCreate)
 <LI><a href="#[61]">vTaskTask3</a> from main.o(i.vTaskTask3) referenced from main.o(i.AppTaskCreate)
 <LI><a href="#[62]">vTaskTask4</a> from main.o(i.vTaskTask4) referenced from main.o(i.AppTaskCreate)
</UL>
<P>
<H3>
Global Symbols
</H3>
<P><STRONG><a name="[5e]"></a>__main</STRONG> (Thumb, 0 bytes, Stack size unknown bytes, entry.o(.ARM.Collect$$$$00000000))
<BR>[Address Reference Count : 1]<UL><LI> startup_stm32f40xx.o(.text)
</UL>
<P><STRONG><a name="[158]"></a>_main_stk</STRONG> (Thumb, 0 bytes, Stack size unknown bytes, entry2.o(.ARM.Collect$$$$00000001))

<P><STRONG><a name="[77]"></a>_main_scatterload</STRONG> (Thumb, 0 bytes, Stack size unknown bytes, entry5.o(.ARM.Collect$$$$00000004))
<BR><BR>[Calls]<UL><LI><a href="#[78]">&gt;&gt;</a>&nbsp;&nbsp;&nbsp;__scatterload
</UL>

<P><STRONG><a name="[80]"></a>__main_after_scatterload</STRONG> (Thumb, 0 bytes, Stack size unknown bytes, entry5.o(.ARM.Collect$$$$00000004))
<BR><BR>[Called By]<UL><LI><a href="#[78]">&gt;&gt;</a>&nbsp;&nbsp;&nbsp;__scatterload
</UL>

<P><STRONG><a name="[159]"></a>_main_clock</STRONG> (Thumb, 0 bytes, Stack size unknown bytes, entry7b.o(.ARM.Collect$$$$00000008))

<P><STRONG><a name="[15a]"></a>_main_cpp_init</STRONG> (Thumb, 0 bytes, Stack size unknown bytes, entry8b.o(.ARM.Collect$$$$0000000A))

<P><STRONG><a name="[15b]"></a>_main_init</STRONG> (Thumb, 0 bytes, Stack size unknown bytes, entry9a.o(.ARM.Collect$$$$0000000B))

<P><STRONG><a name="[15c]"></a>__rt_final_cpp</STRONG> (Thumb, 0 bytes, Stack size unknown bytes, entry10a.o(.ARM.Collect$$$$0000000D))

<P><STRONG><a name="[15d]"></a>__rt_final_exit</STRONG> (Thumb, 0 bytes, Stack size unknown bytes, entry11a.o(.ARM.Collect$$$$0000000F))

<P><STRONG><a name="[15e]"></a>WFI_SET</STRONG> (Thumb, 2 bytes, Stack size 0 bytes, sys.o(.emb_text), UNUSED)

<P><STRONG><a name="[cb]"></a>INTX_DISABLE</STRONG> (Thumb, 4 bytes, Stack size 0 bytes, sys.o(.emb_text))
<BR><BR>[Called By]<UL><LI><a href="#[d2]">&gt;&gt;</a>&nbsp;&nbsp;&nbsp;SD_WriteMultiBlocks
<LI><a href="#[d0]">&gt;&gt;</a>&nbsp;&nbsp;&nbsp;SD_WriteBlock
<LI><a href="#[cf]">&gt;&gt;</a>&nbsp;&nbsp;&nbsp;SD_ReadMultiBlocks
<LI><a href="#[c9]">&gt;&gt;</a>&nbsp;&nbsp;&nbsp;SD_ReadBlock
</UL>

<P><STRONG><a name="[cc]"></a>INTX_ENABLE</STRONG> (Thumb, 4 bytes, Stack size 0 bytes, sys.o(.emb_text))
<BR><BR>[Called By]<UL><LI><a href="#[d2]">&gt;&gt;</a>&nbsp;&nbsp;&nbsp;SD_WriteMultiBlocks
<LI><a href="#[d0]">&gt;&gt;</a>&nbsp;&nbsp;&nbsp;SD_WriteBlock
<LI><a href="#[cf]">&gt;&gt;</a>&nbsp;&nbsp;&nbsp;SD_ReadMultiBlocks
<LI><a href="#[c9]">&gt;&gt;</a>&nbsp;&nbsp;&nbsp;SD_ReadBlock
</UL>

<P><STRONG><a name="[15f]"></a>MSR_MSP</STRONG> (Thumb, 6 bytes, Stack size 0 bytes, sys.o(.emb_text), UNUSED)

<P><STRONG><a name="[6]"></a>SVC_Handler</STRONG> (Thumb, 28 bytes, Stack size 0 bytes, port.o(.emb_text))
<BR>[Address Reference Count : 1]<UL><LI> startup_stm32f40xx.o(RESET)
</UL>
<P><STRONG><a name="[154]"></a>__asm___6_port_c_39a90d8d__prvStartFirstTask</STRONG> (Thumb, 28 bytes, Stack size 0 bytes, port.o(.emb_text))
<BR><BR>[Called By]<UL><LI><a href="#[150]">&gt;&gt;</a>&nbsp;&nbsp;&nbsp;xPortStartScheduler
</UL>

<P><STRONG><a name="[153]"></a>__asm___6_port_c_39a90d8d__prvEnableVFP</STRONG> (Thumb, 16 bytes, Stack size 0 bytes, port.o(.emb_text))
<BR><BR>[Called By]<UL><LI><a href="#[150]">&gt;&gt;</a>&nbsp;&nbsp;&nbsp;xPortStartScheduler
</UL>

<P><STRONG><a name="[8]"></a>PendSV_Handler</STRONG> (Thumb, 88 bytes, Stack size 0 bytes, port.o(.emb_text))
<BR><BR>[Stack]<UL><LI>Max Depth = 48<LI>Call Chain = PendSV_Handler &rArr; vTaskSwitchContext &rArr; vApplicationStackOverflowHook &rArr; __2printf
</UL>
<BR>[Calls]<UL><LI><a href="#[79]">&gt;&gt;</a>&nbsp;&nbsp;&nbsp;vTaskSwitchContext
</UL>
<BR>[Address Reference Count : 1]<UL><LI> startup_stm32f40xx.o(RESET)
</UL>
<P><STRONG><a name="[14a]"></a>vPortGetIPSR</STRONG> (Thumb, 6 bytes, Stack size 0 bytes, port.o(.emb_text))
<BR><BR>[Called By]<UL><LI><a href="#[149]">&gt;&gt;</a>&nbsp;&nbsp;&nbsp;vPortValidateInterruptPriority
</UL>

<P><STRONG><a name="[0]"></a>Reset_Handler</STRONG> (Thumb, 8 bytes, Stack size 0 bytes, startup_stm32f40xx.o(.text))
<BR>[Address Reference Count : 1]<UL><LI> startup_stm32f40xx.o(RESET)
</UL>
<P><STRONG><a name="[1c]"></a>ADC_IRQHandler</STRONG> (Thumb, 0 bytes, Stack size 0 bytes, startup_stm32f40xx.o(.text))
<BR><BR>[Calls]<UL><LI><a href="#[1c]">&gt;&gt;</a>&nbsp;&nbsp;&nbsp;ADC_IRQHandler
</UL>
<BR>[Called By]<UL><LI><a href="#[1c]">&gt;&gt;</a>&nbsp;&nbsp;&nbsp;ADC_IRQHandler
</UL>
<BR>[Address Reference Count : 1]<UL><LI> startup_stm32f40xx.o(RESET)
</UL>
<P><STRONG><a name="[1f]"></a>CAN1_RX1_IRQHandler</STRONG> (Thumb, 0 bytes, Stack size 0 bytes, startup_stm32f40xx.o(.text))
<BR>[Address Reference Count : 1]<UL><LI> startup_stm32f40xx.o(RESET)
</UL>
<P><STRONG><a name="[20]"></a>CAN1_SCE_IRQHandler</STRONG> (Thumb, 0 bytes, Stack size 0 bytes, startup_stm32f40xx.o(.text))
<BR>[Address Reference Count : 1]<UL><LI> startup_stm32f40xx.o(RESET)
</UL>
<P><STRONG><a name="[1d]"></a>CAN1_TX_IRQHandler</STRONG> (Thumb, 0 bytes, Stack size 0 bytes, startup_stm32f40xx.o(.text))
<BR>[Address Reference Count : 1]<UL><LI> startup_stm32f40xx.o(RESET)
</UL>
<P><STRONG><a name="[4b]"></a>CAN2_RX1_IRQHandler</STRONG> (Thumb, 0 bytes, Stack size 0 bytes, startup_stm32f40xx.o(.text))
<BR>[Address Reference Count : 1]<UL><LI> startup_stm32f40xx.o(RESET)
</UL>
<P><STRONG><a name="[4c]"></a>CAN2_SCE_IRQHandler</STRONG> (Thumb, 0 bytes, Stack size 0 bytes, startup_stm32f40xx.o(.text))
<BR>[Address Reference Count : 1]<UL><LI> startup_stm32f40xx.o(RESET)
</UL>
<P><STRONG><a name="[49]"></a>CAN2_TX_IRQHandler</STRONG> (Thumb, 0 bytes, Stack size 0 bytes, startup_stm32f40xx.o(.text))
<BR>[Address Reference Count : 1]<UL><LI> startup_stm32f40xx.o(RESET)
</UL>
<P><STRONG><a name="[59]"></a>CRYP_IRQHandler</STRONG> (Thumb, 0 bytes, Stack size 0 bytes, startup_stm32f40xx.o(.text))
<BR>[Address Reference Count : 1]<UL><LI> startup_stm32f40xx.o(RESET)
</UL>
<P><STRONG><a name="[58]"></a>DCMI_IRQHandler</STRONG> (Thumb, 0 bytes, Stack size 0 bytes, startup_stm32f40xx.o(.text))
<BR>[Address Reference Count : 1]<UL><LI> startup_stm32f40xx.o(RESET)
</UL>
<P><STRONG><a name="[15]"></a>DMA1_Stream0_IRQHandler</STRONG> (Thumb, 0 bytes, Stack size 0 bytes, startup_stm32f40xx.o(.text))
<BR>[Address Reference Count : 1]<UL><LI> startup_stm32f40xx.o(RESET)
</UL>
<P><STRONG><a name="[16]"></a>DMA1_Stream1_IRQHandler</STRONG> (Thumb, 0 bytes, Stack size 0 bytes, startup_stm32f40xx.o(.text))
<BR>[Address Reference Count : 1]<UL><LI> startup_stm32f40xx.o(RESET)
</UL>
<P><STRONG><a name="[17]"></a>DMA1_Stream2_IRQHandler</STRONG> (Thumb, 0 bytes, Stack size 0 bytes, startup_stm32f40xx.o(.text))
<BR>[Address Reference Count : 1]<UL><LI> startup_stm32f40xx.o(RESET)
</UL>
<P><STRONG><a name="[18]"></a>DMA1_Stream3_IRQHandler</STRONG> (Thumb, 0 bytes, Stack size 0 bytes, startup_stm32f40xx.o(.text))
<BR>[Address Reference Count : 1]<UL><LI> startup_stm32f40xx.o(RESET)
</UL>
<P><STRONG><a name="[19]"></a>DMA1_Stream4_IRQHandler</STRONG> (Thumb, 0 bytes, Stack size 0 bytes, startup_stm32f40xx.o(.text))
<BR>[Address Reference Count : 1]<UL><LI> startup_stm32f40xx.o(RESET)
</UL>
<P><STRONG><a name="[1a]"></a>DMA1_Stream5_IRQHandler</STRONG> (Thumb, 0 bytes, Stack size 0 bytes, startup_stm32f40xx.o(.text))
<BR>[Address Reference Count : 1]<UL><LI> startup_stm32f40xx.o(RESET)
</UL>
<P><STRONG><a name="[1b]"></a>DMA1_Stream6_IRQHandler</STRONG> (Thumb, 0 bytes, Stack size 0 bytes, startup_stm32f40xx.o(.text))
<BR>[Address Reference Count : 1]<UL><LI> startup_stm32f40xx.o(RESET)
</UL>
<P><STRONG><a name="[39]"></a>DMA1_Stream7_IRQHandler</STRONG> (Thumb, 0 bytes, Stack size 0 bytes, startup_stm32f40xx.o(.text))
<BR>[Address Reference Count : 1]<UL><LI> startup_stm32f40xx.o(RESET)
</UL>
<P><STRONG><a name="[42]"></a>DMA2_Stream0_IRQHandler</STRONG> (Thumb, 0 bytes, Stack size 0 bytes, startup_stm32f40xx.o(.text))
<BR>[Address Reference Count : 1]<UL><LI> startup_stm32f40xx.o(RESET)
</UL>
<P><STRONG><a name="[43]"></a>DMA2_Stream1_IRQHandler</STRONG> (Thumb, 0 bytes, Stack size 0 bytes, startup_stm32f40xx.o(.text))
<BR>[Address Reference Count : 1]<UL><LI> startup_stm32f40xx.o(RESET)
</UL>
<P><STRONG><a name="[44]"></a>DMA2_Stream2_IRQHandler</STRONG> (Thumb, 0 bytes, Stack size 0 bytes, startup_stm32f40xx.o(.text))
<BR>[Address Reference Count : 1]<UL><LI> startup_stm32f40xx.o(RESET)
</UL>
<P><STRONG><a name="[45]"></a>DMA2_Stream3_IRQHandler</STRONG> (Thumb, 0 bytes, Stack size 0 bytes, startup_stm32f40xx.o(.text))
<BR>[Address Reference Count : 1]<UL><LI> startup_stm32f40xx.o(RESET)
</UL>
<P><STRONG><a name="[46]"></a>DMA2_Stream4_IRQHandler</STRONG> (Thumb, 0 bytes, Stack size 0 bytes, startup_stm32f40xx.o(.text))
<BR>[Address Reference Count : 1]<UL><LI> startup_stm32f40xx.o(RESET)
</UL>
<P><STRONG><a name="[4f]"></a>DMA2_Stream6_IRQHandler</STRONG> (Thumb, 0 bytes, Stack size 0 bytes, startup_stm32f40xx.o(.text))
<BR>[Address Reference Count : 1]<UL><LI> startup_stm32f40xx.o(RESET)
</UL>
<P><STRONG><a name="[47]"></a>ETH_IRQHandler</STRONG> (Thumb, 0 bytes, Stack size 0 bytes, startup_stm32f40xx.o(.text))
<BR>[Address Reference Count : 1]<UL><LI> startup_stm32f40xx.o(RESET)
</UL>
<P><STRONG><a name="[48]"></a>ETH_WKUP_IRQHandler</STRONG> (Thumb, 0 bytes, Stack size 0 bytes, startup_stm32f40xx.o(.text))
<BR>[Address Reference Count : 1]<UL><LI> startup_stm32f40xx.o(RESET)
</UL>
<P><STRONG><a name="[10]"></a>EXTI0_IRQHandler</STRONG> (Thumb, 0 bytes, Stack size 0 bytes, startup_stm32f40xx.o(.text))
<BR>[Address Reference Count : 1]<UL><LI> startup_stm32f40xx.o(RESET)
</UL>
<P><STRONG><a name="[32]"></a>EXTI15_10_IRQHandler</STRONG> (Thumb, 0 bytes, Stack size 0 bytes, startup_stm32f40xx.o(.text))
<BR>[Address Reference Count : 1]<UL><LI> startup_stm32f40xx.o(RESET)
</UL>
<P><STRONG><a name="[11]"></a>EXTI1_IRQHandler</STRONG> (Thumb, 0 bytes, Stack size 0 bytes, startup_stm32f40xx.o(.text))
<BR>[Address Reference Count : 1]<UL><LI> startup_stm32f40xx.o(RESET)
</UL>
<P><STRONG><a name="[12]"></a>EXTI2_IRQHandler</STRONG> (Thumb, 0 bytes, Stack size 0 bytes, startup_stm32f40xx.o(.text))
<BR>[Address Reference Count : 1]<UL><LI> startup_stm32f40xx.o(RESET)
</UL>
<P><STRONG><a name="[13]"></a>EXTI3_IRQHandler</STRONG> (Thumb, 0 bytes, Stack size 0 bytes, startup_stm32f40xx.o(.text))
<BR>[Address Reference Count : 1]<UL><LI> startup_stm32f40xx.o(RESET)
</UL>
<P><STRONG><a name="[14]"></a>EXTI4_IRQHandler</STRONG> (Thumb, 0 bytes, Stack size 0 bytes, startup_stm32f40xx.o(.text))
<BR>[Address Reference Count : 1]<UL><LI> startup_stm32f40xx.o(RESET)
</UL>
<P><STRONG><a name="[21]"></a>EXTI9_5_IRQHandler</STRONG> (Thumb, 0 bytes, Stack size 0 bytes, startup_stm32f40xx.o(.text))
<BR>[Address Reference Count : 1]<UL><LI> startup_stm32f40xx.o(RESET)
</UL>
<P><STRONG><a name="[e]"></a>FLASH_IRQHandler</STRONG> (Thumb, 0 bytes, Stack size 0 bytes, startup_stm32f40xx.o(.text))
<BR>[Address Reference Count : 1]<UL><LI> startup_stm32f40xx.o(RESET)
</UL>
<P><STRONG><a name="[5b]"></a>FPU_IRQHandler</STRONG> (Thumb, 0 bytes, Stack size 0 bytes, startup_stm32f40xx.o(.text))
<BR>[Address Reference Count : 1]<UL><LI> startup_stm32f40xx.o(RESET)
</UL>
<P><STRONG><a name="[3a]"></a>FSMC_IRQHandler</STRONG> (Thumb, 0 bytes, Stack size 0 bytes, startup_stm32f40xx.o(.text))
<BR>[Address Reference Count : 1]<UL><LI> startup_stm32f40xx.o(RESET)
</UL>
<P><STRONG><a name="[5a]"></a>HASH_RNG_IRQHandler</STRONG> (Thumb, 0 bytes, Stack size 0 bytes, startup_stm32f40xx.o(.text))
<BR>[Address Reference Count : 1]<UL><LI> startup_stm32f40xx.o(RESET)
</UL>
<P><STRONG><a name="[2a]"></a>I2C1_ER_IRQHandler</STRONG> (Thumb, 0 bytes, Stack size 0 bytes, startup_stm32f40xx.o(.text))
<BR>[Address Reference Count : 1]<UL><LI> startup_stm32f40xx.o(RESET)
</UL>
<P><STRONG><a name="[29]"></a>I2C1_EV_IRQHandler</STRONG> (Thumb, 0 bytes, Stack size 0 bytes, startup_stm32f40xx.o(.text))
<BR>[Address Reference Count : 1]<UL><LI> startup_stm32f40xx.o(RESET)
</UL>
<P><STRONG><a name="[2c]"></a>I2C2_ER_IRQHandler</STRONG> (Thumb, 0 bytes, Stack size 0 bytes, startup_stm32f40xx.o(.text))
<BR>[Address Reference Count : 1]<UL><LI> startup_stm32f40xx.o(RESET)
</UL>
<P><STRONG><a name="[2b]"></a>I2C2_EV_IRQHandler</STRONG> (Thumb, 0 bytes, Stack size 0 bytes, startup_stm32f40xx.o(.text))
<BR>[Address Reference Count : 1]<UL><LI> startup_stm32f40xx.o(RESET)
</UL>
<P><STRONG><a name="[53]"></a>I2C3_ER_IRQHandler</STRONG> (Thumb, 0 bytes, Stack size 0 bytes, startup_stm32f40xx.o(.text))
<BR>[Address Reference Count : 1]<UL><LI> startup_stm32f40xx.o(RESET)
</UL>
<P><STRONG><a name="[52]"></a>I2C3_EV_IRQHandler</STRONG> (Thumb, 0 bytes, Stack size 0 bytes, startup_stm32f40xx.o(.text))
<BR>[Address Reference Count : 1]<UL><LI> startup_stm32f40xx.o(RESET)
</UL>
<P><STRONG><a name="[4d]"></a>OTG_FS_IRQHandler</STRONG> (Thumb, 0 bytes, Stack size 0 bytes, startup_stm32f40xx.o(.text))
<BR>[Address Reference Count : 1]<UL><LI> startup_stm32f40xx.o(RESET)
</UL>
<P><STRONG><a name="[34]"></a>OTG_FS_WKUP_IRQHandler</STRONG> (Thumb, 0 bytes, Stack size 0 bytes, startup_stm32f40xx.o(.text))
<BR>[Address Reference Count : 1]<UL><LI> startup_stm32f40xx.o(RESET)
</UL>
<P><STRONG><a name="[55]"></a>OTG_HS_EP1_IN_IRQHandler</STRONG> (Thumb, 0 bytes, Stack size 0 bytes, startup_stm32f40xx.o(.text))
<BR>[Address Reference Count : 1]<UL><LI> startup_stm32f40xx.o(RESET)
</UL>
<P><STRONG><a name="[54]"></a>OTG_HS_EP1_OUT_IRQHandler</STRONG> (Thumb, 0 bytes, Stack size 0 bytes, startup_stm32f40xx.o(.text))
<BR>[Address Reference Count : 1]<UL><LI> startup_stm32f40xx.o(RESET)
</UL>
<P><STRONG><a name="[57]"></a>OTG_HS_IRQHandler</STRONG> (Thumb, 0 bytes, Stack size 0 bytes, startup_stm32f40xx.o(.text))
<BR>[Address Reference Count : 1]<UL><LI> startup_stm32f40xx.o(RESET)
</UL>
<P><STRONG><a name="[56]"></a>OTG_HS_WKUP_IRQHandler</STRONG> (Thumb, 0 bytes, Stack size 0 bytes, startup_stm32f40xx.o(.text))
<BR>[Address Reference Count : 1]<UL><LI> startup_stm32f40xx.o(RESET)
</UL>
<P><STRONG><a name="[b]"></a>PVD_IRQHandler</STRONG> (Thumb, 0 bytes, Stack size 0 bytes, startup_stm32f40xx.o(.text))
<BR>[Address Reference Count : 1]<UL><LI> startup_stm32f40xx.o(RESET)
</UL>
<P><STRONG><a name="[f]"></a>RCC_IRQHandler</STRONG> (Thumb, 0 bytes, Stack size 0 bytes, startup_stm32f40xx.o(.text))
<BR>[Address Reference Count : 1]<UL><LI> startup_stm32f40xx.o(RESET)
</UL>
<P><STRONG><a name="[33]"></a>RTC_Alarm_IRQHandler</STRONG> (Thumb, 0 bytes, Stack size 0 bytes, startup_stm32f40xx.o(.text))
<BR>[Address Reference Count : 1]<UL><LI> startup_stm32f40xx.o(RESET)
</UL>
<P><STRONG><a name="[d]"></a>RTC_WKUP_IRQHandler</STRONG> (Thumb, 0 bytes, Stack size 0 bytes, startup_stm32f40xx.o(.text))
<BR>[Address Reference Count : 1]<UL><LI> startup_stm32f40xx.o(RESET)
</UL>
<P><STRONG><a name="[2d]"></a>SPI1_IRQHandler</STRONG> (Thumb, 0 bytes, Stack size 0 bytes, startup_stm32f40xx.o(.text))
<BR>[Address Reference Count : 1]<UL><LI> startup_stm32f40xx.o(RESET)
</UL>
<P><STRONG><a name="[2e]"></a>SPI2_IRQHandler</STRONG> (Thumb, 0 bytes, Stack size 0 bytes, startup_stm32f40xx.o(.text))
<BR>[Address Reference Count : 1]<UL><LI> startup_stm32f40xx.o(RESET)
</UL>
<P><STRONG><a name="[3d]"></a>SPI3_IRQHandler</STRONG> (Thumb, 0 bytes, Stack size 0 bytes, startup_stm32f40xx.o(.text))
<BR>[Address Reference Count : 1]<UL><LI> startup_stm32f40xx.o(RESET)
</UL>
<P><STRONG><a name="[c]"></a>TAMP_STAMP_IRQHandler</STRONG> (Thumb, 0 bytes, Stack size 0 bytes, startup_stm32f40xx.o(.text))
<BR>[Address Reference Count : 1]<UL><LI> startup_stm32f40xx.o(RESET)
</UL>
<P><STRONG><a name="[22]"></a>TIM1_BRK_TIM9_IRQHandler</STRONG> (Thumb, 0 bytes, Stack size 0 bytes, startup_stm32f40xx.o(.text))
<BR>[Address Reference Count : 1]<UL><LI> startup_stm32f40xx.o(RESET)
</UL>
<P><STRONG><a name="[25]"></a>TIM1_CC_IRQHandler</STRONG> (Thumb, 0 bytes, Stack size 0 bytes, startup_stm32f40xx.o(.text))
<BR>[Address Reference Count : 1]<UL><LI> startup_stm32f40xx.o(RESET)
</UL>
<P><STRONG><a name="[24]"></a>TIM1_TRG_COM_TIM11_IRQHandler</STRONG> (Thumb, 0 bytes, Stack size 0 bytes, startup_stm32f40xx.o(.text))
<BR>[Address Reference Count : 1]<UL><LI> startup_stm32f40xx.o(RESET)
</UL>
<P><STRONG><a name="[23]"></a>TIM1_UP_TIM10_IRQHandler</STRONG> (Thumb, 0 bytes, Stack size 0 bytes, startup_stm32f40xx.o(.text))
<BR>[Address Reference Count : 1]<UL><LI> startup_stm32f40xx.o(RESET)
</UL>
<P><STRONG><a name="[26]"></a>TIM2_IRQHandler</STRONG> (Thumb, 0 bytes, Stack size 0 bytes, startup_stm32f40xx.o(.text))
<BR>[Address Reference Count : 1]<UL><LI> startup_stm32f40xx.o(RESET)
</UL>
<P><STRONG><a name="[27]"></a>TIM3_IRQHandler</STRONG> (Thumb, 0 bytes, Stack size 0 bytes, startup_stm32f40xx.o(.text))
<BR>[Address Reference Count : 1]<UL><LI> startup_stm32f40xx.o(RESET)
</UL>
<P><STRONG><a name="[28]"></a>TIM4_IRQHandler</STRONG> (Thumb, 0 bytes, Stack size 0 bytes, startup_stm32f40xx.o(.text))
<BR>[Address Reference Count : 1]<UL><LI> startup_stm32f40xx.o(RESET)
</UL>
<P><STRONG><a name="[3c]"></a>TIM5_IRQHandler</STRONG> (Thumb, 0 bytes, Stack size 0 bytes, startup_stm32f40xx.o(.text))
<BR>[Address Reference Count : 1]<UL><LI> startup_stm32f40xx.o(RESET)
</UL>
<P><STRONG><a name="[41]"></a>TIM7_IRQHandler</STRONG> (Thumb, 0 bytes, Stack size 0 bytes, startup_stm32f40xx.o(.text))
<BR>[Address Reference Count : 1]<UL><LI> startup_stm32f40xx.o(RESET)
</UL>
<P><STRONG><a name="[35]"></a>TIM8_BRK_TIM12_IRQHandler</STRONG> (Thumb, 0 bytes, Stack size 0 bytes, startup_stm32f40xx.o(.text))
<BR>[Address Reference Count : 1]<UL><LI> startup_stm32f40xx.o(RESET)
</UL>
<P><STRONG><a name="[38]"></a>TIM8_CC_IRQHandler</STRONG> (Thumb, 0 bytes, Stack size 0 bytes, startup_stm32f40xx.o(.text))
<BR>[Address Reference Count : 1]<UL><LI> startup_stm32f40xx.o(RESET)
</UL>
<P><STRONG><a name="[37]"></a>TIM8_TRG_COM_TIM14_IRQHandler</STRONG> (Thumb, 0 bytes, Stack size 0 bytes, startup_stm32f40xx.o(.text))
<BR>[Address Reference Count : 1]<UL><LI> startup_stm32f40xx.o(RESET)
</UL>
<P><STRONG><a name="[36]"></a>TIM8_UP_TIM13_IRQHandler</STRONG> (Thumb, 0 bytes, Stack size 0 bytes, startup_stm32f40xx.o(.text))
<BR>[Address Reference Count : 1]<UL><LI> startup_stm32f40xx.o(RESET)
</UL>
<P><STRONG><a name="[3e]"></a>UART4_IRQHandler</STRONG> (Thumb, 0 bytes, Stack size 0 bytes, startup_stm32f40xx.o(.text))
<BR>[Address Reference Count : 1]<UL><LI> startup_stm32f40xx.o(RESET)
</UL>
<P><STRONG><a name="[3f]"></a>UART5_IRQHandler</STRONG> (Thumb, 0 bytes, Stack size 0 bytes, startup_stm32f40xx.o(.text))
<BR>[Address Reference Count : 1]<UL><LI> startup_stm32f40xx.o(RESET)
</UL>
<P><STRONG><a name="[30]"></a>USART2_IRQHandler</STRONG> (Thumb, 0 bytes, Stack size 0 bytes, startup_stm32f40xx.o(.text))
<BR>[Address Reference Count : 1]<UL><LI> startup_stm32f40xx.o(RESET)
</UL>
<P><STRONG><a name="[31]"></a>USART3_IRQHandler</STRONG> (Thumb, 0 bytes, Stack size 0 bytes, startup_stm32f40xx.o(.text))
<BR>[Address Reference Count : 1]<UL><LI> startup_stm32f40xx.o(RESET)
</UL>
<P><STRONG><a name="[51]"></a>USART6_IRQHandler</STRONG> (Thumb, 0 bytes, Stack size 0 bytes, startup_stm32f40xx.o(.text))
<BR>[Address Reference Count : 1]<UL><LI> startup_stm32f40xx.o(RESET)
</UL>
<P><STRONG><a name="[a]"></a>WWDG_IRQHandler</STRONG> (Thumb, 0 bytes, Stack size 0 bytes, startup_stm32f40xx.o(.text))
<BR>[Address Reference Count : 1]<UL><LI> startup_stm32f40xx.o(RESET)
</UL>
<P><STRONG><a name="[ce]"></a>__aeabi_memcpy</STRONG> (Thumb, 36 bytes, Stack size 0 bytes, memcpya.o(.text))
<BR><BR>[Called By]<UL><LI><a href="#[d1]">&gt;&gt;</a>&nbsp;&nbsp;&nbsp;SD_WriteDisk
<LI><a href="#[cd]">&gt;&gt;</a>&nbsp;&nbsp;&nbsp;SD_ReadDisk
<LI><a href="#[12b]">&gt;&gt;</a>&nbsp;&nbsp;&nbsp;prvCopyDataToQueue
<LI><a href="#[12a]">&gt;&gt;</a>&nbsp;&nbsp;&nbsp;prvCopyDataFromQueue
<LI><a href="#[b5]">&gt;&gt;</a>&nbsp;&nbsp;&nbsp;_setODentry
<LI><a href="#[e9]">&gt;&gt;</a>&nbsp;&nbsp;&nbsp;_getODentry
</UL>

<P><STRONG><a name="[160]"></a>__aeabi_memcpy4</STRONG> (Thumb, 0 bytes, Stack size 0 bytes, memcpya.o(.text), UNUSED)

<P><STRONG><a name="[161]"></a>__aeabi_memcpy8</STRONG> (Thumb, 0 bytes, Stack size 0 bytes, memcpya.o(.text), UNUSED)

<P><STRONG><a name="[7b]"></a>__aeabi_memset</STRONG> (Thumb, 14 bytes, Stack size 0 bytes, memseta.o(.text))
<BR><BR>[Called By]<UL><LI><a href="#[12f]">&gt;&gt;</a>&nbsp;&nbsp;&nbsp;prvInitialiseNewTask
<LI><a href="#[7c]">&gt;&gt;</a>&nbsp;&nbsp;&nbsp;_memset$wrapper
<LI><a href="#[7a]">&gt;&gt;</a>&nbsp;&nbsp;&nbsp;__aeabi_memclr
</UL>

<P><STRONG><a name="[162]"></a>__aeabi_memset4</STRONG> (Thumb, 0 bytes, Stack size 0 bytes, memseta.o(.text), UNUSED)

<P><STRONG><a name="[163]"></a>__aeabi_memset8</STRONG> (Thumb, 0 bytes, Stack size 0 bytes, memseta.o(.text), UNUSED)

<P><STRONG><a name="[7a]"></a>__aeabi_memclr</STRONG> (Thumb, 4 bytes, Stack size 0 bytes, memseta.o(.text), UNUSED)
<BR><BR>[Calls]<UL><LI><a href="#[7b]">&gt;&gt;</a>&nbsp;&nbsp;&nbsp;__aeabi_memset
</UL>

<P><STRONG><a name="[164]"></a>__aeabi_memclr4</STRONG> (Thumb, 0 bytes, Stack size 0 bytes, memseta.o(.text), UNUSED)

<P><STRONG><a name="[165]"></a>__aeabi_memclr8</STRONG> (Thumb, 0 bytes, Stack size 0 bytes, memseta.o(.text), UNUSED)

<P><STRONG><a name="[7c]"></a>_memset$wrapper</STRONG> (Thumb, 18 bytes, Stack size 8 bytes, memseta.o(.text), UNUSED)
<BR><BR>[Calls]<UL><LI><a href="#[7b]">&gt;&gt;</a>&nbsp;&nbsp;&nbsp;__aeabi_memset
</UL>

<P><STRONG><a name="[13b]"></a>strlen</STRONG> (Thumb, 14 bytes, Stack size 0 bytes, strlen.o(.text))
<BR><BR>[Called By]<UL><LI><a href="#[14e]">&gt;&gt;</a>&nbsp;&nbsp;&nbsp;vTaskList
<LI><a href="#[14c]">&gt;&gt;</a>&nbsp;&nbsp;&nbsp;vTaskGetRunTimeStats
<LI><a href="#[139]">&gt;&gt;</a>&nbsp;&nbsp;&nbsp;prvWriteNameToBuffer
</UL>

<P><STRONG><a name="[140]"></a>memcmp</STRONG> (Thumb, 26 bytes, Stack size 12 bytes, memcmp.o(.text))
<BR><BR>[Stack]<UL><LI>Max Depth = 12<LI>Call Chain = memcmp
</UL>
<BR>[Called By]<UL><LI><a href="#[ab]">&gt;&gt;</a>&nbsp;&nbsp;&nbsp;sendOnePDOevent
</UL>

<P><STRONG><a name="[13a]"></a>strcpy</STRONG> (Thumb, 18 bytes, Stack size 0 bytes, strcpy.o(.text))
<BR><BR>[Called By]<UL><LI><a href="#[139]">&gt;&gt;</a>&nbsp;&nbsp;&nbsp;prvWriteNameToBuffer
</UL>

<P><STRONG><a name="[7d]"></a>__aeabi_uldivmod</STRONG> (Thumb, 98 bytes, Stack size 40 bytes, uldiv.o(.text), UNUSED)
<BR><BR>[Calls]<UL><LI><a href="#[7e]">&gt;&gt;</a>&nbsp;&nbsp;&nbsp;__aeabi_llsr
<LI><a href="#[7f]">&gt;&gt;</a>&nbsp;&nbsp;&nbsp;__aeabi_llsl
</UL>
<BR>[Called By]<UL><LI><a href="#[e7]">&gt;&gt;</a>&nbsp;&nbsp;&nbsp;_printf_core
</UL>

<P><STRONG><a name="[78]"></a>__scatterload</STRONG> (Thumb, 28 bytes, Stack size 0 bytes, init.o(.text))
<BR><BR>[Calls]<UL><LI><a href="#[80]">&gt;&gt;</a>&nbsp;&nbsp;&nbsp;__main_after_scatterload
</UL>
<BR>[Called By]<UL><LI><a href="#[77]">&gt;&gt;</a>&nbsp;&nbsp;&nbsp;_main_scatterload
</UL>

<P><STRONG><a name="[166]"></a>__scatterload_rt2</STRONG> (Thumb, 0 bytes, Stack size 0 bytes, init.o(.text), UNUSED)

<P><STRONG><a name="[7f]"></a>__aeabi_llsl</STRONG> (Thumb, 30 bytes, Stack size 0 bytes, llshl.o(.text), UNUSED)
<BR><BR>[Called By]<UL><LI><a href="#[7d]">&gt;&gt;</a>&nbsp;&nbsp;&nbsp;__aeabi_uldivmod
</UL>

<P><STRONG><a name="[167]"></a>_ll_shift_l</STRONG> (Thumb, 0 bytes, Stack size 0 bytes, llshl.o(.text), UNUSED)

<P><STRONG><a name="[7e]"></a>__aeabi_llsr</STRONG> (Thumb, 32 bytes, Stack size 0 bytes, llushr.o(.text), UNUSED)
<BR><BR>[Called By]<UL><LI><a href="#[7d]">&gt;&gt;</a>&nbsp;&nbsp;&nbsp;__aeabi_uldivmod
</UL>

<P><STRONG><a name="[168]"></a>_ll_ushift_r</STRONG> (Thumb, 0 bytes, Stack size 0 bytes, llushr.o(.text), UNUSED)

<P><STRONG><a name="[4]"></a>BusFault_Handler</STRONG> (Thumb, 4 bytes, Stack size 0 bytes, stm32f4xx_it.o(i.BusFault_Handler))
<BR>[Address Reference Count : 1]<UL><LI> startup_stm32f40xx.o(RESET)
</UL>
<P><STRONG><a name="[1e]"></a>CAN1_RX0_IRQHandler</STRONG> (Thumb, 80 bytes, Stack size 32 bytes, stm32f4xx_it.o(i.CAN1_RX0_IRQHandler))
<BR><BR>[Stack]<UL><LI>Max Depth = 96<LI>Call Chain = CAN1_RX0_IRQHandler &rArr; xQueueGenericSendFromISR &rArr; prvCopyDataToQueue
</UL>
<BR>[Calls]<UL><LI><a href="#[89]">&gt;&gt;</a>&nbsp;&nbsp;&nbsp;vPortExitCritical
<LI><a href="#[86]">&gt;&gt;</a>&nbsp;&nbsp;&nbsp;vPortEnterCritical
<LI><a href="#[87]">&gt;&gt;</a>&nbsp;&nbsp;&nbsp;CAN_Receive
<LI><a href="#[88]">&gt;&gt;</a>&nbsp;&nbsp;&nbsp;xQueueGenericSendFromISR
</UL>
<BR>[Address Reference Count : 1]<UL><LI> startup_stm32f40xx.o(RESET)
</UL>
<P><STRONG><a name="[4a]"></a>CAN2_RX0_IRQHandler</STRONG> (Thumb, 80 bytes, Stack size 32 bytes, stm32f4xx_it.o(i.CAN2_RX0_IRQHandler))
<BR><BR>[Stack]<UL><LI>Max Depth = 96<LI>Call Chain = CAN2_RX0_IRQHandler &rArr; xQueueGenericSendFromISR &rArr; prvCopyDataToQueue
</UL>
<BR>[Calls]<UL><LI><a href="#[89]">&gt;&gt;</a>&nbsp;&nbsp;&nbsp;vPortExitCritical
<LI><a href="#[86]">&gt;&gt;</a>&nbsp;&nbsp;&nbsp;vPortEnterCritical
<LI><a href="#[87]">&gt;&gt;</a>&nbsp;&nbsp;&nbsp;CAN_Receive
<LI><a href="#[88]">&gt;&gt;</a>&nbsp;&nbsp;&nbsp;xQueueGenericSendFromISR
</UL>
<BR>[Address Reference Count : 1]<UL><LI> startup_stm32f40xx.o(RESET)
</UL>
<P><STRONG><a name="[8a]"></a>CAN_DeInit</STRONG> (Thumb, 50 bytes, Stack size 8 bytes, stm32f4xx_can.o(i.CAN_DeInit))
<BR><BR>[Stack]<UL><LI>Max Depth = 8<LI>Call Chain = CAN_DeInit
</UL>
<BR>[Calls]<UL><LI><a href="#[8b]">&gt;&gt;</a>&nbsp;&nbsp;&nbsp;RCC_APB1PeriphResetCmd
</UL>
<BR>[Called By]<UL><LI><a href="#[85]">&gt;&gt;</a>&nbsp;&nbsp;&nbsp;canInit
</UL>

<P><STRONG><a name="[103]"></a>CAN_FilterInit</STRONG> (Thumb, 258 bytes, Stack size 8 bytes, stm32f4xx_can.o(i.CAN_FilterInit))
<BR><BR>[Stack]<UL><LI>Max Depth = 8<LI>Call Chain = CAN_FilterInit
</UL>
<BR>[Called By]<UL><LI><a href="#[85]">&gt;&gt;</a>&nbsp;&nbsp;&nbsp;canInit
</UL>

<P><STRONG><a name="[104]"></a>CAN_ITConfig</STRONG> (Thumb, 18 bytes, Stack size 0 bytes, stm32f4xx_can.o(i.CAN_ITConfig))
<BR><BR>[Called By]<UL><LI><a href="#[85]">&gt;&gt;</a>&nbsp;&nbsp;&nbsp;canInit
</UL>

<P><STRONG><a name="[102]"></a>CAN_Init</STRONG> (Thumb, 276 bytes, Stack size 12 bytes, stm32f4xx_can.o(i.CAN_Init))
<BR><BR>[Stack]<UL><LI>Max Depth = 12<LI>Call Chain = CAN_Init
</UL>
<BR>[Called By]<UL><LI><a href="#[85]">&gt;&gt;</a>&nbsp;&nbsp;&nbsp;canInit
</UL>

<P><STRONG><a name="[87]"></a>CAN_Receive</STRONG> (Thumb, 240 bytes, Stack size 8 bytes, stm32f4xx_can.o(i.CAN_Receive))
<BR><BR>[Stack]<UL><LI>Max Depth = 8<LI>Call Chain = CAN_Receive
</UL>
<BR>[Called By]<UL><LI><a href="#[4a]">&gt;&gt;</a>&nbsp;&nbsp;&nbsp;CAN2_RX0_IRQHandler
<LI><a href="#[1e]">&gt;&gt;</a>&nbsp;&nbsp;&nbsp;CAN1_RX0_IRQHandler
</UL>

<P><STRONG><a name="[105]"></a>CAN_SlaveStartBank</STRONG> (Thumb, 48 bytes, Stack size 0 bytes, stm32f4xx_can.o(i.CAN_SlaveStartBank))
<BR><BR>[Called By]<UL><LI><a href="#[85]">&gt;&gt;</a>&nbsp;&nbsp;&nbsp;canInit
</UL>

<P><STRONG><a name="[101]"></a>CAN_StructInit</STRONG> (Thumb, 32 bytes, Stack size 0 bytes, stm32f4xx_can.o(i.CAN_StructInit))
<BR><BR>[Called By]<UL><LI><a href="#[85]">&gt;&gt;</a>&nbsp;&nbsp;&nbsp;canInit
</UL>

<P><STRONG><a name="[106]"></a>CAN_Transmit</STRONG> (Thumb, 294 bytes, Stack size 8 bytes, stm32f4xx_can.o(i.CAN_Transmit))
<BR><BR>[Stack]<UL><LI>Max Depth = 8<LI>Call Chain = CAN_Transmit
</UL>
<BR>[Called By]<UL><LI><a href="#[af]">&gt;&gt;</a>&nbsp;&nbsp;&nbsp;canSend
</UL>

<P><STRONG><a name="[8c]"></a>CmdError</STRONG> (Thumb, 48 bytes, Stack size 16 bytes, sdio_sdcard.o(i.CmdError))
<BR><BR>[Stack]<UL><LI>Max Depth = 16<LI>Call Chain = CmdError
</UL>
<BR>[Calls]<UL><LI><a href="#[8d]">&gt;&gt;</a>&nbsp;&nbsp;&nbsp;SDIO_GetFlagStatus
<LI><a href="#[8e]">&gt;&gt;</a>&nbsp;&nbsp;&nbsp;SDIO_ClearFlag
</UL>
<BR>[Called By]<UL><LI><a href="#[c0]">&gt;&gt;</a>&nbsp;&nbsp;&nbsp;SD_PowerON
</UL>

<P><STRONG><a name="[8f]"></a>CmdResp1Error</STRONG> (Thumb, 94 bytes, Stack size 16 bytes, sdio_sdcard.o(i.CmdResp1Error))
<BR><BR>[Stack]<UL><LI>Max Depth = 16<LI>Call Chain = CmdResp1Error
</UL>
<BR>[Calls]<UL><LI><a href="#[8d]">&gt;&gt;</a>&nbsp;&nbsp;&nbsp;SDIO_GetFlagStatus
<LI><a href="#[8e]">&gt;&gt;</a>&nbsp;&nbsp;&nbsp;SDIO_ClearFlag
</UL>
<BR>[Called By]<UL><LI><a href="#[d2]">&gt;&gt;</a>&nbsp;&nbsp;&nbsp;SD_WriteMultiBlocks
<LI><a href="#[d0]">&gt;&gt;</a>&nbsp;&nbsp;&nbsp;SD_WriteBlock
<LI><a href="#[c3]">&gt;&gt;</a>&nbsp;&nbsp;&nbsp;SD_SelectDeselect
<LI><a href="#[cf]">&gt;&gt;</a>&nbsp;&nbsp;&nbsp;SD_ReadMultiBlocks
<LI><a href="#[c9]">&gt;&gt;</a>&nbsp;&nbsp;&nbsp;SD_ReadBlock
<LI><a href="#[b1]">&gt;&gt;</a>&nbsp;&nbsp;&nbsp;SD_ProcessIRQSrc
<LI><a href="#[c0]">&gt;&gt;</a>&nbsp;&nbsp;&nbsp;SD_PowerON
<LI><a href="#[b0]">&gt;&gt;</a>&nbsp;&nbsp;&nbsp;SDEnWideBus
<LI><a href="#[9e]">&gt;&gt;</a>&nbsp;&nbsp;&nbsp;FindSCR
</UL>

<P><STRONG><a name="[90]"></a>CmdResp2Error</STRONG> (Thumb, 80 bytes, Stack size 16 bytes, sdio_sdcard.o(i.CmdResp2Error))
<BR><BR>[Stack]<UL><LI>Max Depth = 16<LI>Call Chain = CmdResp2Error
</UL>
<BR>[Calls]<UL><LI><a href="#[8d]">&gt;&gt;</a>&nbsp;&nbsp;&nbsp;SDIO_GetFlagStatus
<LI><a href="#[8e]">&gt;&gt;</a>&nbsp;&nbsp;&nbsp;SDIO_ClearFlag
</UL>
<BR>[Called By]<UL><LI><a href="#[c1]">&gt;&gt;</a>&nbsp;&nbsp;&nbsp;SD_InitializeCards
</UL>

<P><STRONG><a name="[91]"></a>CmdResp3Error</STRONG> (Thumb, 50 bytes, Stack size 8 bytes, sdio_sdcard.o(i.CmdResp3Error))
<BR><BR>[Stack]<UL><LI>Max Depth = 8<LI>Call Chain = CmdResp3Error
</UL>
<BR>[Calls]<UL><LI><a href="#[8d]">&gt;&gt;</a>&nbsp;&nbsp;&nbsp;SDIO_GetFlagStatus
<LI><a href="#[8e]">&gt;&gt;</a>&nbsp;&nbsp;&nbsp;SDIO_ClearFlag
</UL>
<BR>[Called By]<UL><LI><a href="#[c0]">&gt;&gt;</a>&nbsp;&nbsp;&nbsp;SD_PowerON
</UL>

<P><STRONG><a name="[92]"></a>CmdResp6Error</STRONG> (Thumb, 144 bytes, Stack size 24 bytes, sdio_sdcard.o(i.CmdResp6Error))
<BR><BR>[Stack]<UL><LI>Max Depth = 24<LI>Call Chain = CmdResp6Error
</UL>
<BR>[Calls]<UL><LI><a href="#[8d]">&gt;&gt;</a>&nbsp;&nbsp;&nbsp;SDIO_GetFlagStatus
<LI><a href="#[8e]">&gt;&gt;</a>&nbsp;&nbsp;&nbsp;SDIO_ClearFlag
</UL>
<BR>[Called By]<UL><LI><a href="#[c1]">&gt;&gt;</a>&nbsp;&nbsp;&nbsp;SD_InitializeCards
</UL>

<P><STRONG><a name="[93]"></a>CmdResp7Error</STRONG> (Thumb, 70 bytes, Stack size 16 bytes, sdio_sdcard.o(i.CmdResp7Error))
<BR><BR>[Stack]<UL><LI>Max Depth = 16<LI>Call Chain = CmdResp7Error
</UL>
<BR>[Calls]<UL><LI><a href="#[8e]">&gt;&gt;</a>&nbsp;&nbsp;&nbsp;SDIO_ClearFlag
</UL>
<BR>[Called By]<UL><LI><a href="#[c0]">&gt;&gt;</a>&nbsp;&nbsp;&nbsp;SD_PowerON
</UL>

<P><STRONG><a name="[6d]"></a>ConsumerHeartbeatAlarm</STRONG> (Thumb, 50 bytes, Stack size 16 bytes, lifegrd.o(i.ConsumerHeartbeatAlarm))
<BR><BR>[Stack]<UL><LI>Max Depth = 16<LI>Call Chain = ConsumerHeartbeatAlarm
</UL>
<BR>[Address Reference Count : 2]<UL><LI> lifegrd.o(i.heartbeatInit)
<LI> lifegrd.o(i.proceedNODE_GUARD)
</UL>
<P><STRONG><a name="[f8]"></a>CopyBits</STRONG> (Thumb, 236 bytes, Stack size 52 bytes, pdo.o(i.CopyBits))
<BR><BR>[Stack]<UL><LI>Max Depth = 52<LI>Call Chain = CopyBits
</UL>
<BR>[Called By]<UL><LI><a href="#[fc]">&gt;&gt;</a>&nbsp;&nbsp;&nbsp;proceedPDO
<LI><a href="#[eb]">&gt;&gt;</a>&nbsp;&nbsp;&nbsp;buildPDO
</UL>

<P><STRONG><a name="[4e]"></a>DMA2_Stream5_IRQHandler</STRONG> (Thumb, 22 bytes, Stack size 8 bytes, usartdma.o(i.DMA2_Stream5_IRQHandler))
<BR><BR>[Stack]<UL><LI>Max Depth = 24<LI>Call Chain = DMA2_Stream5_IRQHandler &rArr; DMA_GetITStatus
</UL>
<BR>[Calls]<UL><LI><a href="#[94]">&gt;&gt;</a>&nbsp;&nbsp;&nbsp;DMA_GetITStatus
<LI><a href="#[95]">&gt;&gt;</a>&nbsp;&nbsp;&nbsp;DMA_ClearITPendingBit
</UL>
<BR>[Address Reference Count : 1]<UL><LI> startup_stm32f40xx.o(RESET)
</UL>
<P><STRONG><a name="[50]"></a>DMA2_Stream7_IRQHandler</STRONG> (Thumb, 42 bytes, Stack size 8 bytes, usartdma.o(i.DMA2_Stream7_IRQHandler))
<BR><BR>[Stack]<UL><LI>Max Depth = 24<LI>Call Chain = DMA2_Stream7_IRQHandler &rArr; DMA_GetITStatus
</UL>
<BR>[Calls]<UL><LI><a href="#[94]">&gt;&gt;</a>&nbsp;&nbsp;&nbsp;DMA_GetITStatus
<LI><a href="#[95]">&gt;&gt;</a>&nbsp;&nbsp;&nbsp;DMA_ClearITPendingBit
<LI><a href="#[96]">&gt;&gt;</a>&nbsp;&nbsp;&nbsp;USART_GetFlagStatus
</UL>
<BR>[Address Reference Count : 1]<UL><LI> startup_stm32f40xx.o(RESET)
</UL>
<P><STRONG><a name="[9d]"></a>DMA_ClearFlag</STRONG> (Thumb, 38 bytes, Stack size 0 bytes, stm32f4xx_dma.o(i.DMA_ClearFlag))
<BR><BR>[Called By]<UL><LI><a href="#[97]">&gt;&gt;</a>&nbsp;&nbsp;&nbsp;DMA_Config
</UL>

<P><STRONG><a name="[95]"></a>DMA_ClearITPendingBit</STRONG> (Thumb, 38 bytes, Stack size 0 bytes, stm32f4xx_dma.o(i.DMA_ClearITPendingBit))
<BR><BR>[Called By]<UL><LI><a href="#[50]">&gt;&gt;</a>&nbsp;&nbsp;&nbsp;DMA2_Stream7_IRQHandler
<LI><a href="#[4e]">&gt;&gt;</a>&nbsp;&nbsp;&nbsp;DMA2_Stream5_IRQHandler
</UL>

<P><STRONG><a name="[b9]"></a>DMA_Cmd</STRONG> (Thumb, 22 bytes, Stack size 0 bytes, stm32f4xx_dma.o(i.DMA_Cmd))
<BR><BR>[Called By]<UL><LI><a href="#[b6]">&gt;&gt;</a>&nbsp;&nbsp;&nbsp;SD_DMA_Config
</UL>

<P><STRONG><a name="[99]"></a>DMA_DeInit</STRONG> (Thumb, 324 bytes, Stack size 0 bytes, stm32f4xx_dma.o(i.DMA_DeInit))
<BR><BR>[Called By]<UL><LI><a href="#[b6]">&gt;&gt;</a>&nbsp;&nbsp;&nbsp;SD_DMA_Config
<LI><a href="#[97]">&gt;&gt;</a>&nbsp;&nbsp;&nbsp;DMA_Config
</UL>

<P><STRONG><a name="[b8]"></a>DMA_FlowControllerConfig</STRONG> (Thumb, 22 bytes, Stack size 0 bytes, stm32f4xx_dma.o(i.DMA_FlowControllerConfig))
<BR><BR>[Called By]<UL><LI><a href="#[b6]">&gt;&gt;</a>&nbsp;&nbsp;&nbsp;SD_DMA_Config
</UL>

<P><STRONG><a name="[b7]"></a>DMA_GetCmdStatus</STRONG> (Thumb, 20 bytes, Stack size 0 bytes, stm32f4xx_dma.o(i.DMA_GetCmdStatus))
<BR><BR>[Called By]<UL><LI><a href="#[b6]">&gt;&gt;</a>&nbsp;&nbsp;&nbsp;SD_DMA_Config
</UL>

<P><STRONG><a name="[94]"></a>DMA_GetITStatus</STRONG> (Thumb, 82 bytes, Stack size 16 bytes, stm32f4xx_dma.o(i.DMA_GetITStatus))
<BR><BR>[Stack]<UL><LI>Max Depth = 16<LI>Call Chain = DMA_GetITStatus
</UL>
<BR>[Called By]<UL><LI><a href="#[50]">&gt;&gt;</a>&nbsp;&nbsp;&nbsp;DMA2_Stream7_IRQHandler
<LI><a href="#[4e]">&gt;&gt;</a>&nbsp;&nbsp;&nbsp;DMA2_Stream5_IRQHandler
</UL>

<P><STRONG><a name="[9c]"></a>DMA_ITConfig</STRONG> (Thumb, 58 bytes, Stack size 8 bytes, stm32f4xx_dma.o(i.DMA_ITConfig))
<BR><BR>[Stack]<UL><LI>Max Depth = 8<LI>Call Chain = DMA_ITConfig
</UL>
<BR>[Called By]<UL><LI><a href="#[97]">&gt;&gt;</a>&nbsp;&nbsp;&nbsp;DMA_Config
</UL>

<P><STRONG><a name="[9a]"></a>DMA_Init</STRONG> (Thumb, 82 bytes, Stack size 8 bytes, stm32f4xx_dma.o(i.DMA_Init))
<BR><BR>[Stack]<UL><LI>Max Depth = 8<LI>Call Chain = DMA_Init
</UL>
<BR>[Called By]<UL><LI><a href="#[b6]">&gt;&gt;</a>&nbsp;&nbsp;&nbsp;SD_DMA_Config
<LI><a href="#[97]">&gt;&gt;</a>&nbsp;&nbsp;&nbsp;DMA_Config
</UL>

<P><STRONG><a name="[7]"></a>DebugMon_Handler</STRONG> (Thumb, 2 bytes, Stack size 0 bytes, stm32f4xx_it.o(i.DebugMon_Handler))
<BR>[Address Reference Count : 1]<UL><LI> startup_stm32f40xx.o(RESET)
</UL>
<P><STRONG><a name="[a2]"></a>DelAlarm</STRONG> (Thumb, 46 bytes, Stack size 0 bytes, timer.o(i.DelAlarm))
<BR><BR>[Called By]<UL><LI><a href="#[144]">&gt;&gt;</a>&nbsp;&nbsp;&nbsp;stopSYNC
<LI><a href="#[fd]">&gt;&gt;</a>&nbsp;&nbsp;&nbsp;proceedSDO
<LI><a href="#[112]">&gt;&gt;</a>&nbsp;&nbsp;&nbsp;initSDOline
<LI><a href="#[10e]">&gt;&gt;</a>&nbsp;&nbsp;&nbsp;failedSDO
<LI><a href="#[ab]">&gt;&gt;</a>&nbsp;&nbsp;&nbsp;sendOnePDOevent
<LI><a href="#[fc]">&gt;&gt;</a>&nbsp;&nbsp;&nbsp;proceedPDO
<LI><a href="#[64]">&gt;&gt;</a>&nbsp;&nbsp;&nbsp;TPDO_Communication_Parameter_Callback
<LI><a href="#[ae]">&gt;&gt;</a>&nbsp;&nbsp;&nbsp;PDOStop
<LI><a href="#[fe]">&gt;&gt;</a>&nbsp;&nbsp;&nbsp;proceedNODE_GUARD
<LI><a href="#[a9]">&gt;&gt;</a>&nbsp;&nbsp;&nbsp;nodeguardStop
<LI><a href="#[111]">&gt;&gt;</a>&nbsp;&nbsp;&nbsp;heartbeatStop
<LI><a href="#[63]">&gt;&gt;</a>&nbsp;&nbsp;&nbsp;ProducerHeartbeatAlarm
<LI><a href="#[6c]">&gt;&gt;</a>&nbsp;&nbsp;&nbsp;OnHeartbeatProducerUpdate
<LI><a href="#[70]">&gt;&gt;</a>&nbsp;&nbsp;&nbsp;GuardTimeAlarm
</UL>

<P><STRONG><a name="[9e]"></a>FindSCR</STRONG> (Thumb, 388 bytes, Stack size 32 bytes, sdio_sdcard.o(i.FindSCR))
<BR><BR>[Stack]<UL><LI>Max Depth = 48<LI>Call Chain = FindSCR &rArr; CmdResp1Error
</UL>
<BR>[Calls]<UL><LI><a href="#[9f]">&gt;&gt;</a>&nbsp;&nbsp;&nbsp;SDIO_SendCommand
<LI><a href="#[8d]">&gt;&gt;</a>&nbsp;&nbsp;&nbsp;SDIO_GetFlagStatus
<LI><a href="#[a0]">&gt;&gt;</a>&nbsp;&nbsp;&nbsp;SDIO_DataConfig
<LI><a href="#[8e]">&gt;&gt;</a>&nbsp;&nbsp;&nbsp;SDIO_ClearFlag
<LI><a href="#[8f]">&gt;&gt;</a>&nbsp;&nbsp;&nbsp;CmdResp1Error
</UL>
<BR>[Called By]<UL><LI><a href="#[b0]">&gt;&gt;</a>&nbsp;&nbsp;&nbsp;SDEnWideBus
</UL>

<P><STRONG><a name="[a5]"></a>GPIO_Init</STRONG> (Thumb, 144 bytes, Stack size 20 bytes, stm32f4xx_gpio.o(i.GPIO_Init))
<BR><BR>[Stack]<UL><LI>Max Depth = 20<LI>Call Chain = GPIO_Init
</UL>
<BR>[Called By]<UL><LI><a href="#[85]">&gt;&gt;</a>&nbsp;&nbsp;&nbsp;canInit
<LI><a href="#[de]">&gt;&gt;</a>&nbsp;&nbsp;&nbsp;USARTDMA_Config
<LI><a href="#[bb]">&gt;&gt;</a>&nbsp;&nbsp;&nbsp;SD_Init
<LI><a href="#[a4]">&gt;&gt;</a>&nbsp;&nbsp;&nbsp;LED_Init
<LI><a href="#[f6]">&gt;&gt;</a>&nbsp;&nbsp;&nbsp;bsp_InitKeyHard
</UL>

<P><STRONG><a name="[be]"></a>GPIO_PinAFConfig</STRONG> (Thumb, 70 bytes, Stack size 20 bytes, stm32f4xx_gpio.o(i.GPIO_PinAFConfig))
<BR><BR>[Stack]<UL><LI>Max Depth = 20<LI>Call Chain = GPIO_PinAFConfig
</UL>
<BR>[Called By]<UL><LI><a href="#[85]">&gt;&gt;</a>&nbsp;&nbsp;&nbsp;canInit
<LI><a href="#[de]">&gt;&gt;</a>&nbsp;&nbsp;&nbsp;USARTDMA_Config
<LI><a href="#[bb]">&gt;&gt;</a>&nbsp;&nbsp;&nbsp;SD_Init
</UL>

<P><STRONG><a name="[a6]"></a>GPIO_SetBits</STRONG> (Thumb, 4 bytes, Stack size 0 bytes, stm32f4xx_gpio.o(i.GPIO_SetBits))
<BR><BR>[Called By]<UL><LI><a href="#[a4]">&gt;&gt;</a>&nbsp;&nbsp;&nbsp;LED_Init
</UL>

<P><STRONG><a name="[70]"></a>GuardTimeAlarm</STRONG> (Thumb, 118 bytes, Stack size 16 bytes, lifegrd.o(i.GuardTimeAlarm))
<BR><BR>[Stack]<UL><LI>Max Depth = 96<LI>Call Chain = GuardTimeAlarm &rArr; masterSendNMTnodeguard &rArr; canSend &rArr; CAN_Transmit
</UL>
<BR>[Calls]<UL><LI><a href="#[a1]">&gt;&gt;</a>&nbsp;&nbsp;&nbsp;masterSendNMTnodeguard
<LI><a href="#[a2]">&gt;&gt;</a>&nbsp;&nbsp;&nbsp;DelAlarm
</UL>
<BR>[Address Reference Count : 1]<UL><LI> lifegrd.o(i.nodeguardInit)
</UL>
<P><STRONG><a name="[2]"></a>HardFault_Handler</STRONG> (Thumb, 4 bytes, Stack size 0 bytes, stm32f4xx_it.o(i.HardFault_Handler))
<BR>[Address Reference Count : 1]<UL><LI> startup_stm32f40xx.o(RESET)
</UL>
<P><STRONG><a name="[a3]"></a>IsCardProgramming</STRONG> (Thumb, 146 bytes, Stack size 16 bytes, sdio_sdcard.o(i.IsCardProgramming))
<BR><BR>[Stack]<UL><LI>Max Depth = 16<LI>Call Chain = IsCardProgramming
</UL>
<BR>[Calls]<UL><LI><a href="#[9f]">&gt;&gt;</a>&nbsp;&nbsp;&nbsp;SDIO_SendCommand
<LI><a href="#[8d]">&gt;&gt;</a>&nbsp;&nbsp;&nbsp;SDIO_GetFlagStatus
<LI><a href="#[8e]">&gt;&gt;</a>&nbsp;&nbsp;&nbsp;SDIO_ClearFlag
</UL>
<BR>[Called By]<UL><LI><a href="#[d2]">&gt;&gt;</a>&nbsp;&nbsp;&nbsp;SD_WriteMultiBlocks
<LI><a href="#[d0]">&gt;&gt;</a>&nbsp;&nbsp;&nbsp;SD_WriteBlock
</UL>

<P><STRONG><a name="[a4]"></a>LED_Init</STRONG> (Thumb, 56 bytes, Stack size 16 bytes, led.o(i.LED_Init))
<BR><BR>[Stack]<UL><LI>Max Depth = 36<LI>Call Chain = LED_Init &rArr; GPIO_Init
</UL>
<BR>[Calls]<UL><LI><a href="#[a6]">&gt;&gt;</a>&nbsp;&nbsp;&nbsp;GPIO_SetBits
<LI><a href="#[a5]">&gt;&gt;</a>&nbsp;&nbsp;&nbsp;GPIO_Init
<LI><a href="#[98]">&gt;&gt;</a>&nbsp;&nbsp;&nbsp;RCC_AHB1PeriphClockCmd
</UL>
<BR>[Called By]<UL><LI><a href="#[ef]">&gt;&gt;</a>&nbsp;&nbsp;&nbsp;bsp_Init
</UL>

<P><STRONG><a name="[f2]"></a>MC_setupUSARTDMA_FIFIO</STRONG> (Thumb, 30 bytes, Stack size 0 bytes, usartdma.o(i.MC_setupUSARTDMA_FIFIO))
<BR><BR>[Called By]<UL><LI><a href="#[ef]">&gt;&gt;</a>&nbsp;&nbsp;&nbsp;bsp_Init
</UL>

<P><STRONG><a name="[3]"></a>MemManage_Handler</STRONG> (Thumb, 4 bytes, Stack size 0 bytes, stm32f4xx_it.o(i.MemManage_Handler))
<BR>[Address Reference Count : 1]<UL><LI> startup_stm32f40xx.o(RESET)
</UL>
<P><STRONG><a name="[1]"></a>NMI_Handler</STRONG> (Thumb, 2 bytes, Stack size 0 bytes, stm32f4xx_it.o(i.NMI_Handler))
<BR>[Address Reference Count : 1]<UL><LI> startup_stm32f40xx.o(RESET)
</UL>
<P><STRONG><a name="[9b]"></a>NVIC_Init</STRONG> (Thumb, 106 bytes, Stack size 16 bytes, misc.o(i.NVIC_Init))
<BR><BR>[Stack]<UL><LI>Max Depth = 16<LI>Call Chain = NVIC_Init
</UL>
<BR>[Called By]<UL><LI><a href="#[85]">&gt;&gt;</a>&nbsp;&nbsp;&nbsp;canInit
<LI><a href="#[de]">&gt;&gt;</a>&nbsp;&nbsp;&nbsp;USARTDMA_Config
<LI><a href="#[bb]">&gt;&gt;</a>&nbsp;&nbsp;&nbsp;SD_Init
<LI><a href="#[97]">&gt;&gt;</a>&nbsp;&nbsp;&nbsp;DMA_Config
</UL>

<P><STRONG><a name="[f0]"></a>NVIC_PriorityGroupConfig</STRONG> (Thumb, 10 bytes, Stack size 0 bytes, misc.o(i.NVIC_PriorityGroupConfig))
<BR><BR>[Called By]<UL><LI><a href="#[ef]">&gt;&gt;</a>&nbsp;&nbsp;&nbsp;bsp_Init
</UL>

<P><STRONG><a name="[74]"></a>OnCOB_ID_SyncUpdate</STRONG> (Thumb, 18 bytes, Stack size 16 bytes, sync.o(i.OnCOB_ID_SyncUpdate))
<BR><BR>[Stack]<UL><LI>Max Depth = 72<LI>Call Chain = OnCOB_ID_SyncUpdate &rArr; startSYNC &rArr; stopSYNC &rArr; RegisterSetODentryCallBack
</UL>
<BR>[Calls]<UL><LI><a href="#[a7]">&gt;&gt;</a>&nbsp;&nbsp;&nbsp;startSYNC
</UL>
<BR>[Address Reference Count : 1]<UL><LI> sync.o(i.startSYNC)
</UL>
<P><STRONG><a name="[6c]"></a>OnHeartbeatProducerUpdate</STRONG> (Thumb, 66 bytes, Stack size 24 bytes, lifegrd.o(i.OnHeartbeatProducerUpdate))
<BR><BR>[Stack]<UL><LI>Max Depth = 64<LI>Call Chain = OnHeartbeatProducerUpdate &rArr; SetAlarm
</UL>
<BR>[Calls]<UL><LI><a href="#[a8]">&gt;&gt;</a>&nbsp;&nbsp;&nbsp;SetAlarm
<LI><a href="#[a2]">&gt;&gt;</a>&nbsp;&nbsp;&nbsp;DelAlarm
</UL>
<BR>[Address Reference Count : 1]<UL><LI> lifegrd.o(i.heartbeatInit)
</UL>
<P><STRONG><a name="[6f]"></a>OnNodeGuardUpdate</STRONG> (Thumb, 24 bytes, Stack size 16 bytes, lifegrd.o(i.OnNodeGuardUpdate))
<BR><BR>[Stack]<UL><LI>Max Depth = 80<LI>Call Chain = OnNodeGuardUpdate &rArr; nodeguardInit &rArr; SetAlarm
</UL>
<BR>[Calls]<UL><LI><a href="#[a9]">&gt;&gt;</a>&nbsp;&nbsp;&nbsp;nodeguardStop
<LI><a href="#[aa]">&gt;&gt;</a>&nbsp;&nbsp;&nbsp;nodeguardInit
</UL>
<BR>[Address Reference Count : 1]<UL><LI> lifegrd.o(i.nodeguardInit)
</UL>
<P><STRONG><a name="[6b]"></a>OnNumberOfErrorsUpdate</STRONG> (Thumb, 44 bytes, Stack size 12 bytes, emcy.o(i.OnNumberOfErrorsUpdate))
<BR><BR>[Stack]<UL><LI>Max Depth = 12<LI>Call Chain = OnNumberOfErrorsUpdate
</UL>
<BR>[Address Reference Count : 1]<UL><LI> emcy.o(i.emergencyInit)
</UL>
<P><STRONG><a name="[72]"></a>PDOEventTimerAlarm</STRONG> (Thumb, 46 bytes, Stack size 16 bytes, pdo.o(i.PDOEventTimerAlarm))
<BR><BR>[Stack]<UL><LI>Max Depth = 204<LI>Call Chain = PDOEventTimerAlarm &rArr; sendOnePDOevent &rArr; buildPDO &rArr; _getODentry &rArr; accessDictionaryError
</UL>
<BR>[Calls]<UL><LI><a href="#[ab]">&gt;&gt;</a>&nbsp;&nbsp;&nbsp;sendOnePDOevent
</UL>
<BR>[Called By]<UL><LI><a href="#[fc]">&gt;&gt;</a>&nbsp;&nbsp;&nbsp;proceedPDO
<LI><a href="#[64]">&gt;&gt;</a>&nbsp;&nbsp;&nbsp;TPDO_Communication_Parameter_Callback
</UL>
<BR>[Address Reference Count : 1]<UL><LI> pdo.o(i.sendOnePDOevent)
</UL>
<P><STRONG><a name="[73]"></a>PDOInhibitTimerAlarm</STRONG> (Thumb, 56 bytes, Stack size 16 bytes, pdo.o(i.PDOInhibitTimerAlarm))
<BR><BR>[Stack]<UL><LI>Max Depth = 204<LI>Call Chain = PDOInhibitTimerAlarm &rArr; sendOnePDOevent &rArr; buildPDO &rArr; _getODentry &rArr; accessDictionaryError
</UL>
<BR>[Calls]<UL><LI><a href="#[ab]">&gt;&gt;</a>&nbsp;&nbsp;&nbsp;sendOnePDOevent
</UL>
<BR>[Address Reference Count : 1]<UL><LI> pdo.o(i.sendOnePDOevent)
</UL>
<P><STRONG><a name="[ac]"></a>PDOInit</STRONG> (Thumb, 82 bytes, Stack size 32 bytes, pdo.o(i.PDOInit))
<BR><BR>[Stack]<UL><LI>Max Depth = 268<LI>Call Chain = PDOInit &rArr; _sendPDOevent &rArr; sendOnePDOevent &rArr; buildPDO &rArr; _getODentry &rArr; accessDictionaryError
</UL>
<BR>[Calls]<UL><LI><a href="#[ad]">&gt;&gt;</a>&nbsp;&nbsp;&nbsp;_sendPDOevent
</UL>
<BR>[Called By]<UL><LI><a href="#[142]">&gt;&gt;</a>&nbsp;&nbsp;&nbsp;switchCommunicationState
</UL>

<P><STRONG><a name="[ae]"></a>PDOStop</STRONG> (Thumb, 120 bytes, Stack size 24 bytes, pdo.o(i.PDOStop))
<BR><BR>[Stack]<UL><LI>Max Depth = 24<LI>Call Chain = PDOStop
</UL>
<BR>[Calls]<UL><LI><a href="#[a2]">&gt;&gt;</a>&nbsp;&nbsp;&nbsp;DelAlarm
</UL>
<BR>[Called By]<UL><LI><a href="#[142]">&gt;&gt;</a>&nbsp;&nbsp;&nbsp;switchCommunicationState
</UL>

<P><STRONG><a name="[63]"></a>ProducerHeartbeatAlarm</STRONG> (Thumb, 72 bytes, Stack size 32 bytes, lifegrd.o(i.ProducerHeartbeatAlarm))
<BR><BR>[Stack]<UL><LI>Max Depth = 80<LI>Call Chain = ProducerHeartbeatAlarm &rArr; canSend &rArr; CAN_Transmit
</UL>
<BR>[Calls]<UL><LI><a href="#[af]">&gt;&gt;</a>&nbsp;&nbsp;&nbsp;canSend
<LI><a href="#[a2]">&gt;&gt;</a>&nbsp;&nbsp;&nbsp;DelAlarm
</UL>
<BR>[Address Reference Count : 2]<UL><LI> lifegrd.o(i.heartbeatInit)
<LI> lifegrd.o(i.OnHeartbeatProducerUpdate)
</UL>
<P><STRONG><a name="[98]"></a>RCC_AHB1PeriphClockCmd</STRONG> (Thumb, 26 bytes, Stack size 0 bytes, stm32f4xx_rcc.o(i.RCC_AHB1PeriphClockCmd))
<BR><BR>[Called By]<UL><LI><a href="#[85]">&gt;&gt;</a>&nbsp;&nbsp;&nbsp;canInit
<LI><a href="#[de]">&gt;&gt;</a>&nbsp;&nbsp;&nbsp;USARTDMA_Config
<LI><a href="#[bb]">&gt;&gt;</a>&nbsp;&nbsp;&nbsp;SD_Init
<LI><a href="#[a4]">&gt;&gt;</a>&nbsp;&nbsp;&nbsp;LED_Init
<LI><a href="#[f6]">&gt;&gt;</a>&nbsp;&nbsp;&nbsp;bsp_InitKeyHard
<LI><a href="#[97]">&gt;&gt;</a>&nbsp;&nbsp;&nbsp;DMA_Config
</UL>

<P><STRONG><a name="[100]"></a>RCC_APB1PeriphClockCmd</STRONG> (Thumb, 26 bytes, Stack size 0 bytes, stm32f4xx_rcc.o(i.RCC_APB1PeriphClockCmd))
<BR><BR>[Called By]<UL><LI><a href="#[85]">&gt;&gt;</a>&nbsp;&nbsp;&nbsp;canInit
</UL>

<P><STRONG><a name="[8b]"></a>RCC_APB1PeriphResetCmd</STRONG> (Thumb, 26 bytes, Stack size 0 bytes, stm32f4xx_rcc.o(i.RCC_APB1PeriphResetCmd))
<BR><BR>[Called By]<UL><LI><a href="#[8a]">&gt;&gt;</a>&nbsp;&nbsp;&nbsp;CAN_DeInit
<LI><a href="#[df]">&gt;&gt;</a>&nbsp;&nbsp;&nbsp;USART_DeInit
</UL>

<P><STRONG><a name="[bc]"></a>RCC_APB2PeriphClockCmd</STRONG> (Thumb, 26 bytes, Stack size 0 bytes, stm32f4xx_rcc.o(i.RCC_APB2PeriphClockCmd))
<BR><BR>[Called By]<UL><LI><a href="#[de]">&gt;&gt;</a>&nbsp;&nbsp;&nbsp;USARTDMA_Config
<LI><a href="#[bb]">&gt;&gt;</a>&nbsp;&nbsp;&nbsp;SD_Init
</UL>

<P><STRONG><a name="[bd]"></a>RCC_APB2PeriphResetCmd</STRONG> (Thumb, 26 bytes, Stack size 0 bytes, stm32f4xx_rcc.o(i.RCC_APB2PeriphResetCmd))
<BR><BR>[Called By]<UL><LI><a href="#[bb]">&gt;&gt;</a>&nbsp;&nbsp;&nbsp;SD_Init
<LI><a href="#[df]">&gt;&gt;</a>&nbsp;&nbsp;&nbsp;USART_DeInit
</UL>

<P><STRONG><a name="[e5]"></a>RCC_GetClocksFreq</STRONG> (Thumb, 214 bytes, Stack size 20 bytes, stm32f4xx_rcc.o(i.RCC_GetClocksFreq))
<BR><BR>[Stack]<UL><LI>Max Depth = 20<LI>Call Chain = RCC_GetClocksFreq
</UL>
<BR>[Called By]<UL><LI><a href="#[e0]">&gt;&gt;</a>&nbsp;&nbsp;&nbsp;USART_Init
</UL>

<P><STRONG><a name="[10d]"></a>RegisterSetODentryCallBack</STRONG> (Thumb, 50 bytes, Stack size 32 bytes, objacces.o(i.RegisterSetODentryCallBack))
<BR><BR>[Stack]<UL><LI>Max Depth = 32<LI>Call Chain = RegisterSetODentryCallBack
</UL>
<BR>[Called By]<UL><LI><a href="#[10c]">&gt;&gt;</a>&nbsp;&nbsp;&nbsp;emergencyInit
<LI><a href="#[144]">&gt;&gt;</a>&nbsp;&nbsp;&nbsp;stopSYNC
<LI><a href="#[a7]">&gt;&gt;</a>&nbsp;&nbsp;&nbsp;startSYNC
<LI><a href="#[aa]">&gt;&gt;</a>&nbsp;&nbsp;&nbsp;nodeguardInit
<LI><a href="#[110]">&gt;&gt;</a>&nbsp;&nbsp;&nbsp;heartbeatInit
</UL>

<P><STRONG><a name="[b0]"></a>SDEnWideBus</STRONG> (Thumb, 158 bytes, Stack size 24 bytes, sdio_sdcard.o(i.SDEnWideBus))
<BR><BR>[Stack]<UL><LI>Max Depth = 72<LI>Call Chain = SDEnWideBus &rArr; FindSCR &rArr; CmdResp1Error
</UL>
<BR>[Calls]<UL><LI><a href="#[9f]">&gt;&gt;</a>&nbsp;&nbsp;&nbsp;SDIO_SendCommand
<LI><a href="#[9e]">&gt;&gt;</a>&nbsp;&nbsp;&nbsp;FindSCR
<LI><a href="#[8f]">&gt;&gt;</a>&nbsp;&nbsp;&nbsp;CmdResp1Error
</UL>
<BR>[Called By]<UL><LI><a href="#[ba]">&gt;&gt;</a>&nbsp;&nbsp;&nbsp;SD_EnableWideBusOperation
</UL>

<P><STRONG><a name="[8e]"></a>SDIO_ClearFlag</STRONG> (Thumb, 6 bytes, Stack size 0 bytes, stm32f4xx_sdio.o(i.SDIO_ClearFlag))
<BR><BR>[Called By]<UL><LI><a href="#[d2]">&gt;&gt;</a>&nbsp;&nbsp;&nbsp;SD_WriteMultiBlocks
<LI><a href="#[d0]">&gt;&gt;</a>&nbsp;&nbsp;&nbsp;SD_WriteBlock
<LI><a href="#[cf]">&gt;&gt;</a>&nbsp;&nbsp;&nbsp;SD_ReadMultiBlocks
<LI><a href="#[c9]">&gt;&gt;</a>&nbsp;&nbsp;&nbsp;SD_ReadBlock
<LI><a href="#[b1]">&gt;&gt;</a>&nbsp;&nbsp;&nbsp;SD_ProcessIRQSrc
<LI><a href="#[a3]">&gt;&gt;</a>&nbsp;&nbsp;&nbsp;IsCardProgramming
<LI><a href="#[9e]">&gt;&gt;</a>&nbsp;&nbsp;&nbsp;FindSCR
<LI><a href="#[93]">&gt;&gt;</a>&nbsp;&nbsp;&nbsp;CmdResp7Error
<LI><a href="#[92]">&gt;&gt;</a>&nbsp;&nbsp;&nbsp;CmdResp6Error
<LI><a href="#[91]">&gt;&gt;</a>&nbsp;&nbsp;&nbsp;CmdResp3Error
<LI><a href="#[90]">&gt;&gt;</a>&nbsp;&nbsp;&nbsp;CmdResp2Error
<LI><a href="#[8f]">&gt;&gt;</a>&nbsp;&nbsp;&nbsp;CmdResp1Error
<LI><a href="#[8c]">&gt;&gt;</a>&nbsp;&nbsp;&nbsp;CmdError
</UL>

<P><STRONG><a name="[c4]"></a>SDIO_Clock_Set</STRONG> (Thumb, 16 bytes, Stack size 0 bytes, sdio_sdcard.o(i.SDIO_Clock_Set))
<BR><BR>[Called By]<UL><LI><a href="#[bb]">&gt;&gt;</a>&nbsp;&nbsp;&nbsp;SD_Init
</UL>

<P><STRONG><a name="[a0]"></a>SDIO_DataConfig</STRONG> (Thumb, 46 bytes, Stack size 0 bytes, stm32f4xx_sdio.o(i.SDIO_DataConfig))
<BR><BR>[Called By]<UL><LI><a href="#[d2]">&gt;&gt;</a>&nbsp;&nbsp;&nbsp;SD_WriteMultiBlocks
<LI><a href="#[d0]">&gt;&gt;</a>&nbsp;&nbsp;&nbsp;SD_WriteBlock
<LI><a href="#[cf]">&gt;&gt;</a>&nbsp;&nbsp;&nbsp;SD_ReadMultiBlocks
<LI><a href="#[c9]">&gt;&gt;</a>&nbsp;&nbsp;&nbsp;SD_ReadBlock
<LI><a href="#[9e]">&gt;&gt;</a>&nbsp;&nbsp;&nbsp;FindSCR
</UL>

<P><STRONG><a name="[8d]"></a>SDIO_GetFlagStatus</STRONG> (Thumb, 20 bytes, Stack size 0 bytes, stm32f4xx_sdio.o(i.SDIO_GetFlagStatus))
<BR><BR>[Called By]<UL><LI><a href="#[d2]">&gt;&gt;</a>&nbsp;&nbsp;&nbsp;SD_WriteMultiBlocks
<LI><a href="#[d0]">&gt;&gt;</a>&nbsp;&nbsp;&nbsp;SD_WriteBlock
<LI><a href="#[cf]">&gt;&gt;</a>&nbsp;&nbsp;&nbsp;SD_ReadMultiBlocks
<LI><a href="#[c9]">&gt;&gt;</a>&nbsp;&nbsp;&nbsp;SD_ReadBlock
<LI><a href="#[b1]">&gt;&gt;</a>&nbsp;&nbsp;&nbsp;SD_ProcessIRQSrc
<LI><a href="#[a3]">&gt;&gt;</a>&nbsp;&nbsp;&nbsp;IsCardProgramming
<LI><a href="#[9e]">&gt;&gt;</a>&nbsp;&nbsp;&nbsp;FindSCR
<LI><a href="#[92]">&gt;&gt;</a>&nbsp;&nbsp;&nbsp;CmdResp6Error
<LI><a href="#[91]">&gt;&gt;</a>&nbsp;&nbsp;&nbsp;CmdResp3Error
<LI><a href="#[90]">&gt;&gt;</a>&nbsp;&nbsp;&nbsp;CmdResp2Error
<LI><a href="#[8f]">&gt;&gt;</a>&nbsp;&nbsp;&nbsp;CmdResp1Error
<LI><a href="#[8c]">&gt;&gt;</a>&nbsp;&nbsp;&nbsp;CmdError
</UL>

<P><STRONG><a name="[c6]"></a>SDIO_GetPowerState</STRONG> (Thumb, 10 bytes, Stack size 0 bytes, stm32f4xx_sdio.o(i.SDIO_GetPowerState))
<BR><BR>[Called By]<UL><LI><a href="#[c1]">&gt;&gt;</a>&nbsp;&nbsp;&nbsp;SD_InitializeCards
</UL>

<P><STRONG><a name="[3b]"></a>SDIO_IRQHandler</STRONG> (Thumb, 8 bytes, Stack size 8 bytes, sdio_sdcard.o(i.SDIO_IRQHandler))
<BR><BR>[Stack]<UL><LI>Max Depth = 32<LI>Call Chain = SDIO_IRQHandler &rArr; SD_ProcessIRQSrc &rArr; CmdResp1Error
</UL>
<BR>[Calls]<UL><LI><a href="#[b1]">&gt;&gt;</a>&nbsp;&nbsp;&nbsp;SD_ProcessIRQSrc
</UL>
<BR>[Address Reference Count : 1]<UL><LI> startup_stm32f40xx.o(RESET)
</UL>
<P><STRONG><a name="[c7]"></a>SDIO_Init</STRONG> (Thumb, 42 bytes, Stack size 0 bytes, stm32f4xx_sdio.o(i.SDIO_Init))
<BR><BR>[Called By]<UL><LI><a href="#[c0]">&gt;&gt;</a>&nbsp;&nbsp;&nbsp;SD_PowerON
</UL>

<P><STRONG><a name="[bf]"></a>SDIO_Register_Deinit</STRONG> (Thumb, 48 bytes, Stack size 0 bytes, sdio_sdcard.o(i.SDIO_Register_Deinit))
<BR><BR>[Called By]<UL><LI><a href="#[bb]">&gt;&gt;</a>&nbsp;&nbsp;&nbsp;SD_Init
</UL>

<P><STRONG><a name="[9f]"></a>SDIO_SendCommand</STRONG> (Thumb, 40 bytes, Stack size 0 bytes, stm32f4xx_sdio.o(i.SDIO_SendCommand))
<BR><BR>[Called By]<UL><LI><a href="#[d2]">&gt;&gt;</a>&nbsp;&nbsp;&nbsp;SD_WriteMultiBlocks
<LI><a href="#[d0]">&gt;&gt;</a>&nbsp;&nbsp;&nbsp;SD_WriteBlock
<LI><a href="#[c3]">&gt;&gt;</a>&nbsp;&nbsp;&nbsp;SD_SelectDeselect
<LI><a href="#[cf]">&gt;&gt;</a>&nbsp;&nbsp;&nbsp;SD_ReadMultiBlocks
<LI><a href="#[c9]">&gt;&gt;</a>&nbsp;&nbsp;&nbsp;SD_ReadBlock
<LI><a href="#[b1]">&gt;&gt;</a>&nbsp;&nbsp;&nbsp;SD_ProcessIRQSrc
<LI><a href="#[c0]">&gt;&gt;</a>&nbsp;&nbsp;&nbsp;SD_PowerON
<LI><a href="#[c1]">&gt;&gt;</a>&nbsp;&nbsp;&nbsp;SD_InitializeCards
<LI><a href="#[b0]">&gt;&gt;</a>&nbsp;&nbsp;&nbsp;SDEnWideBus
<LI><a href="#[a3]">&gt;&gt;</a>&nbsp;&nbsp;&nbsp;IsCardProgramming
<LI><a href="#[9e]">&gt;&gt;</a>&nbsp;&nbsp;&nbsp;FindSCR
</UL>

<P><STRONG><a name="[c8]"></a>SDIO_SetPowerState</STRONG> (Thumb, 6 bytes, Stack size 0 bytes, stm32f4xx_sdio.o(i.SDIO_SetPowerState))
<BR><BR>[Called By]<UL><LI><a href="#[c0]">&gt;&gt;</a>&nbsp;&nbsp;&nbsp;SD_PowerON
</UL>

<P><STRONG><a name="[6e]"></a>SDOTimeoutAlarm</STRONG> (Thumb, 298 bytes, Stack size 32 bytes, sdo.o(i.SDOTimeoutAlarm))
<BR><BR>[Stack]<UL><LI>Max Depth = 160<LI>Call Chain = SDOTimeoutAlarm &rArr; sendSDOabort &rArr; sendSDO &rArr; canSend &rArr; CAN_Transmit
</UL>
<BR>[Calls]<UL><LI><a href="#[b2]">&gt;&gt;</a>&nbsp;&nbsp;&nbsp;sendSDOabort
<LI><a href="#[b3]">&gt;&gt;</a>&nbsp;&nbsp;&nbsp;resetSDOline
</UL>
<BR>[Address Reference Count : 2]<UL><LI> sdo.o(i.initSDOline)
<LI> sdo.o(i.proceedSDO)
</UL>
<P><STRONG><a name="[b4]"></a>SDOlineToObjdict</STRONG> (Thumb, 172 bytes, Stack size 40 bytes, sdo.o(i.SDOlineToObjdict))
<BR><BR>[Stack]<UL><LI>Max Depth = 116<LI>Call Chain = SDOlineToObjdict &rArr; _setODentry &rArr; accessDictionaryError
</UL>
<BR>[Calls]<UL><LI><a href="#[b5]">&gt;&gt;</a>&nbsp;&nbsp;&nbsp;_setODentry
</UL>
<BR>[Called By]<UL><LI><a href="#[fd]">&gt;&gt;</a>&nbsp;&nbsp;&nbsp;proceedSDO
</UL>

<P><STRONG><a name="[11a]"></a>SDOtoLine</STRONG> (Thumb, 134 bytes, Stack size 20 bytes, sdo.o(i.SDOtoLine))
<BR><BR>[Stack]<UL><LI>Max Depth = 20<LI>Call Chain = SDOtoLine
</UL>
<BR>[Called By]<UL><LI><a href="#[fd]">&gt;&gt;</a>&nbsp;&nbsp;&nbsp;proceedSDO
</UL>

<P><STRONG><a name="[b6]"></a>SD_DMA_Config</STRONG> (Thumb, 118 bytes, Stack size 80 bytes, sdio_sdcard.o(i.SD_DMA_Config))
<BR><BR>[Stack]<UL><LI>Max Depth = 88<LI>Call Chain = SD_DMA_Config &rArr; DMA_Init
</UL>
<BR>[Calls]<UL><LI><a href="#[9a]">&gt;&gt;</a>&nbsp;&nbsp;&nbsp;DMA_Init
<LI><a href="#[b7]">&gt;&gt;</a>&nbsp;&nbsp;&nbsp;DMA_GetCmdStatus
<LI><a href="#[b8]">&gt;&gt;</a>&nbsp;&nbsp;&nbsp;DMA_FlowControllerConfig
<LI><a href="#[99]">&gt;&gt;</a>&nbsp;&nbsp;&nbsp;DMA_DeInit
<LI><a href="#[b9]">&gt;&gt;</a>&nbsp;&nbsp;&nbsp;DMA_Cmd
</UL>
<BR>[Called By]<UL><LI><a href="#[d2]">&gt;&gt;</a>&nbsp;&nbsp;&nbsp;SD_WriteMultiBlocks
<LI><a href="#[d0]">&gt;&gt;</a>&nbsp;&nbsp;&nbsp;SD_WriteBlock
<LI><a href="#[cf]">&gt;&gt;</a>&nbsp;&nbsp;&nbsp;SD_ReadMultiBlocks
<LI><a href="#[c9]">&gt;&gt;</a>&nbsp;&nbsp;&nbsp;SD_ReadBlock
</UL>

<P><STRONG><a name="[ba]"></a>SD_EnableWideBusOperation</STRONG> (Thumb, 94 bytes, Stack size 16 bytes, sdio_sdcard.o(i.SD_EnableWideBusOperation))
<BR><BR>[Stack]<UL><LI>Max Depth = 88<LI>Call Chain = SD_EnableWideBusOperation &rArr; SDEnWideBus &rArr; FindSCR &rArr; CmdResp1Error
</UL>
<BR>[Calls]<UL><LI><a href="#[b0]">&gt;&gt;</a>&nbsp;&nbsp;&nbsp;SDEnWideBus
</UL>
<BR>[Called By]<UL><LI><a href="#[bb]">&gt;&gt;</a>&nbsp;&nbsp;&nbsp;SD_Init
</UL>

<P><STRONG><a name="[c2]"></a>SD_GetCardInfo</STRONG> (Thumb, 772 bytes, Stack size 20 bytes, sdio_sdcard.o(i.SD_GetCardInfo))
<BR><BR>[Stack]<UL><LI>Max Depth = 20<LI>Call Chain = SD_GetCardInfo
</UL>
<BR>[Called By]<UL><LI><a href="#[bb]">&gt;&gt;</a>&nbsp;&nbsp;&nbsp;SD_Init
</UL>

<P><STRONG><a name="[bb]"></a>SD_Init</STRONG> (Thumb, 258 bytes, Stack size 24 bytes, sdio_sdcard.o(i.SD_Init))
<BR><BR>[Stack]<UL><LI>Max Depth = 112<LI>Call Chain = SD_Init &rArr; SD_EnableWideBusOperation &rArr; SDEnWideBus &rArr; FindSCR &rArr; CmdResp1Error
</UL>
<BR>[Calls]<UL><LI><a href="#[bd]">&gt;&gt;</a>&nbsp;&nbsp;&nbsp;RCC_APB2PeriphResetCmd
<LI><a href="#[9b]">&gt;&gt;</a>&nbsp;&nbsp;&nbsp;NVIC_Init
<LI><a href="#[be]">&gt;&gt;</a>&nbsp;&nbsp;&nbsp;GPIO_PinAFConfig
<LI><a href="#[a5]">&gt;&gt;</a>&nbsp;&nbsp;&nbsp;GPIO_Init
<LI><a href="#[bc]">&gt;&gt;</a>&nbsp;&nbsp;&nbsp;RCC_APB2PeriphClockCmd
<LI><a href="#[98]">&gt;&gt;</a>&nbsp;&nbsp;&nbsp;RCC_AHB1PeriphClockCmd
<LI><a href="#[c5]">&gt;&gt;</a>&nbsp;&nbsp;&nbsp;SD_SetDeviceMode
<LI><a href="#[c3]">&gt;&gt;</a>&nbsp;&nbsp;&nbsp;SD_SelectDeselect
<LI><a href="#[c0]">&gt;&gt;</a>&nbsp;&nbsp;&nbsp;SD_PowerON
<LI><a href="#[c1]">&gt;&gt;</a>&nbsp;&nbsp;&nbsp;SD_InitializeCards
<LI><a href="#[c2]">&gt;&gt;</a>&nbsp;&nbsp;&nbsp;SD_GetCardInfo
<LI><a href="#[ba]">&gt;&gt;</a>&nbsp;&nbsp;&nbsp;SD_EnableWideBusOperation
<LI><a href="#[bf]">&gt;&gt;</a>&nbsp;&nbsp;&nbsp;SDIO_Register_Deinit
<LI><a href="#[c4]">&gt;&gt;</a>&nbsp;&nbsp;&nbsp;SDIO_Clock_Set
</UL>
<BR>[Called By]<UL><LI><a href="#[ef]">&gt;&gt;</a>&nbsp;&nbsp;&nbsp;bsp_Init
<LI><a href="#[d2]">&gt;&gt;</a>&nbsp;&nbsp;&nbsp;SD_WriteMultiBlocks
<LI><a href="#[d0]">&gt;&gt;</a>&nbsp;&nbsp;&nbsp;SD_WriteBlock
</UL>

<P><STRONG><a name="[c1]"></a>SD_InitializeCards</STRONG> (Thumb, 330 bytes, Stack size 16 bytes, sdio_sdcard.o(i.SD_InitializeCards))
<BR><BR>[Stack]<UL><LI>Max Depth = 40<LI>Call Chain = SD_InitializeCards &rArr; CmdResp6Error
</UL>
<BR>[Calls]<UL><LI><a href="#[9f]">&gt;&gt;</a>&nbsp;&nbsp;&nbsp;SDIO_SendCommand
<LI><a href="#[c6]">&gt;&gt;</a>&nbsp;&nbsp;&nbsp;SDIO_GetPowerState
<LI><a href="#[92]">&gt;&gt;</a>&nbsp;&nbsp;&nbsp;CmdResp6Error
<LI><a href="#[90]">&gt;&gt;</a>&nbsp;&nbsp;&nbsp;CmdResp2Error
</UL>
<BR>[Called By]<UL><LI><a href="#[bb]">&gt;&gt;</a>&nbsp;&nbsp;&nbsp;SD_Init
</UL>

<P><STRONG><a name="[c0]"></a>SD_PowerON</STRONG> (Thumb, 460 bytes, Stack size 32 bytes, sdio_sdcard.o(i.SD_PowerON))
<BR><BR>[Stack]<UL><LI>Max Depth = 48<LI>Call Chain = SD_PowerON &rArr; CmdResp7Error
</UL>
<BR>[Calls]<UL><LI><a href="#[c8]">&gt;&gt;</a>&nbsp;&nbsp;&nbsp;SDIO_SetPowerState
<LI><a href="#[9f]">&gt;&gt;</a>&nbsp;&nbsp;&nbsp;SDIO_SendCommand
<LI><a href="#[c7]">&gt;&gt;</a>&nbsp;&nbsp;&nbsp;SDIO_Init
<LI><a href="#[93]">&gt;&gt;</a>&nbsp;&nbsp;&nbsp;CmdResp7Error
<LI><a href="#[91]">&gt;&gt;</a>&nbsp;&nbsp;&nbsp;CmdResp3Error
<LI><a href="#[8f]">&gt;&gt;</a>&nbsp;&nbsp;&nbsp;CmdResp1Error
<LI><a href="#[8c]">&gt;&gt;</a>&nbsp;&nbsp;&nbsp;CmdError
</UL>
<BR>[Called By]<UL><LI><a href="#[bb]">&gt;&gt;</a>&nbsp;&nbsp;&nbsp;SD_Init
</UL>

<P><STRONG><a name="[b1]"></a>SD_ProcessIRQSrc</STRONG> (Thumb, 318 bytes, Stack size 8 bytes, sdio_sdcard.o(i.SD_ProcessIRQSrc))
<BR><BR>[Stack]<UL><LI>Max Depth = 24<LI>Call Chain = SD_ProcessIRQSrc &rArr; CmdResp1Error
</UL>
<BR>[Calls]<UL><LI><a href="#[9f]">&gt;&gt;</a>&nbsp;&nbsp;&nbsp;SDIO_SendCommand
<LI><a href="#[8d]">&gt;&gt;</a>&nbsp;&nbsp;&nbsp;SDIO_GetFlagStatus
<LI><a href="#[8e]">&gt;&gt;</a>&nbsp;&nbsp;&nbsp;SDIO_ClearFlag
<LI><a href="#[8f]">&gt;&gt;</a>&nbsp;&nbsp;&nbsp;CmdResp1Error
</UL>
<BR>[Called By]<UL><LI><a href="#[3b]">&gt;&gt;</a>&nbsp;&nbsp;&nbsp;SDIO_IRQHandler
</UL>

<P><STRONG><a name="[c9]"></a>SD_ReadBlock</STRONG> (Thumb, 574 bytes, Stack size 40 bytes, sdio_sdcard.o(i.SD_ReadBlock))
<BR><BR>[Stack]<UL><LI>Max Depth = 128<LI>Call Chain = SD_ReadBlock &rArr; SD_DMA_Config &rArr; DMA_Init
</UL>
<BR>[Calls]<UL><LI><a href="#[cc]">&gt;&gt;</a>&nbsp;&nbsp;&nbsp;INTX_ENABLE
<LI><a href="#[cb]">&gt;&gt;</a>&nbsp;&nbsp;&nbsp;INTX_DISABLE
<LI><a href="#[9f]">&gt;&gt;</a>&nbsp;&nbsp;&nbsp;SDIO_SendCommand
<LI><a href="#[8d]">&gt;&gt;</a>&nbsp;&nbsp;&nbsp;SDIO_GetFlagStatus
<LI><a href="#[a0]">&gt;&gt;</a>&nbsp;&nbsp;&nbsp;SDIO_DataConfig
<LI><a href="#[8e]">&gt;&gt;</a>&nbsp;&nbsp;&nbsp;SDIO_ClearFlag
<LI><a href="#[ca]">&gt;&gt;</a>&nbsp;&nbsp;&nbsp;convert_from_bytes_to_power_of_two
<LI><a href="#[b6]">&gt;&gt;</a>&nbsp;&nbsp;&nbsp;SD_DMA_Config
<LI><a href="#[8f]">&gt;&gt;</a>&nbsp;&nbsp;&nbsp;CmdResp1Error
</UL>
<BR>[Called By]<UL><LI><a href="#[cd]">&gt;&gt;</a>&nbsp;&nbsp;&nbsp;SD_ReadDisk
</UL>

<P><STRONG><a name="[cd]"></a>SD_ReadDisk</STRONG> (Thumb, 152 bytes, Stack size 48 bytes, sdio_sdcard.o(i.SD_ReadDisk))
<BR><BR>[Stack]<UL><LI>Max Depth = 192<LI>Call Chain = SD_ReadDisk &rArr; SD_ReadMultiBlocks &rArr; SD_DMA_Config &rArr; DMA_Init
</UL>
<BR>[Calls]<UL><LI><a href="#[cf]">&gt;&gt;</a>&nbsp;&nbsp;&nbsp;SD_ReadMultiBlocks
<LI><a href="#[c9]">&gt;&gt;</a>&nbsp;&nbsp;&nbsp;SD_ReadBlock
<LI><a href="#[ce]">&gt;&gt;</a>&nbsp;&nbsp;&nbsp;__aeabi_memcpy
</UL>
<BR>[Called By]<UL><LI><a href="#[5f]">&gt;&gt;</a>&nbsp;&nbsp;&nbsp;vTaskTask1
</UL>

<P><STRONG><a name="[cf]"></a>SD_ReadMultiBlocks</STRONG> (Thumb, 710 bytes, Stack size 56 bytes, sdio_sdcard.o(i.SD_ReadMultiBlocks))
<BR><BR>[Stack]<UL><LI>Max Depth = 144<LI>Call Chain = SD_ReadMultiBlocks &rArr; SD_DMA_Config &rArr; DMA_Init
</UL>
<BR>[Calls]<UL><LI><a href="#[cc]">&gt;&gt;</a>&nbsp;&nbsp;&nbsp;INTX_ENABLE
<LI><a href="#[cb]">&gt;&gt;</a>&nbsp;&nbsp;&nbsp;INTX_DISABLE
<LI><a href="#[9f]">&gt;&gt;</a>&nbsp;&nbsp;&nbsp;SDIO_SendCommand
<LI><a href="#[8d]">&gt;&gt;</a>&nbsp;&nbsp;&nbsp;SDIO_GetFlagStatus
<LI><a href="#[a0]">&gt;&gt;</a>&nbsp;&nbsp;&nbsp;SDIO_DataConfig
<LI><a href="#[8e]">&gt;&gt;</a>&nbsp;&nbsp;&nbsp;SDIO_ClearFlag
<LI><a href="#[ca]">&gt;&gt;</a>&nbsp;&nbsp;&nbsp;convert_from_bytes_to_power_of_two
<LI><a href="#[b6]">&gt;&gt;</a>&nbsp;&nbsp;&nbsp;SD_DMA_Config
<LI><a href="#[8f]">&gt;&gt;</a>&nbsp;&nbsp;&nbsp;CmdResp1Error
</UL>
<BR>[Called By]<UL><LI><a href="#[cd]">&gt;&gt;</a>&nbsp;&nbsp;&nbsp;SD_ReadDisk
</UL>

<P><STRONG><a name="[c3]"></a>SD_SelectDeselect</STRONG> (Thumb, 42 bytes, Stack size 8 bytes, sdio_sdcard.o(i.SD_SelectDeselect))
<BR><BR>[Stack]<UL><LI>Max Depth = 24<LI>Call Chain = SD_SelectDeselect &rArr; CmdResp1Error
</UL>
<BR>[Calls]<UL><LI><a href="#[9f]">&gt;&gt;</a>&nbsp;&nbsp;&nbsp;SDIO_SendCommand
<LI><a href="#[8f]">&gt;&gt;</a>&nbsp;&nbsp;&nbsp;CmdResp1Error
</UL>
<BR>[Called By]<UL><LI><a href="#[bb]">&gt;&gt;</a>&nbsp;&nbsp;&nbsp;SD_Init
</UL>

<P><STRONG><a name="[c5]"></a>SD_SetDeviceMode</STRONG> (Thumb, 20 bytes, Stack size 0 bytes, sdio_sdcard.o(i.SD_SetDeviceMode))
<BR><BR>[Called By]<UL><LI><a href="#[bb]">&gt;&gt;</a>&nbsp;&nbsp;&nbsp;SD_Init
</UL>

<P><STRONG><a name="[d0]"></a>SD_WriteBlock</STRONG> (Thumb, 862 bytes, Stack size 80 bytes, sdio_sdcard.o(i.SD_WriteBlock))
<BR><BR>[Stack]<UL><LI>Max Depth = 192<LI>Call Chain = SD_WriteBlock &rArr; SD_Init &rArr; SD_EnableWideBusOperation &rArr; SDEnWideBus &rArr; FindSCR &rArr; CmdResp1Error
</UL>
<BR>[Calls]<UL><LI><a href="#[cc]">&gt;&gt;</a>&nbsp;&nbsp;&nbsp;INTX_ENABLE
<LI><a href="#[cb]">&gt;&gt;</a>&nbsp;&nbsp;&nbsp;INTX_DISABLE
<LI><a href="#[9f]">&gt;&gt;</a>&nbsp;&nbsp;&nbsp;SDIO_SendCommand
<LI><a href="#[8d]">&gt;&gt;</a>&nbsp;&nbsp;&nbsp;SDIO_GetFlagStatus
<LI><a href="#[a0]">&gt;&gt;</a>&nbsp;&nbsp;&nbsp;SDIO_DataConfig
<LI><a href="#[8e]">&gt;&gt;</a>&nbsp;&nbsp;&nbsp;SDIO_ClearFlag
<LI><a href="#[bb]">&gt;&gt;</a>&nbsp;&nbsp;&nbsp;SD_Init
<LI><a href="#[ca]">&gt;&gt;</a>&nbsp;&nbsp;&nbsp;convert_from_bytes_to_power_of_two
<LI><a href="#[b6]">&gt;&gt;</a>&nbsp;&nbsp;&nbsp;SD_DMA_Config
<LI><a href="#[a3]">&gt;&gt;</a>&nbsp;&nbsp;&nbsp;IsCardProgramming
<LI><a href="#[8f]">&gt;&gt;</a>&nbsp;&nbsp;&nbsp;CmdResp1Error
</UL>
<BR>[Called By]<UL><LI><a href="#[d1]">&gt;&gt;</a>&nbsp;&nbsp;&nbsp;SD_WriteDisk
</UL>

<P><STRONG><a name="[d1]"></a>SD_WriteDisk</STRONG> (Thumb, 152 bytes, Stack size 48 bytes, sdio_sdcard.o(i.SD_WriteDisk))
<BR><BR>[Stack]<UL><LI>Max Depth = 240<LI>Call Chain = SD_WriteDisk &rArr; SD_WriteBlock &rArr; SD_Init &rArr; SD_EnableWideBusOperation &rArr; SDEnWideBus &rArr; FindSCR &rArr; CmdResp1Error
</UL>
<BR>[Calls]<UL><LI><a href="#[d2]">&gt;&gt;</a>&nbsp;&nbsp;&nbsp;SD_WriteMultiBlocks
<LI><a href="#[d0]">&gt;&gt;</a>&nbsp;&nbsp;&nbsp;SD_WriteBlock
<LI><a href="#[ce]">&gt;&gt;</a>&nbsp;&nbsp;&nbsp;__aeabi_memcpy
</UL>
<BR>[Called By]<UL><LI><a href="#[5f]">&gt;&gt;</a>&nbsp;&nbsp;&nbsp;vTaskTask1
</UL>

<P><STRONG><a name="[d2]"></a>SD_WriteMultiBlocks</STRONG> (Thumb, 934 bytes, Stack size 72 bytes, sdio_sdcard.o(i.SD_WriteMultiBlocks))
<BR><BR>[Stack]<UL><LI>Max Depth = 184<LI>Call Chain = SD_WriteMultiBlocks &rArr; SD_Init &rArr; SD_EnableWideBusOperation &rArr; SDEnWideBus &rArr; FindSCR &rArr; CmdResp1Error
</UL>
<BR>[Calls]<UL><LI><a href="#[cc]">&gt;&gt;</a>&nbsp;&nbsp;&nbsp;INTX_ENABLE
<LI><a href="#[cb]">&gt;&gt;</a>&nbsp;&nbsp;&nbsp;INTX_DISABLE
<LI><a href="#[9f]">&gt;&gt;</a>&nbsp;&nbsp;&nbsp;SDIO_SendCommand
<LI><a href="#[8d]">&gt;&gt;</a>&nbsp;&nbsp;&nbsp;SDIO_GetFlagStatus
[...]
</UL>
<BR>[Calls]<UL><LI><a href="#[148]">&gt;&gt;</a>&nbsp;&nbsp;&nbsp;vApplicationTickHook
<LI><a href="#[157]">&gt;&gt;</a>&nbsp;&nbsp;&nbsp;prvResetNextTaskUnblockTime
<LI><a href="#[122]">&gt;&gt;</a>&nbsp;&nbsp;&nbsp;vListInsertEnd
<LI><a href="#[121]">&gt;&gt;</a>&nbsp;&nbsp;&nbsp;uxListRemove
</UL>
<BR>[Called By]<UL><LI><a href="#[9]">&gt;&gt;</a>&nbsp;&nbsp;&nbsp;SysTick_Handler
<LI><a href="#[128]">&gt;&gt;</a>&nbsp;&nbsp;&nbsp;xTaskResumeAll
</UL>

<P><STRONG><a name="[137]"></a>xTaskRemoveFromEventList</STRONG> (Thumb, 128 bytes, Stack size 16 bytes, tasks.o(i.xTaskRemoveFromEventList))
<BR><BR>[Stack]<UL><LI>Max Depth = 16<LI>Call Chain = xTaskRemoveFromEventList
</UL>
<BR>[Calls]<UL><LI><a href="#[122]">&gt;&gt;</a>&nbsp;&nbsp;&nbsp;vListInsertEnd
<LI><a href="#[121]">&gt;&gt;</a>&nbsp;&nbsp;&nbsp;uxListRemove
</UL>
<BR>[Called By]<UL><LI><a href="#[12e]">&gt;&gt;</a>&nbsp;&nbsp;&nbsp;xQueueGenericReset
<LI><a href="#[10a]">&gt;&gt;</a>&nbsp;&nbsp;&nbsp;xQueueGenericReceive
<LI><a href="#[136]">&gt;&gt;</a>&nbsp;&nbsp;&nbsp;prvUnlockQueue
<LI><a href="#[88]">&gt;&gt;</a>&nbsp;&nbsp;&nbsp;xQueueGenericSendFromISR
</UL>

<P><STRONG><a name="[128]"></a>xTaskResumeAll</STRONG> (Thumb, 224 bytes, Stack size 16 bytes, tasks.o(i.xTaskResumeAll))
<BR><BR>[Stack]<UL><LI>Max Depth = 72<LI>Call Chain = xTaskResumeAll &rArr; xTaskIncrementTick &rArr; vApplicationTickHook &rArr; TimeDispatch
</UL>
<BR>[Calls]<UL><LI><a href="#[89]">&gt;&gt;</a>&nbsp;&nbsp;&nbsp;vPortExitCritical
<LI><a href="#[86]">&gt;&gt;</a>&nbsp;&nbsp;&nbsp;vPortEnterCritical
<LI><a href="#[d6]">&gt;&gt;</a>&nbsp;&nbsp;&nbsp;xTaskIncrementTick
<LI><a href="#[157]">&gt;&gt;</a>&nbsp;&nbsp;&nbsp;prvResetNextTaskUnblockTime
<LI><a href="#[122]">&gt;&gt;</a>&nbsp;&nbsp;&nbsp;vListInsertEnd
<LI><a href="#[121]">&gt;&gt;</a>&nbsp;&nbsp;&nbsp;uxListRemove
</UL>
<BR>[Called By]<UL><LI><a href="#[109]">&gt;&gt;</a>&nbsp;&nbsp;&nbsp;vTaskDelay
<LI><a href="#[135]">&gt;&gt;</a>&nbsp;&nbsp;&nbsp;vTaskGetInfo
<LI><a href="#[146]">&gt;&gt;</a>&nbsp;&nbsp;&nbsp;uxTaskGetSystemState
<LI><a href="#[126]">&gt;&gt;</a>&nbsp;&nbsp;&nbsp;prvCheckTasksWaitingTermination
<LI><a href="#[10a]">&gt;&gt;</a>&nbsp;&nbsp;&nbsp;xQueueGenericReceive
<LI><a href="#[12c]">&gt;&gt;</a>&nbsp;&nbsp;&nbsp;vPortFree
<LI><a href="#[13c]">&gt;&gt;</a>&nbsp;&nbsp;&nbsp;pvPortMalloc
</UL>
<P>
<H3>
Local Symbols
</H3>
<P><STRONG><a name="[81]"></a>AppTaskCreate</STRONG> (Thumb, 102 bytes, Stack size 16 bytes, main.o(i.AppTaskCreate))
<BR><BR>[Stack]<UL><LI>Max Depth = 200<LI>Call Chain = AppTaskCreate &rArr; canopen_init &rArr; xTaskCreate &rArr; pvPortMalloc &rArr; xTaskResumeAll &rArr; xTaskIncrementTick &rArr; vApplicationTickHook &rArr; TimeDispatch
</UL>
<BR>[Calls]<UL><LI><a href="#[82]">&gt;&gt;</a>&nbsp;&nbsp;&nbsp;xTaskCreate
<LI><a href="#[84]">&gt;&gt;</a>&nbsp;&nbsp;&nbsp;initTimer
<LI><a href="#[83]">&gt;&gt;</a>&nbsp;&nbsp;&nbsp;canopen_init
<LI><a href="#[85]">&gt;&gt;</a>&nbsp;&nbsp;&nbsp;canInit
</UL>
<BR>[Called By]<UL><LI><a href="#[5c]">&gt;&gt;</a>&nbsp;&nbsp;&nbsp;main
</UL>

<P><STRONG><a name="[5f]"></a>vTaskTask1</STRONG> (Thumb, 190 bytes, Stack size 1016 bytes, main.o(i.vTaskTask1))
<BR><BR>[Stack]<UL><LI>Max Depth = 1256<LI>Call Chain = vTaskTask1 &rArr; SD_WriteDisk &rArr; SD_WriteBlock &rArr; SD_Init &rArr; SD_EnableWideBusOperation &rArr; SDEnWideBus &rArr; FindSCR &rArr; CmdResp1Error
</UL>
<BR>[Calls]<UL><LI><a href="#[14e]">&gt;&gt;</a>&nbsp;&nbsp;&nbsp;vTaskList
<LI><a href="#[14c]">&gt;&gt;</a>&nbsp;&nbsp;&nbsp;vTaskGetRunTimeStats
<LI><a href="#[109]">&gt;&gt;</a>&nbsp;&nbsp;&nbsp;vTaskDelay
<LI><a href="#[89]">&gt;&gt;</a>&nbsp;&nbsp;&nbsp;vPortExitCritical
<LI><a href="#[86]">&gt;&gt;</a>&nbsp;&nbsp;&nbsp;vPortEnterCritical
<LI><a href="#[151]">&gt;&gt;</a>&nbsp;&nbsp;&nbsp;bsp_GetKey
<LI><a href="#[d1]">&gt;&gt;</a>&nbsp;&nbsp;&nbsp;SD_WriteDisk
<LI><a href="#[cd]">&gt;&gt;</a>&nbsp;&nbsp;&nbsp;SD_ReadDisk
<LI><a href="#[108]">&gt;&gt;</a>&nbsp;&nbsp;&nbsp;__2printf
</UL>
<BR>[Address Reference Count : 1]<UL><LI> main.o(i.AppTaskCreate)
</UL>
<P><STRONG><a name="[60]"></a>vTaskTask2</STRONG> (Thumb, 36 bytes, Stack size 0 bytes, main.o(i.vTaskTask2))
<BR><BR>[Stack]<UL><LI>Max Depth = 88<LI>Call Chain = vTaskTask2 &rArr; vTaskDelay &rArr; xTaskResumeAll &rArr; xTaskIncrementTick &rArr; vApplicationTickHook &rArr; TimeDispatch
</UL>
<BR>[Calls]<UL><LI><a href="#[109]">&gt;&gt;</a>&nbsp;&nbsp;&nbsp;vTaskDelay
<LI><a href="#[89]">&gt;&gt;</a>&nbsp;&nbsp;&nbsp;vPortExitCritical
<LI><a href="#[86]">&gt;&gt;</a>&nbsp;&nbsp;&nbsp;vPortEnterCritical
</UL>
<BR>[Address Reference Count : 1]<UL><LI> main.o(i.AppTaskCreate)
</UL>
<P><STRONG><a name="[61]"></a>vTaskTask3</STRONG> (Thumb, 36 bytes, Stack size 0 bytes, main.o(i.vTaskTask3))
<BR><BR>[Stack]<UL><LI>Max Depth = 88<LI>Call Chain = vTaskTask3 &rArr; vTaskDelay &rArr; xTaskResumeAll &rArr; xTaskIncrementTick &rArr; vApplicationTickHook &rArr; TimeDispatch
</UL>
<BR>[Calls]<UL><LI><a href="#[109]">&gt;&gt;</a>&nbsp;&nbsp;&nbsp;vTaskDelay
<LI><a href="#[89]">&gt;&gt;</a>&nbsp;&nbsp;&nbsp;vPortExitCritical
<LI><a href="#[86]">&gt;&gt;</a>&nbsp;&nbsp;&nbsp;vPortEnterCritical
</UL>
<BR>[Address Reference Count : 1]<UL><LI> main.o(i.AppTaskCreate)
</UL>
<P><STRONG><a name="[62]"></a>vTaskTask4</STRONG> (Thumb, 14 bytes, Stack size 0 bytes, main.o(i.vTaskTask4))
<BR><BR>[Stack]<UL><LI>Max Depth = 88<LI>Call Chain = vTaskTask4 &rArr; vTaskDelay &rArr; xTaskResumeAll &rArr; xTaskIncrementTick &rArr; vApplicationTickHook &rArr; TimeDispatch
</UL>
<BR>[Calls]<UL><LI><a href="#[109]">&gt;&gt;</a>&nbsp;&nbsp;&nbsp;vTaskDelay
<LI><a href="#[f7]">&gt;&gt;</a>&nbsp;&nbsp;&nbsp;bsp_KeyScan
</UL>
<BR>[Address Reference Count : 1]<UL><LI> main.o(i.AppTaskCreate)
</UL>
<P><STRONG><a name="[d7]"></a>SetSysClock</STRONG> (Thumb, 220 bytes, Stack size 12 bytes, system_stm32f4xx.o(i.SetSysClock))
<BR><BR>[Stack]<UL><LI>Max Depth = 12<LI>Call Chain = SetSysClock
</UL>
<BR>[Called By]<UL><LI><a href="#[5d]">&gt;&gt;</a>&nbsp;&nbsp;&nbsp;SystemInit
</UL>

<P><STRONG><a name="[12a]"></a>prvCopyDataFromQueue</STRONG> (Thumb, 42 bytes, Stack size 16 bytes, queue.o(i.prvCopyDataFromQueue))
<BR><BR>[Stack]<UL><LI>Max Depth = 16<LI>Call Chain = prvCopyDataFromQueue
</UL>
<BR>[Calls]<UL><LI><a href="#[ce]">&gt;&gt;</a>&nbsp;&nbsp;&nbsp;__aeabi_memcpy
</UL>
<BR>[Called By]<UL><LI><a href="#[10a]">&gt;&gt;</a>&nbsp;&nbsp;&nbsp;xQueueGenericReceive
</UL>

<P><STRONG><a name="[12b]"></a>prvCopyDataToQueue</STRONG> (Thumb, 106 bytes, Stack size 24 bytes, queue.o(i.prvCopyDataToQueue))
<BR><BR>[Stack]<UL><LI>Max Depth = 24<LI>Call Chain = prvCopyDataToQueue
</UL>
<BR>[Calls]<UL><LI><a href="#[ce]">&gt;&gt;</a>&nbsp;&nbsp;&nbsp;__aeabi_memcpy
</UL>
<BR>[Called By]<UL><LI><a href="#[88]">&gt;&gt;</a>&nbsp;&nbsp;&nbsp;xQueueGenericSendFromISR
</UL>

<P><STRONG><a name="[12d]"></a>prvInitialiseNewQueue</STRONG> (Thumb, 42 bytes, Stack size 24 bytes, queue.o(i.prvInitialiseNewQueue))
<BR><BR>[Stack]<UL><LI>Max Depth = 56<LI>Call Chain = prvInitialiseNewQueue &rArr; xQueueGenericReset &rArr; xTaskRemoveFromEventList
</UL>
<BR>[Calls]<UL><LI><a href="#[12e]">&gt;&gt;</a>&nbsp;&nbsp;&nbsp;xQueueGenericReset
</UL>
<BR>[Called By]<UL><LI><a href="#[107]">&gt;&gt;</a>&nbsp;&nbsp;&nbsp;xQueueGenericCreate
</UL>

<P><STRONG><a name="[133]"></a>prvIsQueueEmpty</STRONG> (Thumb, 26 bytes, Stack size 16 bytes, queue.o(i.prvIsQueueEmpty))
<BR><BR>[Stack]<UL><LI>Max Depth = 16<LI>Call Chain = prvIsQueueEmpty
</UL>
<BR>[Calls]<UL><LI><a href="#[89]">&gt;&gt;</a>&nbsp;&nbsp;&nbsp;vPortExitCritical
<LI><a href="#[86]">&gt;&gt;</a>&nbsp;&nbsp;&nbsp;vPortEnterCritical
</UL>
<BR>[Called By]<UL><LI><a href="#[10a]">&gt;&gt;</a>&nbsp;&nbsp;&nbsp;xQueueGenericReceive
</UL>

<P><STRONG><a name="[136]"></a>prvUnlockQueue</STRONG> (Thumb, 126 bytes, Stack size 16 bytes, queue.o(i.prvUnlockQueue))
<BR><BR>[Stack]<UL><LI>Max Depth = 32<LI>Call Chain = prvUnlockQueue &rArr; xTaskRemoveFromEventList
</UL>
<BR>[Calls]<UL><LI><a href="#[89]">&gt;&gt;</a>&nbsp;&nbsp;&nbsp;vPortExitCritical
<LI><a href="#[86]">&gt;&gt;</a>&nbsp;&nbsp;&nbsp;vPortEnterCritical
<LI><a href="#[137]">&gt;&gt;</a>&nbsp;&nbsp;&nbsp;xTaskRemoveFromEventList
<LI><a href="#[138]">&gt;&gt;</a>&nbsp;&nbsp;&nbsp;vTaskMissedYield
</UL>
<BR>[Called By]<UL><LI><a href="#[10a]">&gt;&gt;</a>&nbsp;&nbsp;&nbsp;xQueueGenericReceive
</UL>

<P><STRONG><a name="[120]"></a>prvAddCurrentTaskToDelayedList</STRONG> (Thumb, 124 bytes, Stack size 24 bytes, tasks.o(i.prvAddCurrentTaskToDelayedList))
<BR><BR>[Stack]<UL><LI>Max Depth = 32<LI>Call Chain = prvAddCurrentTaskToDelayedList &rArr; vListInsert
</UL>
<BR>[Calls]<UL><LI><a href="#[122]">&gt;&gt;</a>&nbsp;&nbsp;&nbsp;vListInsertEnd
<LI><a href="#[123]">&gt;&gt;</a>&nbsp;&nbsp;&nbsp;vListInsert
<LI><a href="#[121]">&gt;&gt;</a>&nbsp;&nbsp;&nbsp;uxListRemove
</UL>
<BR>[Called By]<UL><LI><a href="#[109]">&gt;&gt;</a>&nbsp;&nbsp;&nbsp;vTaskDelay
<LI><a href="#[14f]">&gt;&gt;</a>&nbsp;&nbsp;&nbsp;vTaskPlaceOnEventList
</UL>

<P><STRONG><a name="[124]"></a>prvAddNewTaskToReadyList</STRONG> (Thumb, 156 bytes, Stack size 8 bytes, tasks.o(i.prvAddNewTaskToReadyList))
<BR><BR>[Stack]<UL><LI>Max Depth = 16<LI>Call Chain = prvAddNewTaskToReadyList &rArr; prvInitialiseTaskLists
</UL>
<BR>[Calls]<UL><LI><a href="#[89]">&gt;&gt;</a>&nbsp;&nbsp;&nbsp;vPortExitCritical
<LI><a href="#[86]">&gt;&gt;</a>&nbsp;&nbsp;&nbsp;vPortEnterCritical
<LI><a href="#[125]">&gt;&gt;</a>&nbsp;&nbsp;&nbsp;prvInitialiseTaskLists
<LI><a href="#[122]">&gt;&gt;</a>&nbsp;&nbsp;&nbsp;vListInsertEnd
</UL>
<BR>[Called By]<UL><LI><a href="#[82]">&gt;&gt;</a>&nbsp;&nbsp;&nbsp;xTaskCreate
</UL>

<P><STRONG><a name="[126]"></a>prvCheckTasksWaitingTermination</STRONG> (Thumb, 86 bytes, Stack size 16 bytes, tasks.o(i.prvCheckTasksWaitingTermination))
<BR><BR>[Stack]<UL><LI>Max Depth = 112<LI>Call Chain = prvCheckTasksWaitingTermination &rArr; prvDeleteTCB &rArr; vPortFree &rArr; xTaskResumeAll &rArr; xTaskIncrementTick &rArr; vApplicationTickHook &rArr; TimeDispatch
</UL>
<BR>[Calls]<UL><LI><a href="#[89]">&gt;&gt;</a>&nbsp;&nbsp;&nbsp;vPortExitCritical
<LI><a href="#[86]">&gt;&gt;</a>&nbsp;&nbsp;&nbsp;vPortEnterCritical
<LI><a href="#[129]">&gt;&gt;</a>&nbsp;&nbsp;&nbsp;prvDeleteTCB
<LI><a href="#[121]">&gt;&gt;</a>&nbsp;&nbsp;&nbsp;uxListRemove
<LI><a href="#[128]">&gt;&gt;</a>&nbsp;&nbsp;&nbsp;xTaskResumeAll
<LI><a href="#[127]">&gt;&gt;</a>&nbsp;&nbsp;&nbsp;vTaskSuspendAll
</UL>
<BR>[Called By]<UL><LI><a href="#[76]">&gt;&gt;</a>&nbsp;&nbsp;&nbsp;prvIdleTask
</UL>

<P><STRONG><a name="[129]"></a>prvDeleteTCB</STRONG> (Thumb, 18 bytes, Stack size 8 bytes, tasks.o(i.prvDeleteTCB))
<BR><BR>[Stack]<UL><LI>Max Depth = 96<LI>Call Chain = prvDeleteTCB &rArr; vPortFree &rArr; xTaskResumeAll &rArr; xTaskIncrementTick &rArr; vApplicationTickHook &rArr; TimeDispatch
</UL>
<BR>[Calls]<UL><LI><a href="#[12c]">&gt;&gt;</a>&nbsp;&nbsp;&nbsp;vPortFree
</UL>
<BR>[Called By]<UL><LI><a href="#[126]">&gt;&gt;</a>&nbsp;&nbsp;&nbsp;prvCheckTasksWaitingTermination
</UL>

<P><STRONG><a name="[76]"></a>prvIdleTask</STRONG> (Thumb, 32 bytes, Stack size 0 bytes, tasks.o(i.prvIdleTask))
<BR><BR>[Stack]<UL><LI>Max Depth = 112<LI>Call Chain = prvIdleTask &rArr; prvCheckTasksWaitingTermination &rArr; prvDeleteTCB &rArr; vPortFree &rArr; xTaskResumeAll &rArr; xTaskIncrementTick &rArr; vApplicationTickHook &rArr; TimeDispatch
</UL>
<BR>[Calls]<UL><LI><a href="#[126]">&gt;&gt;</a>&nbsp;&nbsp;&nbsp;prvCheckTasksWaitingTermination
</UL>
<BR>[Address Reference Count : 1]<UL><LI> tasks.o(i.vTaskStartScheduler)
</UL>
<P><STRONG><a name="[12f]"></a>prvInitialiseNewTask</STRONG> (Thumb, 180 bytes, Stack size 40 bytes, tasks.o(i.prvInitialiseNewTask))
<BR><BR>[Stack]<UL><LI>Max Depth = 40<LI>Call Chain = prvInitialiseNewTask
</UL>
<BR>[Calls]<UL><LI><a href="#[131]">&gt;&gt;</a>&nbsp;&nbsp;&nbsp;pxPortInitialiseStack
<LI><a href="#[130]">&gt;&gt;</a>&nbsp;&nbsp;&nbsp;vListInitialiseItem
<LI><a href="#[7b]">&gt;&gt;</a>&nbsp;&nbsp;&nbsp;__aeabi_memset
</UL>
<BR>[Called By]<UL><LI><a href="#[82]">&gt;&gt;</a>&nbsp;&nbsp;&nbsp;xTaskCreate
</UL>

<P><STRONG><a name="[125]"></a>prvInitialiseTaskLists</STRONG> (Thumb, 70 bytes, Stack size 8 bytes, tasks.o(i.prvInitialiseTaskLists))
<BR><BR>[Stack]<UL><LI>Max Depth = 8<LI>Call Chain = prvInitialiseTaskLists
</UL>
<BR>[Calls]<UL><LI><a href="#[132]">&gt;&gt;</a>&nbsp;&nbsp;&nbsp;vListInitialise
</UL>
<BR>[Called By]<UL><LI><a href="#[124]">&gt;&gt;</a>&nbsp;&nbsp;&nbsp;prvAddNewTaskToReadyList
</UL>

<P><STRONG><a name="[134]"></a>prvListTasksWithinSingleList</STRONG> (Thumb, 106 bytes, Stack size 32 bytes, tasks.o(i.prvListTasksWithinSingleList))
<BR><BR>[Stack]<UL><LI>Max Depth = 128<LI>Call Chain = prvListTasksWithinSingleList &rArr; vTaskGetInfo &rArr; xTaskResumeAll &rArr; xTaskIncrementTick &rArr; vApplicationTickHook &rArr; TimeDispatch
</UL>
<BR>[Calls]<UL><LI><a href="#[135]">&gt;&gt;</a>&nbsp;&nbsp;&nbsp;vTaskGetInfo
</UL>
<BR>[Called By]<UL><LI><a href="#[146]">&gt;&gt;</a>&nbsp;&nbsp;&nbsp;uxTaskGetSystemState
</UL>

<P><STRONG><a name="[157]"></a>prvResetNextTaskUnblockTime</STRONG> (Thumb, 42 bytes, Stack size 0 bytes, tasks.o(i.prvResetNextTaskUnblockTime))
<BR><BR>[Called By]<UL><LI><a href="#[d6]">&gt;&gt;</a>&nbsp;&nbsp;&nbsp;xTaskIncrementTick
<LI><a href="#[128]">&gt;&gt;</a>&nbsp;&nbsp;&nbsp;xTaskResumeAll
</UL>

<P><STRONG><a name="[14b]"></a>prvTaskCheckFreeStackSpace</STRONG> (Thumb, 22 bytes, Stack size 0 bytes, tasks.o(i.prvTaskCheckFreeStackSpace))
<BR><BR>[Called By]<UL><LI><a href="#[135]">&gt;&gt;</a>&nbsp;&nbsp;&nbsp;vTaskGetInfo
</UL>

<P><STRONG><a name="[139]"></a>prvWriteNameToBuffer</STRONG> (Thumb, 42 bytes, Stack size 16 bytes, tasks.o(i.prvWriteNameToBuffer))
<BR><BR>[Stack]<UL><LI>Max Depth = 16<LI>Call Chain = prvWriteNameToBuffer
</UL>
<BR>[Calls]<UL><LI><a href="#[13a]">&gt;&gt;</a>&nbsp;&nbsp;&nbsp;strcpy
<LI><a href="#[13b]">&gt;&gt;</a>&nbsp;&nbsp;&nbsp;strlen
</UL>
<BR>[Called By]<UL><LI><a href="#[14e]">&gt;&gt;</a>&nbsp;&nbsp;&nbsp;vTaskList
<LI><a href="#[14c]">&gt;&gt;</a>&nbsp;&nbsp;&nbsp;vTaskGetRunTimeStats
</UL>

<P><STRONG><a name="[13d]"></a>prvHeapInit</STRONG> (Thumb, 98 bytes, Stack size 12 bytes, heap_4.o(i.prvHeapInit))
<BR><BR>[Stack]<UL><LI>Max Depth = 12<LI>Call Chain = prvHeapInit
</UL>
<BR>[Called By]<UL><LI><a href="#[13c]">&gt;&gt;</a>&nbsp;&nbsp;&nbsp;pvPortMalloc
</UL>

<P><STRONG><a name="[13e]"></a>prvInsertBlockIntoFreeList</STRONG> (Thumb, 96 bytes, Stack size 8 bytes, heap_4.o(i.prvInsertBlockIntoFreeList))
<BR><BR>[Stack]<UL><LI>Max Depth = 8<LI>Call Chain = prvInsertBlockIntoFreeList
</UL>
<BR>[Called By]<UL><LI><a href="#[12c]">&gt;&gt;</a>&nbsp;&nbsp;&nbsp;vPortFree
<LI><a href="#[13c]">&gt;&gt;</a>&nbsp;&nbsp;&nbsp;pvPortMalloc
</UL>

<P><STRONG><a name="[71]"></a>prvTaskExitError</STRONG> (Thumb, 60 bytes, Stack size 0 bytes, port.o(i.prvTaskExitError))
<BR>[Address Reference Count : 1]<UL><LI> port.o(i.pxPortInitialiseStack)
</UL>
<P><STRONG><a name="[f4]"></a>show_sdcard_info</STRONG> (Thumb, 68 bytes, Stack size 8 bytes, bsp.o(i.show_sdcard_info))
<BR><BR>[Stack]<UL><LI>Max Depth = 32<LI>Call Chain = show_sdcard_info &rArr; __2printf
</UL>
<BR>[Calls]<UL><LI><a href="#[108]">&gt;&gt;</a>&nbsp;&nbsp;&nbsp;__2printf
</UL>
<BR>[Called By]<UL><LI><a href="#[ef]">&gt;&gt;</a>&nbsp;&nbsp;&nbsp;bsp_Init
</UL>

<P><STRONG><a name="[97]"></a>DMA_Config</STRONG> (Thumb, 224 bytes, Stack size 72 bytes, usartdma.o(i.DMA_Config))
<BR><BR>[Stack]<UL><LI>Max Depth = 88<LI>Call Chain = DMA_Config &rArr; NVIC_Init
</UL>
<BR>[Calls]<UL><LI><a href="#[9b]">&gt;&gt;</a>&nbsp;&nbsp;&nbsp;NVIC_Init
<LI><a href="#[9a]">&gt;&gt;</a>&nbsp;&nbsp;&nbsp;DMA_Init
<LI><a href="#[9c]">&gt;&gt;</a>&nbsp;&nbsp;&nbsp;DMA_ITConfig
<LI><a href="#[99]">&gt;&gt;</a>&nbsp;&nbsp;&nbsp;DMA_DeInit
<LI><a href="#[9d]">&gt;&gt;</a>&nbsp;&nbsp;&nbsp;DMA_ClearFlag
<LI><a href="#[98]">&gt;&gt;</a>&nbsp;&nbsp;&nbsp;RCC_AHB1PeriphClockCmd
</UL>
<BR>[Called By]<UL><LI><a href="#[de]">&gt;&gt;</a>&nbsp;&nbsp;&nbsp;USARTDMA_Config
</UL>

<P><STRONG><a name="[dc]"></a>Handle_FIFO</STRONG> (Thumb, 144 bytes, Stack size 0 bytes, usartdma.o(i.Handle_FIFO))
<BR><BR>[Called By]<UL><LI><a href="#[2f]">&gt;&gt;</a>&nbsp;&nbsp;&nbsp;USART1_IRQHandler
</UL>

<P><STRONG><a name="[67]"></a>IsKeyDown0</STRONG> (Thumb, 18 bytes, Stack size 0 bytes, bsp_key.o(i.IsKeyDown0))
<BR>[Address Reference Count : 1]<UL><LI> bsp_key.o(i.bsp_InitKeyVar)
</UL>
<P><STRONG><a name="[68]"></a>IsKeyDown1</STRONG> (Thumb, 18 bytes, Stack size 0 bytes, bsp_key.o(i.IsKeyDown1))
<BR>[Address Reference Count : 1]<UL><LI> bsp_key.o(i.bsp_InitKeyVar)
</UL>
<P><STRONG><a name="[69]"></a>IsKeyDownWU</STRONG> (Thumb, 18 bytes, Stack size 0 bytes, bsp_key.o(i.IsKeyDownWU))
<BR>[Address Reference Count : 1]<UL><LI> bsp_key.o(i.bsp_InitKeyVar)
</UL>
<P><STRONG><a name="[ed]"></a>bsp_DetectKey</STRONG> (Thumb, 198 bytes, Stack size 16 bytes, bsp_key.o(i.bsp_DetectKey))
<BR><BR>[Stack]<UL><LI>Max Depth = 16<LI>Call Chain = bsp_DetectKey
</UL>
<BR>[Calls]<UL><LI><a href="#[ee]">&gt;&gt;</a>&nbsp;&nbsp;&nbsp;bsp_PutKey
</UL>
<BR>[Called By]<UL><LI><a href="#[f7]">&gt;&gt;</a>&nbsp;&nbsp;&nbsp;bsp_KeyScan
</UL>

<P><STRONG><a name="[f6]"></a>bsp_InitKeyHard</STRONG> (Thumb, 76 bytes, Stack size 16 bytes, bsp_key.o(i.bsp_InitKeyHard))
<BR><BR>[Stack]<UL><LI>Max Depth = 36<LI>Call Chain = bsp_InitKeyHard &rArr; GPIO_Init
</UL>
<BR>[Calls]<UL><LI><a href="#[a5]">&gt;&gt;</a>&nbsp;&nbsp;&nbsp;GPIO_Init
<LI><a href="#[98]">&gt;&gt;</a>&nbsp;&nbsp;&nbsp;RCC_AHB1PeriphClockCmd
</UL>
<BR>[Called By]<UL><LI><a href="#[f3]">&gt;&gt;</a>&nbsp;&nbsp;&nbsp;bsp_InitKey
</UL>

<P><STRONG><a name="[f5]"></a>bsp_InitKeyVar</STRONG> (Thumb, 94 bytes, Stack size 0 bytes, bsp_key.o(i.bsp_InitKeyVar))
<BR><BR>[Called By]<UL><LI><a href="#[f3]">&gt;&gt;</a>&nbsp;&nbsp;&nbsp;bsp_InitKey
</UL>

<P><STRONG><a name="[6a]"></a>canopen_dataprocess_thread</STRONG> (Thumb, 174 bytes, Stack size 40 bytes, can_thread.o(i.canopen_dataprocess_thread))
<BR><BR>[Stack]<UL><LI>Max Depth = 380<LI>Call Chain = canopen_dataprocess_thread &rArr; canDispatch &rArr; proceedNMTstateChange &rArr; setState &rArr; switchCommunicationState &rArr; PDOInit &rArr; _sendPDOevent &rArr; sendOnePDOevent &rArr; buildPDO &rArr; _getODentry &rArr; accessDictionaryError
</UL>
<BR>[Calls]<UL><LI><a href="#[109]">&gt;&gt;</a>&nbsp;&nbsp;&nbsp;vTaskDelay
<LI><a href="#[10a]">&gt;&gt;</a>&nbsp;&nbsp;&nbsp;xQueueGenericReceive
<LI><a href="#[107]">&gt;&gt;</a>&nbsp;&nbsp;&nbsp;xQueueGenericCreate
<LI><a href="#[f9]">&gt;&gt;</a>&nbsp;&nbsp;&nbsp;canDispatch
<LI><a href="#[108]">&gt;&gt;</a>&nbsp;&nbsp;&nbsp;__2printf
</UL>
<BR>[Address Reference Count : 1]<UL><LI> can_thread.o(i.canopen_init)
</UL>
<P><STRONG><a name="[ec]"></a>sendPdo</STRONG> (Thumb, 44 bytes, Stack size 16 bytes, pdo.o(i.sendPdo))
<BR><BR>[Stack]<UL><LI>Max Depth = 64<LI>Call Chain = sendPdo &rArr; canSend &rArr; CAN_Transmit
</UL>
<BR>[Calls]<UL><LI><a href="#[af]">&gt;&gt;</a>&nbsp;&nbsp;&nbsp;canSend
</UL>
<BR>[Called By]<UL><LI><a href="#[ab]">&gt;&gt;</a>&nbsp;&nbsp;&nbsp;sendOnePDOevent
<LI><a href="#[ad]">&gt;&gt;</a>&nbsp;&nbsp;&nbsp;_sendPDOevent
</UL>

<P><STRONG><a name="[e7]"></a>_printf_core</STRONG> (Thumb, 658 bytes, Stack size 104 bytes, printf5.o(i._printf_core), UNUSED)
<BR><BR>[Calls]<UL><LI><a href="#[7d]">&gt;&gt;</a>&nbsp;&nbsp;&nbsp;__aeabi_uldivmod
</UL>
<BR>[Called By]<UL><LI><a href="#[e8]">&gt;&gt;</a>&nbsp;&nbsp;&nbsp;__0sprintf$5
<LI><a href="#[e6]">&gt;&gt;</a>&nbsp;&nbsp;&nbsp;__0printf$5
</UL>

<P><STRONG><a name="[66]"></a>_sputc</STRONG> (Thumb, 10 bytes, Stack size 0 bytes, printf5.o(i._sputc))
<BR><BR>[Called By]<UL><LI><a href="#[e8]">&gt;&gt;</a>&nbsp;&nbsp;&nbsp;__0sprintf$5
</UL>
<BR>[Address Reference Count : 1]<UL><LI> printf5.o(i.__0sprintf$5)
</UL><P>
<H3>
Undefined Global Symbols
</H3><HR></body></html>
